Component: ARM Compiler 5.06 update 5 (build 528) Tool: armlink [4d35e2]

==============================================================================

Section Cross References

    startup_stm32f407xx.o(STACK) refers (Special) to heapauxi.o(.text) for __use_two_region_memory
    startup_stm32f407xx.o(HEAP) refers (Special) to heapauxi.o(.text) for __use_two_region_memory
    startup_stm32f407xx.o(RESET) refers (Special) to heapauxi.o(.text) for __use_two_region_memory
    startup_stm32f407xx.o(RESET) refers to startup_stm32f407xx.o(STACK) for __initial_sp
    startup_stm32f407xx.o(RESET) refers to startup_stm32f407xx.o(.text) for Reset_Handler
    startup_stm32f407xx.o(RESET) refers to stm32f4xx_it.o(i.NMI_Handler) for NMI_Handler
    startup_stm32f407xx.o(RESET) refers to stm32f4xx_it.o(i.HardFault_Handler) for HardFault_Handler
    startup_stm32f407xx.o(RESET) refers to stm32f4xx_it.o(i.MemManage_Handler) for MemManage_Handler
    startup_stm32f407xx.o(RESET) refers to stm32f4xx_it.o(i.BusFault_Handler) for BusFault_Handler
    startup_stm32f407xx.o(RESET) refers to stm32f4xx_it.o(i.UsageFault_Handler) for UsageFault_Handler
    startup_stm32f407xx.o(RESET) refers to port.o(.emb_text) for SVC_Handler
    startup_stm32f407xx.o(RESET) refers to stm32f4xx_it.o(i.DebugMon_Handler) for DebugMon_Handler
    startup_stm32f407xx.o(RESET) refers to cmsis_os2.o(i.SysTick_Handler) for SysTick_Handler
    startup_stm32f407xx.o(RESET) refers to stm32f4xx_it.o(i.EXTI0_IRQHandler) for EXTI0_IRQHandler
    startup_stm32f407xx.o(RESET) refers to stm32f4xx_it.o(i.EXTI3_IRQHandler) for EXTI3_IRQHandler
    startup_stm32f407xx.o(RESET) refers to stm32f4xx_it.o(i.EXTI4_IRQHandler) for EXTI4_IRQHandler
    startup_stm32f407xx.o(RESET) refers to stm32f4xx_it.o(i.DMA1_Stream1_IRQHandler) for DMA1_Stream1_IRQHandler
    startup_stm32f407xx.o(RESET) refers to stm32f4xx_it.o(i.CAN1_RX0_IRQHandler) for CAN1_RX0_IRQHandler
    startup_stm32f407xx.o(RESET) refers to stm32f4xx_it.o(i.CAN1_RX1_IRQHandler) for CAN1_RX1_IRQHandler
    startup_stm32f407xx.o(RESET) refers to stm32f4xx_it.o(i.EXTI9_5_IRQHandler) for EXTI9_5_IRQHandler
    startup_stm32f407xx.o(RESET) refers to stm32f4xx_it.o(i.TIM2_IRQHandler) for TIM2_IRQHandler
    startup_stm32f407xx.o(RESET) refers to stm32f4xx_it.o(i.USART1_IRQHandler) for USART1_IRQHandler
    startup_stm32f407xx.o(RESET) refers to stm32f4xx_it.o(i.USART3_IRQHandler) for USART3_IRQHandler
    startup_stm32f407xx.o(RESET) refers to stm32f4xx_it.o(i.DMA2_Stream1_IRQHandler) for DMA2_Stream1_IRQHandler
    startup_stm32f407xx.o(RESET) refers to ins_task.o(i.DMA2_Stream2_IRQHandler) for DMA2_Stream2_IRQHandler
    startup_stm32f407xx.o(RESET) refers to stm32f4xx_it.o(i.CAN2_RX0_IRQHandler) for CAN2_RX0_IRQHandler
    startup_stm32f407xx.o(RESET) refers to stm32f4xx_it.o(i.CAN2_RX1_IRQHandler) for CAN2_RX1_IRQHandler
    startup_stm32f407xx.o(RESET) refers to stm32f4xx_it.o(i.DMA2_Stream5_IRQHandler) for DMA2_Stream5_IRQHandler
    startup_stm32f407xx.o(RESET) refers to stm32f4xx_it.o(i.DMA2_Stream6_IRQHandler) for DMA2_Stream6_IRQHandler
    startup_stm32f407xx.o(RESET) refers to stm32f4xx_it.o(i.DMA2_Stream7_IRQHandler) for DMA2_Stream7_IRQHandler
    startup_stm32f407xx.o(RESET) refers to stm32f4xx_it.o(i.USART6_IRQHandler) for USART6_IRQHandler
    startup_stm32f407xx.o(.text) refers (Special) to heapauxi.o(.text) for __use_two_region_memory
    startup_stm32f407xx.o(.text) refers to system_stm32f4xx.o(i.SystemInit) for SystemInit
    startup_stm32f407xx.o(.text) refers to __main.o(!!!main) for __main
    startup_stm32f407xx.o(.text) refers to startup_stm32f407xx.o(HEAP) for Heap_Mem
    startup_stm32f407xx.o(.text) refers to startup_stm32f407xx.o(STACK) for Stack_Mem
    main.o(i.HAL_TIM_PeriodElapsedCallback) refers to stm32f4xx_hal.o(i.HAL_IncTick) for HAL_IncTick
    main.o(i.SystemClock_Config) refers to rt_memclr_w.o(.text) for __aeabi_memclr4
    main.o(i.SystemClock_Config) refers to stm32f4xx_hal_rcc.o(i.HAL_RCC_OscConfig) for HAL_RCC_OscConfig
    main.o(i.SystemClock_Config) refers to stm32f4xx_hal_rcc.o(i.HAL_RCC_ClockConfig) for HAL_RCC_ClockConfig
    main.o(i.main) refers to stm32f4xx_hal.o(i.HAL_Init) for HAL_Init
    main.o(i.main) refers to main.o(i.SystemClock_Config) for SystemClock_Config
    main.o(i.main) refers to gpio.o(i.MX_GPIO_Init) for MX_GPIO_Init
    main.o(i.main) refers to dma.o(i.MX_DMA_Init) for MX_DMA_Init
    main.o(i.main) refers to can.o(i.MX_CAN1_Init) for MX_CAN1_Init
    main.o(i.main) refers to can.o(i.MX_CAN2_Init) for MX_CAN2_Init
    main.o(i.main) refers to spi.o(i.MX_SPI1_Init) for MX_SPI1_Init
    main.o(i.main) refers to i2c.o(i.MX_I2C3_Init) for MX_I2C3_Init
    main.o(i.main) refers to tim.o(i.MX_TIM10_Init) for MX_TIM10_Init
    main.o(i.main) refers to usart.o(i.MX_USART3_UART_Init) for MX_USART3_UART_Init
    main.o(i.main) refers to usart.o(i.MX_USART6_UART_Init) for MX_USART6_UART_Init
[...]
    SBUSHandle                               0x20000020   Data           4  freertos.o(.data)
    RCUpdateHandle                           0x20000024   Data           4  freertos.o(.data)
    DJIMotorCheckHandle                      0x20000028   Data           4  freertos.o(.data)
    ShootingPushRodHandle                    0x2000002c   Data           4  freertos.o(.data)
    ShootingLoadHandle                       0x20000030   Data           4  freertos.o(.data)
    AutoAimHandle                            0x20000034   Data           4  freertos.o(.data)
    RefereeHandle                            0x20000038   Data           4  freertos.o(.data)
    VTHandle                                 0x2000003c   Data           4  freertos.o(.data)
    PlyerUIHandle                            0x20000040   Data           4  freertos.o(.data)
    uwTickFreq                               0x20000048   Data           1  stm32f4xx_hal.o(.data)
    uwTickPrio                               0x2000004c   Data           4  stm32f4xx_hal.o(.data)
    uwTick                                   0x20000050   Data           4  stm32f4xx_hal.o(.data)
    SystemCoreClock                          0x20000054   Data           4  system_stm32f4xx.o(.data)
    pxCurrentTCB                             0x20000058   Data           4  tasks.o(.data)
    Tx                                       0x200000ec   Data           1  dual_board_transmit_task.o(.data)
    BMI088_ACCEL_SEN                         0x200000f4   Data           4  bmi088driver.o(.data)
    BMI088_GYRO_SEN                          0x200000f8   Data           4  bmi088driver.o(.data)
    gyro_update_flag                         0x20000128   Data           1  ins_task.o(.data)
    accel_update_flag                        0x20000129   Data           1  ins_task.o(.data)
    accel_temp_update_flag                   0x2000012a   Data           1  ins_task.o(.data)
    mag_update_flag                          0x2000012b   Data           1  ins_task.o(.data)
    imu_start_dma_flag                       0x2000012c   Data           1  ins_task.o(.data)
    accel_temp_dma_tx_buf                    0x2000012f   Data           4  ins_task.o(.data)
    accel_temp_dma_rx_buf                    0x2000013c   Data           4  ins_task.o(.data)
    IMU_Yaw                                  0x20000140   Data           4  ins_task.o(.data)
    IMU_Pitch                                0x20000144   Data           4  ins_task.o(.data)
    gyro_dma_tx_buf                          0x20000148   Data           8  ins_task.o(.data)
    gyro_dma_rx_buf                          0x20000150   Data           8  ins_task.o(.data)
    accel_dma_tx_buf                         0x20000158   Data           9  ins_task.o(.data)
    gyro_scale_factor                        0x20000164   Data          36  ins_task.o(.data)
    accel_scale_factor                       0x20000188   Data          36  ins_task.o(.data)
    mag_scale_factor                         0x200001ac   Data          36  ins_task.o(.data)
    buzzer_is_busy                           0x200001f8   Data           1  sound_effects_task.o(.data)
    buzzer_control                           0x200001fc   Data           8  sound_effects_task.o(.data)
    Shooting_State_Machine                   0x20000248   Data           6  shooting_hero.o(.data)
    Dual_Board_TranBuffer                    0x20000264   Data        1024  freertos.o(.bss)
    Dual_Board_TranControlBlock              0x20000664   Data          92  freertos.o(.bss)
    ChassisBuffer                            0x200006c0   Data         512  freertos.o(.bss)
    ChassisControlBlock                      0x200008c0   Data          92  freertos.o(.bss)
    GimbalBuffer                             0x2000091c   Data         512  freertos.o(.bss)
    GimbalControlBlock                       0x20000b1c   Data          92  freertos.o(.bss)
    ShootingBuffer                           0x20000b78   Data         512  freertos.o(.bss)
    ShootingControlBlock                     0x20000d78   Data          92  freertos.o(.bss)
    CMDUpdateBuffer                          0x20000dd4   Data         512  freertos.o(.bss)
    CMDUpdateControlBlock                    0x20000fd4   Data          92  freertos.o(.bss)
    SBUSBuffer                               0x20001030   Data         512  freertos.o(.bss)
    SBUSControlBlock                         0x20001230   Data          92  freertos.o(.bss)
    RCUpdateBuffer                           0x2000128c   Data         512  freertos.o(.bss)
    RCUpdateControlBlock                     0x2000148c   Data          92  freertos.o(.bss)
    DJIMotorCheckBuffer                      0x200014e8   Data         512  freertos.o(.bss)
    DJIMotorCheckControlBlock                0x200016e8   Data          92  freertos.o(.bss)
    PushRodBuffer                            0x20001744   Data         512  freertos.o(.bss)
    PushRodControlBlock                      0x20001944   Data          92  freertos.o(.bss)
    ShootingLoadBuffer                       0x200019a0   Data         512  freertos.o(.bss)
    ShootingLoadControlBlock                 0x20001ba0   Data          92  freertos.o(.bss)
    AutoBuffer                               0x20001bfc   Data         512  freertos.o(.bss)
    AutoControlBlock                         0x20001dfc   Data          92  freertos.o(.bss)
    RefereeBuffer                            0x20001e58   Data         512  freertos.o(.bss)
    RefereeControlBlock                      0x20002058   Data          92  freertos.o(.bss)
    VTBuffer                                 0x200020b4   Data         512  freertos.o(.bss)
    VTControlBlock                           0x200022b4   Data          92  freertos.o(.bss)
    PlyerUIBuffer                            0x20002310   Data         512  freertos.o(.bss)
    PlyerUIControlBlock                      0x20002510   Data          92  freertos.o(.bss)
    hcan1                                    0x2000256c   Data          40  can.o(.bss)
    hcan2                                    0x20002594   Data          40  can.o(.bss)
    hi2c3                                    0x200025bc   Data          84  i2c.o(.bss)
    hspi1                                    0x20002610   Data          88  spi.o(.bss)
    hdma_spi1_rx                             0x20002668   Data          96  spi.o(.bss)
    hdma_spi1_tx                             0x200026c8   Data          96  spi.o(.bss)
    htim10                                   0x20002728   Data          72  tim.o(.bss)
    huart1                                   0x20002770   Data          72  usart.o(.bss)
    huart3                                   0x200027b8   Data          72  usart.o(.bss)
    huart6                                   0x20002800   Data          72  usart.o(.bss)
    hdma_usart1_rx                           0x20002848   Data          96  usart.o(.bss)
    hdma_usart1_tx                           0x200028a8   Data          96  usart.o(.bss)
    hdma_usart3_rx                           0x20002908   Data          96  usart.o(.bss)
    hdma_usart6_rx                           0x20002968   Data          96  usart.o(.bss)
    hdma_usart6_tx                           0x200029c8   Data          96  usart.o(.bss)
    htim2                                    0x20002a28   Data          72  stm32f4xx_hal_timebase_tim.o(.bss)
    xQueueRegistry                           0x20002a70   Data          64  queue.o(.bss)
    INS_angle                                0x20007508   Data          12  ins_task.o(.bss)
    accel_dma_rx_buf                         0x20007514   Data           9  ins_task.o(.bss)
    bmi088_real_data                         0x20007520   Data          36  ins_task.o(.bss)
    gyro_offset                              0x20007544   Data          12  ins_task.o(.bss)
    gyro_cali_offset                         0x20007550   Data          12  ins_task.o(.bss)
    accel_offset                             0x2000755c   Data          12  ins_task.o(.bss)
    ist8310_real_data                        0x20007568   Data          16  ins_task.o(.bss)
    mag_offset                               0x20007578   Data          12  ins_task.o(.bss)
    imu_temp_pid                             0x20007584   Data          72  ins_task.o(.bss)
    IMU_DegAngle                             0x200075cc   Data          12  ins_task.o(.bss)
    BoardCRX                                 0x200075ea   Data          20  cmdcenter.o(.bss)
    DJI_MFeedback_CAN1                       0x20007600   Data         160  motorctrl_dji.o(.bss)
    DJI_MFeedback_CAN2                       0x200076a0   Data         160  motorctrl_dji.o(.bss)
    re_htim4                                 0x20007764   Data          72  buzzer_tim_init.o(.bss)
    g_ref_data                               0x200077ac   Data         558  refereeprotocol.o(.bss)
    Chassis_Motor_STOP                       0x20007f44   Data          52  chassis_mecanu.o(.bss)
    Chassis_MotorFL_In                       0x20007f78   Data          52  chassis_mecanu.o(.bss)
    Chassis_MotorFL_Ex                       0x20007fac   Data          52  chassis_mecanu.o(.bss)
    Chassis_MotorFR_In                       0x20007fe0   Data          52  chassis_mecanu.o(.bss)
    Chassis_MotorFR_Ex                       0x20008014   Data          52  chassis_mecanu.o(.bss)
    Chassis_MotorBL_In                       0x20008048   Data          52  chassis_mecanu.o(.bss)
    Chassis_MotorBL_Ex                       0x2000807c   Data          52  chassis_mecanu.o(.bss)
    Chassis_MotorBR_In                       0x200080b0   Data          52  chassis_mecanu.o(.bss)
    Chassis_MotorBR_Ex                       0x200080e4   Data          52  chassis_mecanu.o(.bss)
    Chassis_Follow_PID                       0x20008118   Data          52  chassis_mecanu.o(.bss)
    Dial_Motor_STOP                          0x200081e0   Data          52  shooting_hero.o(.bss)
    Dial_In                                  0x20008214   Data          52  shooting_hero.o(.bss)
    Dial_Ex                                  0x20008248   Data          52  shooting_hero.o(.bss)
    __libspace_start                         0x2000827c   Data          96  libspace.o(.bss)
    __temporary_stack_top$libspace           0x200082dc   Data           0  libspace.o(.bss)



==============================================================================

Memory Map of the image

  Image Entry point : 0x08000189

  Load Region LR_IROM1 (Base: 0x08000000, Size: 0x0000e744, Max: 0x00100000, ABSOLUTE, COMPRESSED[0x0000e550])

    Execution Region ER_IROM1 (Exec base: 0x08000000, Load base: 0x08000000, Size: 0x0000e4e0, Max: 0x00100000, ABSOLUTE)

    Exec Addr    Load Addr    Size         Type   Attr      Idx    E Section Name        Object

    0x08000000   0x08000000   0x00000188   Data   RO            3    RESET               startup_stm32f407xx.o
    0x08000188   0x08000188   0x00000008   Code   RO        10209  * !!!main             c_w.l(__main.o)
    0x08000190   0x08000190   0x00000034   Code   RO        10778    !!!scatter          c_w.l(__scatter.o)
    0x080001c4   0x080001c4   0x0000005a   Code   RO        10776    !!dczerorl2         c_w.l(__dczerorl2.o)
    0x0800021e   0x0800021e   0x00000002   PAD
    0x08000220   0x08000220   0x0000001c   Code   RO        10780    !!handler_zi        c_w.l(__scatter_zi.o)
    0x0800023c   0x0800023c   0x00000002   Code   RO        10577    .ARM.Collect$$libinit$$00000000  c_w.l(libinit.o)
    0x0800023e   0x0800023e   0x00000004   Code   RO        10578    .ARM.Collect$$libinit$$00000001  c_w.l(libinit2.o)
    0x08000242   0x08000242   0x00000000   Code   RO        10581    .ARM.Collect$$libinit$$00000004  c_w.l(libinit2.o)
    0x08000242   0x08000242   0x00000000   Code   RO        10584    .ARM.Collect$$libinit$$0000000A  c_w.l(libinit2.o)
    0x08000242   0x08000242   0x00000000   Code   RO        10586    .ARM.Collect$$libinit$$0000000C  c_w.l(libinit2.o)
    0x08000242   0x08000242   0x00000000   Code   RO        10588    .ARM.Collect$$libinit$$0000000E  c_w.l(libinit2.o)
    0x08000242   0x08000242   0x00000000   Code   RO        10591    .ARM.Collect$$libinit$$00000011  c_w.l(libinit2.o)
    0x08000242   0x08000242   0x00000000   Code   RO        10593    .ARM.Collect$$libinit$$00000013  c_w.l(libinit2.o)
    0x08000242   0x08000242   0x00000000   Code   RO        10595    .ARM.Collect$$libinit$$00000015  c_w.l(libinit2.o)
    0x08000242   0x08000242   0x00000000   Code   RO        10597    .ARM.Collect$$libinit$$00000017  c_w.l(libinit2.o)
    0x08000242   0x08000242   0x00000000   Code   RO        10599    .ARM.Collect$$libinit$$00000019  c_w.l(libinit2.o)
    0x08000242   0x08000242   0x00000000   Code   RO        10601    .ARM.Collect$$libinit$$0000001B  c_w.l(libinit2.o)
    0x08000242   0x08000242   0x00000000   Code   RO        10603    .ARM.Collect$$libinit$$0000001D  c_w.l(libinit2.o)
    0x08000242   0x08000242   0x00000000   Code   RO        10605    .ARM.Collect$$libinit$$0000001F  c_w.l(libinit2.o)
    0x08000242   0x08000242   0x00000000   Code   RO        10607    .ARM.Collect$$libinit$$00000021  c_w.l(libinit2.o)
    0x08000242   0x08000242   0x00000000   Code   RO        10609    .ARM.Collect$$libinit$$00000023  c_w.l(libinit2.o)
    0x08000242   0x08000242   0x00000000   Code   RO        10611    .ARM.Collect$$libinit$$00000025  c_w.l(libinit2.o)
    0x08000242   0x08000242   0x00000000   Code   RO        10615    .ARM.Collect$$libinit$$0000002C  c_w.l(libinit2.o)
    0x08000242   0x08000242   0x00000000   Code   RO        10617    .ARM.Collect$$libinit$$0000002E  c_w.l(libinit2.o)
    0x08000242   0x08000242   0x00000000   Code   RO        10619    .ARM.Collect$$libinit$$00000030  c_w.l(libinit2.o)
    0x08000242   0x08000242   0x00000000   Code   RO        10621    .ARM.Collect$$libinit$$00000032  c_w.l(libinit2.o)
    0x08000242   0x08000242   0x00000002   Code   RO        10622    .ARM.Collect$$libinit$$00000033  c_w.l(libinit2.o)
    0x08000244   0x08000244   0x00000002   Code   RO        10757    .ARM.Collect$$libshutdown$$00000000  c_w.l(libshutdown.o)
    0x08000246   0x08000246   0x00000000   Code   RO        10624    .ARM.Collect$$libshutdown$$00000002  c_w.l(libshutdown2.o)
    0x08000246   0x08000246   0x00000000   Code   RO        10626    .ARM.Collect$$libshutdown$$00000004  c_w.l(libshutdown2.o)
    0x08000246   0x08000246   0x00000000   Code   RO        10629    .ARM.Collect$$libshutdown$$00000007  c_w.l(libshutdown2.o)
    0x08000246   0x08000246   0x00000000   Code   RO        10632    .ARM.Collect$$libshutdown$$0000000A  c_w.l(libshutdown2.o)
    0x08000246   0x08000246   0x00000000   Code   RO        10634    .ARM.Collect$$libshutdown$$0000000C  c_w.l(libshutdown2.o)
    0x08000246   0x08000246   0x00000000   Code   RO        10637    .ARM.Collect$$libshutdown$$0000000F  c_w.l(libshutdown2.o)
    0x08000246   0x08000246   0x00000002   Code   RO        10638    .ARM.Collect$$libshutdown$$00000010  c_w.l(libshutdown2.o)
    0x08000248   0x08000248   0x00000000   Code   RO        10351    .ARM.Collect$$rtentry$$00000000  c_w.l(__rtentry.o)
    0x08000248   0x08000248   0x00000000   Code   RO        10434    .ARM.Collect$$rtentry$$00000002  c_w.l(__rtentry2.o)
    0x08000248   0x08000248   0x00000006   Code   RO        10446    .ARM.Collect$$rtentry$$00000004  c_w.l(__rtentry4.o)
    0x0800024e   0x0800024e   0x00000000   Code   RO        10436    .ARM.Collect$$rtentry$$00000009  c_w.l(__rtentry2.o)
    0x0800024e   0x0800024e   0x00000004   Code   RO        10437    .ARM.Collect$$rtentry$$0000000A  c_w.l(__rtentry2.o)
    0x08000252   0x08000252   0x00000000   Code   RO        10439    .ARM.Collect$$rtentry$$0000000C  c_w.l(__rtentry2.o)
    0x08000252   0x08000252   0x00000008   Code   RO        10440    .ARM.Collect$$rtentry$$0000000D  c_w.l(__rtentry2.o)
    0x0800025a   0x0800025a   0x00000002   Code   RO        10644    .ARM.Collect$$rtexit$$00000000  c_w.l(rtexit.o)
    0x0800025c   0x0800025c   0x00000000   Code   RO        10700    .ARM.Collect$$rtexit$$00000002  c_w.l(rtexit2.o)
    0x0800025c   0x0800025c   0x00000004   Code   RO        10701    .ARM.Collect$$rtexit$$00000003  c_w.l(rtexit2.o)
    0x08000260   0x08000260   0x00000006   Code   RO        10702    .ARM.Collect$$rtexit$$00000004  c_w.l(rtexit2.o)
    0x08000266   0x08000266   0x00000002   PAD
    0x08000268   0x08000268   0x000000be   Code   RO         6254    .emb_text           port.o
    0x08000326   0x08000326   0x00000002   PAD
    0x08000328   0x08000328   0x00000040   Code   RO            4    .text               startup_stm32f407xx.o
    0x08000368   0x08000368   0x000000ee   Code   RO        10136    .text               c_w.l(lludivv7m.o)
    0x08000456   0x08000456   0x00000026   Code   RO        10138    .text               c_w.l(llshl.o)
    0x0800047c   0x0800047c   0x0000003e   Code   RO        10193    .text               c_w.l(strlen.o)
    0x080004ba   0x080004ba   0x0000008a   Code   RO        10195    .text               c_w.l(rt_memcpy_v6.o)
    0x08000544   0x08000544   0x00000064   Code   RO        10197    .text               c_w.l(rt_memcpy_w.o)
    0x080005a8   0x080005a8   0x00000010   Code   RO        10201    .text               c_w.l(aeabi_memset.o)
    0x080005b8   0x080005b8   0x00000044   Code   RO        10203    .text               c_w.l(rt_memclr.o)
    0x080005fc   0x080005fc   0x0000004e   Code   RO        10205    .text               c_w.l(rt_memclr_w.o)
    0x0800064a   0x0800064a   0x00000006   Code   RO        10207    .text               c_w.l(heapauxi.o)
    0x08000650   0x08000650   0x00000016   Code   RO        10356    .text               c_w.l(_rserrno.o)
    0x08000666   0x08000666   0x00000002   PAD
    0x08000668   0x08000668   0x00000008   Code   RO        10453    .text               c_w.l(rt_errno_addr_intlibspace.o)
    0x08000670   0x08000670   0x00000008   Code   RO        10484    .text               c_w.l(libspace.o)
    0x08000678   0x08000678   0x0000004a   Code   RO        10489    .text               c_w.l(sys_stackheap_outer.o)
    0x080006c2   0x080006c2   0x00000012   Code   RO        10562    .text               c_w.l(exit.o)
    0x080006d4   0x080006d4   0x00000002   Code   RO        10641    .text               c_w.l(use_no_semi.o)
    0x080006d6   0x080006d6   0x00000000   Code   RO        10643    .text               c_w.l(indicate_semi.o)
    0x080006d6   0x080006d6   0x00000002   PAD
    0x080006d8   0x080006d8   0x0000000c   Code   RO        10697    .text               c_w.l(sys_exit.o)
    0x080006e4   0x080006e4   0x00000004   Code   RO         6569    i.AHRS_asinf        ahrs_middleware.o
    0x080006e8   0x080006e8   0x00000004   Code   RO         6570    i.AHRS_atan2f       ahrs_middleware.o
    0x080006ec   0x080006ec   0x00000020   Code   RO         6571    i.AHRS_cosf         ahrs_middleware.o
    0x0800070c   0x0800070c   0x0000001a   Code   RO        10047    i.AHRS_fabs         AHRS.lib(ahrs.o)
    0x08000726   0x08000726   0x00000002   PAD
    0x08000728   0x08000728   0x00000014   Code   RO         6572    i.AHRS_get_height   ahrs_middleware.o
    0x0800073c   0x0800073c   0x0000000e   Code   RO         6573    i.AHRS_get_latitude  ahrs_middleware.o
    0x0800074a   0x0800074a   0x00000002   PAD
    0x0800074c   0x0800074c   0x0000029c   Code   RO        10048    i.AHRS_init         AHRS.lib(ahrs.o)
    0x080009e8   0x080009e8   0x00000014   Code   RO         6574    i.AHRS_invSqrt      ahrs_middleware.o
    0x080009fc   0x080009fc   0x00000020   Code   RO         6575    i.AHRS_sinf         ahrs_middleware.o
    0x08000a1c   0x08000a1c   0x0000013a   Code   RO        10049    i.AHRS_update       AHRS.lib(ahrs.o)
    0x08000b56   0x08000b56   0x00000002   PAD
    0x08000b58   0x08000b58   0x00000028   Code   RO         9510    i.AutoAimTask       autoaim_task.o
    0x08000b80   0x08000b80   0x0000003c   Code   RO         9421    i.AutoAim_Init      autoaim.o
    0x08000bbc   0x08000bbc   0x00000014   Code   RO         9423    i.AutoAim_SendData  autoaim.o
    0x08000bd0   0x08000bd0   0x00000044   Code   RO         9425    i.AutoAim_UpdateRx  autoaim.o
    0x08000c14   0x08000c14   0x00000024   Code   RO         9426    i.AutoAim_UpdateTx  autoaim.o
    0x08000c38   0x08000c38   0x000000d8   Code   RO         9904    i.Auto_Load         shooting_hero.o
    0x08000d10   0x08000d10   0x00000010   Code   RO         6926    i.BMI088_ACCEL_NS_H  bmi088middleware.o
    0x08000d20   0x08000d20   0x00000010   Code   RO         6927    i.BMI088_ACCEL_NS_L  bmi088middleware.o
    0x08000d30   0x08000d30   0x00000002   Code   RO         6928    i.BMI088_GPIO_init  bmi088middleware.o
    0x08000d32   0x08000d32   0x00000002   PAD
    0x08000d34   0x08000d34   0x00000010   Code   RO         6929    i.BMI088_GYRO_NS_H  bmi088middleware.o
    0x08000d44   0x08000d44   0x00000010   Code   RO         6930    i.BMI088_GYRO_NS_L  bmi088middleware.o
    0x08000d54   0x08000d54   0x00000080   Code   RO         6718    i.BMI088_accel_read_over  bmi088driver.o
    0x08000dd4   0x08000dd4   0x00000002   Code   RO         6931    i.BMI088_com_init   bmi088middleware.o
    0x08000dd6   0x08000dd6   0x00000004   Code   RO         6932    i.BMI088_delay_ms   bmi088middleware.o
    0x08000dda   0x08000dda   0x00000004   Code   RO         6933    i.BMI088_delay_us   bmi088middleware.o
    0x08000dde   0x08000dde   0x00000002   PAD
    0x08000de0   0x08000de0   0x00000060   Code   RO         6719    i.BMI088_gyro_read_over  bmi088driver.o
    0x08000e40   0x08000e40   0x0000002e   Code   RO         6720    i.BMI088_init       bmi088driver.o
    0x08000e6e   0x08000e6e   0x00000002   PAD
    0x08000e70   0x08000e70   0x00000158   Code   RO         6721    i.BMI088_read       bmi088driver.o
    0x08000fc8   0x08000fc8   0x00000024   Code   RO         6724    i.BMI088_read_muli_reg  bmi088driver.o
    0x08000fec   0x08000fec   0x00000016   Code   RO         6725    i.BMI088_read_single_reg  bmi088driver.o
    0x08001002   0x08001002   0x00000002   PAD
    0x08001004   0x08001004   0x00000020   Code   RO         6934    i.BMI088_read_write_byte  bmi088middleware.o
    0x08001024   0x08001024   0x0000002e   Code   RO         6726    i.BMI088_temperature_read_over  bmi088driver.o
    0x08001052   0x08001052   0x00000012   Code   RO         6727    i.BMI088_write_single_reg  bmi088driver.o
    0x08001064   0x08001064   0x00000014   Code   RO         6384    i.BSP_Init          bsp_init.o
    0x08001078   0x08001078   0x00000002   Code   RO          775    i.BusFault_Handler  stm32f4xx_it.o
    0x0800107a   0x0800107a   0x00000002   PAD
    0x0800107c   0x0800107c   0x0000000c   Code   RO          776    i.CAN1_RX0_IRQHandler  stm32f4xx_it.o
    0x08001088   0x08001088   0x0000000c   Code   RO          777    i.CAN1_RX1_IRQHandler  stm32f4xx_it.o
    0x08001094   0x08001094   0x0000000c   Code   RO          778    i.CAN2_RX0_IRQHandler  stm32f4xx_it.o
    0x080010a0   0x080010a0   0x0000000c   Code   RO          779    i.CAN2_RX1_IRQHandler  stm32f4xx_it.o
    0x080010ac   0x080010ac   0x00000026   Code   RO         7810    i.CAN_DJI_Motor_CheckOnline  motorctrl_dji.o
    0x080010d2   0x080010d2   0x00000002   PAD
    0x080010d4   0x080010d4   0x0000005c   Code   RO         7811    i.CAN_DJI_Motor_Feedback  motorctrl_dji.o
    0x08001130   0x08001130   0x00000032   Code   RO         6336    i.CAN_Send_STD      bsp_can.o
    0x08001162   0x08001162   0x00000002   PAD
    0x08001164   0x08001164   0x0000002c   Code   RO         7660    i.CMDUpdateTask     cmdcenter.o
    0x08001190   0x08001190   0x00000008   Code   RO         7662    i.CMD_Get_point     cmdcenter.o
    0x08001198   0x08001198   0x00000038   Code   RO         9667    i.ChassisTask       chassis_task.o
    0x080011d0   0x080011d0   0x00000110   Code   RO         9584    i.Chassis_CtrlCalc  chassis_mecanu.o
    0x080012e0   0x080012e0   0x00000002   Code   RO         9585    i.Chassis_HandleError  chassis_mecanu.o
    0x080012e2   0x080012e2   0x00000002   PAD
    0x080012e4   0x080012e4   0x000001ec   Code   RO         9586    i.Chassis_Init      chassis_mecanu.o
    0x080014d0   0x080014d0   0x000000c0   Code   RO         9587    i.Chassis_Mecanu_Calc  chassis_mecanu.o
    0x08001590   0x08001590   0x00000018   Code   RO         9588    i.Chassis_RefreshTarget  chassis_mecanu.o
    0x080015a8   0x080015a8   0x00000114   Code   RO         9589    i.Chassis_SendCmd   chassis_mecanu.o
    0x080016bc   0x080016bc   0x00000002   Code   RO         9590    i.Chassis_SetMode   chassis_mecanu.o
    0x080016be   0x080016be   0x00000002   PAD
    0x080016c0   0x080016c0   0x0000011c   Code   RO         9591    i.Chassis_Update    chassis_mecanu.o
    0x080017dc   0x080017dc   0x00000324   Code   RO         9592    i.Chassis_Update_Target  chassis_mecanu.o
    0x08001b00   0x08001b00   0x0000001c   Code   RO         8063    i.DJIMotorCheckTask  motorctrl_dji_check_task.o
    0x08001b1c   0x08001b1c   0x0000000c   Code   RO          780    i.DMA1_Stream1_IRQHandler  stm32f4xx_it.o
    0x08001b28   0x08001b28   0x0000000c   Code   RO          781    i.DMA2_Stream1_IRQHandler  stm32f4xx_it.o
    0x08001b34   0x08001b34   0x000002ac   Code   RO         7202    i.DMA2_Stream2_IRQHandler  ins_task.o
    0x08001de0   0x08001de0   0x0000000c   Code   RO          782    i.DMA2_Stream5_IRQHandler  stm32f4xx_it.o
    0x08001dec   0x08001dec   0x0000000c   Code   RO          783    i.DMA2_Stream6_IRQHandler  stm32f4xx_it.o
    0x08001df8   0x08001df8   0x0000000c   Code   RO          784    i.DMA2_Stream7_IRQHandler  stm32f4xx_it.o
    0x08001e04   0x08001e04   0x00000028   Code   RO         2684    i.DMA_CalcBaseAndBitshift  stm32f4xx_hal_dma.o
    0x08001e2c   0x08001e2c   0x00000054   Code   RO         2685    i.DMA_CheckFifoParam  stm32f4xx_hal_dma.o
    0x08001e80   0x08001e80   0x00000028   Code   RO         2686    i.DMA_SetConfig     stm32f4xx_hal_dma.o
    0x08001ea8   0x08001ea8   0x00000002   Code   RO          785    i.DebugMon_Handler  stm32f4xx_it.o
    0x08001eaa   0x08001eaa   0x00000002   PAD
    0x08001eac   0x08001eac   0x0000002c   Code   RO         6529    i.DualBoardTask     dual_board_transmit_task.o
    0x08001ed8   0x08001ed8   0x000000ac   Code   RO         6493    i.DualBoard_ParseStruct  dual_board_transmit.o
    0x08001f84   0x08001f84   0x00000098   Code   RO         6494    i.DualBoard_SendStruct  dual_board_transmit.o
    0x0800201c   0x0800201c   0x0000000c   Code   RO         6530    i.Dual_Board_TX_Set_LoadEndFlag  dual_board_transmit_task.o
    0x08002028   0x08002028   0x00000038   Code   RO         7814    i.ESC_Control_Raw_Group  motorctrl_dji.o
    0x08002060   0x08002060   0x00000040   Code   RO         7815    i.ESC_Control_Raw_Single  motorctrl_dji.o
    0x080020a0   0x080020a0   0x00000006   Code   RO          786    i.EXTI0_IRQHandler  stm32f4xx_it.o
    0x080020a6   0x080020a6   0x00000006   Code   RO          787    i.EXTI3_IRQHandler  stm32f4xx_it.o
    0x080020ac   0x080020ac   0x00000006   Code   RO          788    i.EXTI4_IRQHandler  stm32f4xx_it.o
    0x080020b2   0x080020b2   0x00000006   Code   RO          789    i.EXTI9_5_IRQHandler  stm32f4xx_it.o
    0x080020b8   0x080020b8   0x00000004   Code   RO           13    i.Error_Handler     main.o
    0x080020bc   0x080020bc   0x00000050   Code   RO         7203    i.GetIMU_Value      ins_task.o
    0x0800210c   0x0800210c   0x00000018   Code   RO         7816    i.Get_CAN_ID        motorctrl_dji.o
    0x08002124   0x08002124   0x0000002c   Code   RO         9370    i.Get_CRC16_Check_Sum  crc.o
    0x08002150   0x08002150   0x0000001c   Code   RO         9371    i.Get_CRC8_Check_Sum  crc.o
    0x0800216c   0x0800216c   0x00000034   Code   RO         9738    i.GimbalTask        gimbal_task.o
    0x080021a0   0x080021a0   0x00000002   Code   RO         9739    i.Gimbal_CtrlCalc   gimbal_task.o
    0x080021a2   0x080021a2   0x00000002   Code   RO         9740    i.Gimbal_HandleError  gimbal_task.o
    0x080021a4   0x080021a4   0x00000002   Code   RO         9741    i.Gimbal_Init       gimbal_task.o
    0x080021a6   0x080021a6   0x00000002   Code   RO         9742    i.Gimbal_RefreshTarget  gimbal_task.o
    0x080021a8   0x080021a8   0x00000002   Code   RO         9743    i.Gimbal_SendCmd    gimbal_task.o
    0x080021aa   0x080021aa   0x00000002   Code   RO         9744    i.Gimbal_SetMode    gimbal_task.o
    0x080021ac   0x080021ac   0x00000002   Code   RO         9745    i.Gimbal_Update     gimbal_task.o
    0x080021ae   0x080021ae   0x00000024   Code   RO         1992    i.HAL_CAN_ActivateNotification  stm32f4xx_hal_can.o
    0x080021d2   0x080021d2   0x000000bc   Code   RO         1993    i.HAL_CAN_AddTxMessage  stm32f4xx_hal_can.o
    0x0800228e   0x0800228e   0x00000002   PAD
    0x08002290   0x08002290   0x0000010c   Code   RO         1994    i.HAL_CAN_ConfigFilter  stm32f4xx_hal_can.o
    0x0800239c   0x0800239c   0x00000002   Code   RO         1997    i.HAL_CAN_ErrorCallback  stm32f4xx_hal_can.o
    0x0800239e   0x0800239e   0x000000f4   Code   RO         2000    i.HAL_CAN_GetRxMessage  stm32f4xx_hal_can.o
    0x08002492   0x08002492   0x0000002c   Code   RO         2002    i.HAL_CAN_GetTxMailboxesFreeLevel  stm32f4xx_hal_can.o
    0x080024be   0x080024be   0x000001fc   Code   RO         2004    i.HAL_CAN_IRQHandler  stm32f4xx_hal_can.o
    0x080026ba   0x080026ba   0x0000011a   Code   RO         2005    i.HAL_CAN_Init      stm32f4xx_hal_can.o
    0x080027d4   0x080027d4   0x00000118   Code   RO          514    i.HAL_CAN_MspInit   can.o
    0x080028ec   0x080028ec   0x00000002   Code   RO         2012    i.HAL_CAN_RxFifo0FullCallback  stm32f4xx_hal_can.o
    0x080028ee   0x080028ee   0x00000002   PAD
    0x080028f0   0x080028f0   0x000000b4   Code   RO         7982    i.HAL_CAN_RxFifo0MsgPendingCallback  user_callback.o
    0x080029a4   0x080029a4   0x00000002   Code   RO         2014    i.HAL_CAN_RxFifo1FullCallback  stm32f4xx_hal_can.o
    0x080029a6   0x080029a6   0x00000002   Code   RO         2015    i.HAL_CAN_RxFifo1MsgPendingCallback  stm32f4xx_hal_can.o
    0x080029a8   0x080029a8   0x00000002   Code   RO         2016    i.HAL_CAN_SleepCallback  stm32f4xx_hal_can.o
    0x080029aa   0x080029aa   0x00000056   Code   RO         2017    i.HAL_CAN_Start     stm32f4xx_hal_can.o
    0x08002a00   0x08002a00   0x00000002   Code   RO         2019    i.HAL_CAN_TxMailbox0AbortCallback  stm32f4xx_hal_can.o
    0x08002a02   0x08002a02   0x00000002   Code   RO         2020    i.HAL_CAN_TxMailbox0CompleteCallback  stm32f4xx_hal_can.o
    0x08002a04   0x08002a04   0x00000002   Code   RO         2021    i.HAL_CAN_TxMailbox1AbortCallback  stm32f4xx_hal_can.o
    0x08002a06   0x08002a06   0x00000002   Code   RO         2022    i.HAL_CAN_TxMailbox1CompleteCallback  stm32f4xx_hal_can.o
    0x08002a08   0x08002a08   0x00000002   Code   RO         2023    i.HAL_CAN_TxMailbox2AbortCallback  stm32f4xx_hal_can.o
    0x08002a0a   0x08002a0a   0x00000002   Code   RO         2024    i.HAL_CAN_TxMailbox2CompleteCallback  stm32f4xx_hal_can.o
    0x08002a0c   0x08002a0c   0x00000002   Code   RO         2026    i.HAL_CAN_WakeUpFromRxMsgCallback  stm32f4xx_hal_can.o
    0x08002a0e   0x08002a0e   0x00000092   Code   RO         2687    i.HAL_DMA_Abort     stm32f4xx_hal_dma.o
    0x08002aa0   0x08002aa0   0x00000024   Code   RO         2688    i.HAL_DMA_Abort_IT  stm32f4xx_hal_dma.o
    0x08002ac4   0x08002ac4   0x00000004   Code   RO         2690    i.HAL_DMA_GetError  stm32f4xx_hal_dma.o
    0x08002ac8   0x08002ac8   0x000001a0   Code   RO         2692    i.HAL_DMA_IRQHandler  stm32f4xx_hal_dma.o
    0x08002c68   0x08002c68   0x000000d4   Code   RO         2693    i.HAL_DMA_Init      stm32f4xx_hal_dma.o
    0x08002d3c   0x08002d3c   0x0000006e   Code   RO         2697    i.HAL_DMA_Start_IT  stm32f4xx_hal_dma.o
    0x08002daa   0x08002daa   0x00000002   PAD
    0x08002dac   0x08002dac   0x00000078   Code   RO         7204    i.HAL_GPIO_EXTI_Callback  ins_task.o
    0x08002e24   0x08002e24   0x00000018   Code   RO         2579    i.HAL_GPIO_EXTI_IRQHandler  stm32f4xx_hal_gpio.o
    0x08002e3c   0x08002e3c   0x000001d0   Code   RO         2580    i.HAL_GPIO_Init     stm32f4xx_hal_gpio.o
    0x0800300c   0x0800300c   0x0000000a   Code   RO         2584    i.HAL_GPIO_WritePin  stm32f4xx_hal_gpio.o
    0x08003016   0x08003016   0x00000002   PAD
    0x08003018   0x08003018   0x0000000c   Code   RO         3130    i.HAL_GetTick       stm32f4xx_hal.o
    0x08003024   0x08003024   0x00000188   Code   RO         3386    i.HAL_I2C_Init      stm32f4xx_hal_i2c.o
    0x080031ac   0x080031ac   0x00000204   Code   RO         3404    i.HAL_I2C_Mem_Read  stm32f4xx_hal_i2c.o
    0x080033b0   0x080033b0   0x00000130   Code   RO         3407    i.HAL_I2C_Mem_Write  stm32f4xx_hal_i2c.o
    0x080034e0   0x080034e0   0x0000008c   Code   RO          587    i.HAL_I2C_MspInit   i2c.o
    0x0800356c   0x0800356c   0x00000010   Code   RO         3136    i.HAL_IncTick       stm32f4xx_hal.o
    0x0800357c   0x0800357c   0x00000034   Code   RO         3137    i.HAL_Init          stm32f4xx_hal.o
    0x080035b0   0x080035b0   0x00000098   Code   RO          979    i.HAL_InitTick      stm32f4xx_hal_timebase_tim.o
    0x08003648   0x08003648   0x00000038   Code   RO          955    i.HAL_MspInit       stm32f4xx_hal_msp.o
    0x08003680   0x08003680   0x0000001a   Code   RO         2972    i.HAL_NVIC_EnableIRQ  stm32f4xx_hal_cortex.o
    0x0800369a   0x0800369a   0x00000002   PAD
    0x0800369c   0x0800369c   0x00000040   Code   RO         2978    i.HAL_NVIC_SetPriority  stm32f4xx_hal_cortex.o
    0x080036dc   0x080036dc   0x00000024   Code   RO         2979    i.HAL_NVIC_SetPriorityGrouping  stm32f4xx_hal_cortex.o
    0x08003700   0x08003700   0x00000134   Code   RO         2226    i.HAL_RCC_ClockConfig  stm32f4xx_hal_rcc.o
    0x08003834   0x08003834   0x00000040   Code   RO         2230    i.HAL_RCC_GetClockConfig  stm32f4xx_hal_rcc.o
    0x08003874   0x08003874   0x00000020   Code   RO         2233    i.HAL_RCC_GetPCLK1Freq  stm32f4xx_hal_rcc.o
    0x08003894   0x08003894   0x00000020   Code   RO         2234    i.HAL_RCC_GetPCLK2Freq  stm32f4xx_hal_rcc.o
    0x080038b4   0x080038b4   0x00000064   Code   RO         2235    i.HAL_RCC_GetSysClockFreq  stm32f4xx_hal_rcc.o
    0x08003918   0x08003918   0x00000358   Code   RO         2238    i.HAL_RCC_OscConfig  stm32f4xx_hal_rcc.o
    0x08003c70   0x08003c70   0x000000bc   Code   RO         3841    i.HAL_SPI_Init      stm32f4xx_hal_spi.o
    0x08003d2c   0x08003d2c   0x00000100   Code   RO          629    i.HAL_SPI_MspInit   spi.o
    0x08003e2c   0x08003e2c   0x000001e6   Code   RO         3850    i.HAL_SPI_TransmitReceive  stm32f4xx_hal_spi.o
    0x08004012   0x08004012   0x00000002   Code   RO         1724    i.HAL_TIMEx_BreakCallback  stm32f4xx_hal_tim_ex.o
    0x08004014   0x08004014   0x00000002   Code   RO         1725    i.HAL_TIMEx_CommutCallback  stm32f4xx_hal_tim_ex.o
    0x08004016   0x08004016   0x00000002   PAD
    0x08004018   0x08004018   0x00000090   Code   RO         1743    i.HAL_TIMEx_MasterConfigSynchronization  stm32f4xx_hal_tim_ex.o
    0x080040a8   0x080040a8   0x0000005a   Code   RO         1020    i.HAL_TIM_Base_Init  stm32f4xx_hal_tim.o
    0x08004102   0x08004102   0x00000002   PAD
    0x08004104   0x08004104   0x00000028   Code   RO          671    i.HAL_TIM_Base_MspInit  tim.o
    0x0800412c   0x0800412c   0x00000078   Code   RO         1023    i.HAL_TIM_Base_Start  stm32f4xx_hal_tim.o
    0x080041a4   0x080041a4   0x00000080   Code   RO         1025    i.HAL_TIM_Base_Start_IT  stm32f4xx_hal_tim.o
    0x08004224   0x08004224   0x000000dc   Code   RO         1029    i.HAL_TIM_ConfigClockSource  stm32f4xx_hal_tim.o
    0x08004300   0x08004300   0x00000002   Code   RO         1054    i.HAL_TIM_IC_CaptureCallback  stm32f4xx_hal_tim.o
    0x08004302   0x08004302   0x00000130   Code   RO         1068    i.HAL_TIM_IRQHandler  stm32f4xx_hal_tim.o
    0x08004432   0x08004432   0x00000002   PAD
    0x08004434   0x08004434   0x00000054   Code   RO          672    i.HAL_TIM_MspPostInit  tim.o
    0x08004488   0x08004488   0x00000002   Code   RO         1071    i.HAL_TIM_OC_DelayElapsedCallback  stm32f4xx_hal_tim.o
    0x0800448a   0x0800448a   0x000000cc   Code   RO         1092    i.HAL_TIM_PWM_ConfigChannel  stm32f4xx_hal_tim.o
    0x08004556   0x08004556   0x0000005a   Code   RO         1095    i.HAL_TIM_PWM_Init  stm32f4xx_hal_tim.o
    0x080045b0   0x080045b0   0x00000002   Code   RO         1097    i.HAL_TIM_PWM_MspInit  stm32f4xx_hal_tim.o
    0x080045b2   0x080045b2   0x00000002   Code   RO         1098    i.HAL_TIM_PWM_PulseFinishedCallback  stm32f4xx_hal_tim.o
    0x080045b4   0x080045b4   0x000000d0   Code   RO         1100    i.HAL_TIM_PWM_Start  stm32f4xx_hal_tim.o
    0x08004684   0x08004684   0x0000000e   Code   RO           14    i.HAL_TIM_PeriodElapsedCallback  main.o
    0x08004692   0x08004692   0x00000002   Code   RO         1111    i.HAL_TIM_TriggerCallback  stm32f4xx_hal_tim.o
    0x08004694   0x08004694   0x00000002   Code   RO         4164    i.HAL_UARTEx_RxEventCallback  stm32f4xx_hal_uart.o
    0x08004696   0x08004696   0x00000094   Code   RO         4167    i.HAL_UART_AbortReceive  stm32f4xx_hal_uart.o
    0x0800472a   0x0800472a   0x00000002   Code   RO         4178    i.HAL_UART_ErrorCallback  stm32f4xx_hal_uart.o
    0x0800472c   0x0800472c   0x00000280   Code   RO         4181    i.HAL_UART_IRQHandler  stm32f4xx_hal_uart.o
    0x080049ac   0x080049ac   0x00000064   Code   RO         4182    i.HAL_UART_Init     stm32f4xx_hal_uart.o
    0x08004a10   0x08004a10   0x00000260   Code   RO          719    i.HAL_UART_MspInit  usart.o
    0x08004c70   0x08004c70   0x0000001c   Code   RO         4186    i.HAL_UART_Receive_DMA  stm32f4xx_hal_uart.o
    0x08004c8c   0x08004c8c   0x00000002   Code   RO         4188    i.HAL_UART_RxCpltCallback  stm32f4xx_hal_uart.o
    0x08004c8e   0x08004c8e   0x00000002   Code   RO         4189    i.HAL_UART_RxHalfCpltCallback  stm32f4xx_hal_uart.o
    0x08004c90   0x08004c90   0x00000088   Code   RO         4191    i.HAL_UART_Transmit_DMA  stm32f4xx_hal_uart.o
    0x08004d18   0x08004d18   0x00000002   Code   RO         4193    i.HAL_UART_TxCpltCallback  stm32f4xx_hal_uart.o
    0x08004d1a   0x08004d1a   0x00000002   Code   RO         4194    i.HAL_UART_TxHalfCpltCallback  stm32f4xx_hal_uart.o
    0x08004d1c   0x08004d1c   0x000000bc   Code   RO         7928    i.HORRC_HT10A_GET_Ctl  remote_ctrl.o
    0x08004dd8   0x08004dd8   0x00000002   Code   RO          790    i.HardFault_Handler  stm32f4xx_it.o
    0x08004dda   0x08004dda   0x0000002e   Code   RO         3429    i.I2C_IsAcknowledgeFailed  stm32f4xx_hal_i2c.o
    0x08004e08   0x08004e08   0x000000fc   Code   RO         3439    i.I2C_RequestMemoryRead  stm32f4xx_hal_i2c.o
    0x08004f04   0x08004f04   0x000000a8   Code   RO         3440    i.I2C_RequestMemoryWrite  stm32f4xx_hal_i2c.o
    0x08004fac   0x08004fac   0x00000056   Code   RO         3444    i.I2C_WaitOnBTFFlagUntilTimeout  stm32f4xx_hal_i2c.o
    0x08005002   0x08005002   0x00000088   Code   RO         3445    i.I2C_WaitOnFlagUntilTimeout  stm32f4xx_hal_i2c.o
    0x0800508a   0x0800508a   0x000000ba   Code   RO         3446    i.I2C_WaitOnMasterAddressFlagUntilTimeout  stm32f4xx_hal_i2c.o
    0x08005144   0x08005144   0x00000074   Code   RO         3447    i.I2C_WaitOnRXNEFlagUntilTimeout  stm32f4xx_hal_i2c.o
    0x080051b8   0x080051b8   0x00000056   Code   RO         3448    i.I2C_WaitOnTXEFlagUntilTimeout  stm32f4xx_hal_i2c.o
    0x0800520e   0x0800520e   0x00000002   PAD
    0x08005210   0x08005210   0x00000008   Code   RO         7205    i.IMU_Get_point     ins_task.o
    0x08005218   0x08005218   0x0000024c   Code   RO         7208    i.INS_task          ins_task.o
    0x08005464   0x08005464   0x00000008   Code   RO         7817    i.Int16_To_BigEndian  motorctrl_dji.o
    0x0800546c   0x0800546c   0x0000003c   Code   RO         7929    i.Knob_Set          remote_ctrl.o
    0x080054a8   0x080054a8   0x00000034   Code   RO         9979    i.LoadTask          load_task.o
    0x080054dc   0x080054dc   0x00000002   Code   RO         9980    i.Load_CtrlCalc     load_task.o
    0x080054de   0x080054de   0x00000002   Code   RO         9981    i.Load_HandleError  load_task.o
    0x080054e0   0x080054e0   0x00000002   Code   RO         9983    i.Load_RefreshTarget  load_task.o
    0x080054e2   0x080054e2   0x00000002   Code   RO         9984    i.Load_SendCmd      load_task.o
    0x080054e4   0x080054e4   0x00000002   Code   RO         9985    i.Load_SetMode      load_task.o
    0x080054e6   0x080054e6   0x00000002   Code   RO         9986    i.Load_Update       load_task.o
    0x080054e8   0x080054e8   0x0000007c   Code   RO         8124    i.MXY_TIM4_Init     buzzer_tim_init.o
    0x08005564   0x08005564   0x00000044   Code   RO          515    i.MX_CAN1_Init      can.o
    0x080055a8   0x080055a8   0x00000044   Code   RO          516    i.MX_CAN2_Init      can.o
    0x080055ec   0x080055ec   0x0000009c   Code   RO          562    i.MX_DMA_Init       dma.o
    0x08005688   0x08005688   0x00000144   Code   RO          355    i.MX_FREERTOS_Init  freertos.o
    0x080057cc   0x080057cc   0x000001a8   Code   RO          325    i.MX_GPIO_Init      gpio.o
    0x08005974   0x08005974   0x00000040   Code   RO          588    i.MX_I2C3_Init      i2c.o
    0x080059b4   0x080059b4   0x00000048   Code   RO          630    i.MX_SPI1_Init      spi.o
    0x080059fc   0x080059fc   0x00000064   Code   RO          673    i.MX_TIM10_Init     tim.o
    0x08005a60   0x08005a60   0x00000038   Code   RO          720    i.MX_USART1_UART_Init  usart.o
    0x08005a98   0x08005a98   0x00000044   Code   RO          721    i.MX_USART3_UART_Init  usart.o
    0x08005adc   0x08005adc   0x00000038   Code   RO          722    i.MX_USART6_UART_Init  usart.o
    0x08005b14   0x08005b14   0x00000002   Code   RO          791    i.MemManage_Handler  stm32f4xx_it.o
    0x08005b16   0x08005b16   0x00000002   PAD
    0x08005b18   0x08005b18   0x0000002c   Code   RO         7818    i.MotorCtrl_DJI_GetDJI_MFeedback  motorctrl_dji.o
    0x08005b44   0x08005b44   0x0000003c   Code   RO         7712    i.MyMath_Degrees_To_Radians  math_lib.o
    0x08005b80   0x08005b80   0x00000032   Code   RO         7715    i.MyMath_Map_Range_Float  math_lib.o
    0x08005bb2   0x08005bb2   0x00000002   PAD
    0x08005bb4   0x08005bb4   0x000000cc   Code   RO         7719    i.MyMath_cal_output_angle  math_lib.o
    0x08005c80   0x08005c80   0x00000060   Code   RO         7721    i.MyMath_normalize_0_to_360  math_lib.o
    0x08005ce0   0x08005ce0   0x00000088   Code   RO         7722    i.MyMath_normalize_m180_to_p180  math_lib.o
    0x08005d68   0x08005d68   0x00000002   Code   RO          792    i.NMI_Handler       stm32f4xx_it.o
    0x08005d6a   0x08005d6a   0x00000002   PAD
    0x08005d6c   0x08005d6c   0x000000dc   Code   RO         7543    i.PID_CalcCore      pid_lib.o
    0x08005e48   0x08005e48   0x00000014   Code   RO         7544    i.PID_Calculate     pid_lib.o
    0x08005e5c   0x08005e5c   0x00000094   Code   RO         7545    i.PID_Calculate_CycleAngle  pid_lib.o
    0x08005ef0   0x08005ef0   0x00000064   Code   RO         7546    i.PID_Double_Calculate  pid_lib.o
    0x08005f54   0x08005f54   0x0000002c   Code   RO         7554    i.PID_Init          pid_lib.o
    0x08005f80   0x08005f80   0x00000128   Code   RO         7163    i.PID_calc          imu_pid.o
    0x080060a8   0x080060a8   0x0000005c   Code   RO         7165    i.PID_init          imu_pid.o
    0x08006104   0x08006104   0x00000008   Code   RO          356    i.PlyerUITask       freertos.o
    0x0800610c   0x0800610c   0x0000001c   Code   RO         7930    i.RCUpdateTask      remote_ctrl.o
    0x08006128   0x08006128   0x00000030   Code   RO         7723    i.RPM_Protect       math_lib.o
    0x08006158   0x08006158   0x00000024   Code   RO         8998    i.RefereeTask       refereecenter.o
    0x0800617c   0x0800617c   0x00000424   Code   RO         8929    i.Referee_Frame_Callback  refereeprotocol.o
    0x080065a0   0x080065a0   0x0000005c   Code   RO         8999    i.Referee_Init      refereecenter.o
    0x080065fc   0x080065fc   0x0000007c   Code   RO         8936    i.Referee_Parser_Byte  refereeprotocol.o
    0x08006678   0x08006678   0x0000002c   Code   RO         8937    i.Referee_Parser_Init  refereeprotocol.o
    0x080066a4   0x080066a4   0x00000084   Code   RO         9000    i.Referee_UART_IRQHandler  refereecenter.o
    0x08006728   0x08006728   0x00000038   Code   RO         9429    i.ResetMatch        autoaim.o
    0x08006760   0x08006760   0x0000001c   Code   RO         6411    i.SBUSTask          bsp_sbus.o
    0x0800677c   0x0800677c   0x00000130   Code   RO         6412    i.SBUS_DecodeFrame  bsp_sbus.o
    0x080068ac   0x080068ac   0x00000078   Code   RO         6413    i.SBUS_HandleStateMachine  bsp_sbus.o
    0x08006924   0x08006924   0x0000005c   Code   RO         6414    i.SBUS_Init         bsp_sbus.o
    0x08006980   0x08006980   0x00000080   Code   RO         6417    i.SBUS_Process      bsp_sbus.o
    0x08006a00   0x08006a00   0x00000054   Code   RO         6418    i.SBUS_ResetReceiver  bsp_sbus.o
    0x08006a54   0x08006a54   0x0000003c   Code   RO         6419    i.SBUS_UART_IRQHandler  bsp_sbus.o
    0x08006a90   0x08006a90   0x00001274   Code   RO         7129    i.SPI1_DMA_enable   bsp_spi.o
    0x08007d04   0x08007d04   0x00000100   Code   RO         7130    i.SPI1_DMA_init     bsp_spi.o
    0x08007e04   0x08007e04   0x0000006c   Code   RO         3879    i.SPI_EndRxTxTransaction  stm32f4xx_hal_spi.o
    0x08007e70   0x08007e70   0x000000bc   Code   RO         3884    i.SPI_WaitFlagStateUntilTimeout  stm32f4xx_hal_spi.o
    0x08007f2c   0x08007f2c   0x00000008   Code   RO          360    i.ShootingLoadTask  freertos.o
    0x08007f34   0x08007f34   0x00000008   Code   RO          361    i.ShootingPushRodTask  freertos.o
    0x08007f3c   0x08007f3c   0x00000034   Code   RO         9833    i.ShootingTask      shooting_task.o
    0x08007f70   0x08007f70   0x0000005c   Code   RO         9905    i.Shooting_CtrlCalc  shooting_hero.o
    0x08007fcc   0x08007fcc   0x00000002   Code   RO         9906    i.Shooting_HandleError  shooting_hero.o
    0x08007fce   0x08007fce   0x00000002   PAD
    0x08007fd0   0x08007fd0   0x000000c4   Code   RO         9907    i.Shooting_Init     shooting_hero.o
    0x08008094   0x08008094   0x0000004c   Code   RO         9908    i.Shooting_RefreshTarget  shooting_hero.o
    0x080080e0   0x080080e0   0x0000006c   Code   RO         9909    i.Shooting_SendCmd  shooting_hero.o
    0x0800814c   0x0800814c   0x00000002   Code   RO         9910    i.Shooting_SetMode  shooting_hero.o
    0x0800814e   0x0800814e   0x00000002   PAD
    0x08008150   0x08008150   0x00000040   Code   RO         9911    i.Shooting_Update   shooting_hero.o
    0x08008190   0x08008190   0x00000008   Code   RO          363    i.StartDefaultTask  freertos.o
    0x08008198   0x08008198   0x00000044   Code   RO         7931    i.Switch_Set        remote_ctrl.o
    0x080081dc   0x080081dc   0x0000001a   Code   RO         5686    i.SysTick_Handler   cmsis_os2.o
    0x080081f6   0x080081f6   0x00000002   PAD
    0x080081f8   0x080081f8   0x00000094   Code   RO           15    i.SystemClock_Config  main.o
    0x0800828c   0x0800828c   0x00000010   Code   RO         4516    i.SystemInit        system_stm32f4xx.o
    0x0800829c   0x0800829c   0x0000000c   Code   RO          793    i.TIM2_IRQHandler   stm32f4xx_it.o
    0x080082a8   0x080082a8   0x00000036   Code   RO         8125    i.TIM_Base_Init_buzzer  buzzer_tim_init.o
    0x080082de   0x080082de   0x00000002   PAD
    0x080082e0   0x080082e0   0x00000028   Code   RO         8127    i.TIM_Base_MspInit_buzzer  buzzer_tim_init.o
    0x08008308   0x08008308   0x000000d0   Code   RO         1113    i.TIM_Base_SetConfig  stm32f4xx_hal_tim.o
    0x080083d8   0x080083d8   0x0000001a   Code   RO         1114    i.TIM_CCxChannelCmd  stm32f4xx_hal_tim.o
    0x080083f2   0x080083f2   0x00000014   Code   RO         1124    i.TIM_ETR_SetConfig  stm32f4xx_hal_tim.o
    0x08008406   0x08008406   0x00000010   Code   RO         1125    i.TIM_ITRx_SetConfig  stm32f4xx_hal_tim.o
    0x08008416   0x08008416   0x00000002   PAD
    0x08008418   0x08008418   0x00000068   Code   RO         8128    i.TIM_MspPostInit_buzzer  buzzer_tim_init.o
    0x08008480   0x08008480   0x00000060   Code   RO         1126    i.TIM_OC1_SetConfig  stm32f4xx_hal_tim.o
    0x080084e0   0x080084e0   0x0000006c   Code   RO         1127    i.TIM_OC2_SetConfig  stm32f4xx_hal_tim.o
    0x0800854c   0x0800854c   0x00000068   Code   RO         1128    i.TIM_OC3_SetConfig  stm32f4xx_hal_tim.o
    0x080085b4   0x080085b4   0x00000050   Code   RO         1129    i.TIM_OC4_SetConfig  stm32f4xx_hal_tim.o
    0x08008604   0x08008604   0x00000022   Code   RO         1131    i.TIM_TI1_ConfigInputStage  stm32f4xx_hal_tim.o
    0x08008626   0x08008626   0x00000024   Code   RO         1133    i.TIM_TI2_ConfigInputStage  stm32f4xx_hal_tim.o
    0x0800864a   0x0800864a   0x0000000e   Code   RO         4195    i.UART_DMAAbortOnError  stm32f4xx_hal_uart.o
    0x08008658   0x08008658   0x0000004a   Code   RO         4196    i.UART_DMAError     stm32f4xx_hal_uart.o
    0x080086a2   0x080086a2   0x00000086   Code   RO         4197    i.UART_DMAReceiveCplt  stm32f4xx_hal_uart.o
    0x08008728   0x08008728   0x0000001e   Code   RO         4199    i.UART_DMARxHalfCplt  stm32f4xx_hal_uart.o
    0x08008746   0x08008746   0x00000042   Code   RO         4201    i.UART_DMATransmitCplt  stm32f4xx_hal_uart.o
    0x08008788   0x08008788   0x0000000a   Code   RO         4203    i.UART_DMATxHalfCplt  stm32f4xx_hal_uart.o
    0x08008792   0x08008792   0x0000004e   Code   RO         4205    i.UART_EndRxTransfer  stm32f4xx_hal_uart.o
    0x080087e0   0x080087e0   0x0000001c   Code   RO         4206    i.UART_EndTxTransfer  stm32f4xx_hal_uart.o
    0x080087fc   0x080087fc   0x000000c2   Code   RO         4207    i.UART_Receive_IT   stm32f4xx_hal_uart.o
    0x080088be   0x080088be   0x00000002   PAD
    0x080088c0   0x080088c0   0x0000010c   Code   RO         4208    i.UART_SetConfig    stm32f4xx_hal_uart.o
    0x080089cc   0x080089cc   0x000000a4   Code   RO         4209    i.UART_Start_Receive_DMA  stm32f4xx_hal_uart.o
    0x08008a70   0x08008a70   0x0000000c   Code   RO          794    i.USART1_IRQHandler  stm32f4xx_it.o
    0x08008a7c   0x08008a7c   0x00000014   Code   RO          795    i.USART3_IRQHandler  stm32f4xx_it.o
    0x08008a90   0x08008a90   0x00000014   Code   RO          796    i.USART6_IRQHandler  stm32f4xx_it.o
    0x08008aa4   0x08008aa4   0x00000002   Code   RO          797    i.UsageFault_Handler  stm32f4xx_it.o
    0x08008aa6   0x08008aa6   0x000000cc   Code   RO         9090    i.VT03_ParseCallback  vt03protocol.o
    0x08008b72   0x08008b72   0x00000002   PAD
    0x08008b74   0x08008b74   0x0000004c   Code   RO         9044    i.VTTask            vtcenter.o
    0x08008bc0   0x08008bc0   0x00000078   Code   RO         9133    i.VT_Init           vtcenter_instance.o
    0x08008c38   0x08008c38   0x00000142   Code   RO         9136    i.VT_Process        vtcenter_instance.o
    0x08008d7a   0x08008d7a   0x00000002   PAD
    0x08008d7c   0x08008d7c   0x00000020   Code   RO         9137    i.VT_RegisterInstance  vtcenter_instance.o
    0x08008d9c   0x08008d9c   0x00000048   Code   RO         9138    i.VT_ResetReceiver  vtcenter_instance.o
    0x08008de4   0x08008de4   0x00000034   Code   RO         9372    i.Verify_CRC16_Check_Sum  crc.o
    0x08008e18   0x08008e18   0x00000026   Code   RO         9373    i.Verify_CRC8_Check_Sum  crc.o
    0x08008e3e   0x08008e3e   0x00000030   Code   RO        10475    i.__ARM_fpclassify  m_wm.l(fpclassify.o)
    0x08008e6e   0x08008e6e   0x00000026   Code   RO        10403    i.__ARM_fpclassifyf  m_wm.l(fpclassifyf.o)
    0x08008e94   0x08008e94   0x00000020   Code   RO         2985    i.__NVIC_SetPriority  stm32f4xx_hal_cortex.o
    0x08008eb4   0x08008eb4   0x0000012c   Code   RO        10249    i.__hardfp_asinf    m_wm.l(asinf.o)
    0x08008fe0   0x08008fe0   0x00000250   Code   RO        10261    i.__hardfp_atan2f   m_wm.l(atan2f.o)
    0x08009230   0x08009230   0x000000c8   Code   RO        10273    i.__hardfp_cos      m_wm.l(cos.o)
    0x080092f8   0x080092f8   0x00000014   Code   RO        10285    i.__hardfp_fabs     m_wm.l(fabs.o)
    0x0800930c   0x0800930c   0x00000104   Code   RO        10291    i.__hardfp_fmod     m_wm.l(fmod.o)
    0x08009410   0x08009410   0x000000b0   Code   RO        10303    i.__hardfp_fmodf    m_wm.l(fmodf.o)
    0x080094c0   0x080094c0   0x000000c8   Code   RO        10315    i.__hardfp_sin      m_wm.l(sin.o)
    0x08009588   0x08009588   0x0000003a   Code   RO        10327    i.__hardfp_sqrtf    m_wm.l(sqrtf.o)
    0x080095c2   0x080095c2   0x00000006   PAD
    0x080095c8   0x080095c8   0x00000438   Code   RO        10419    i.__ieee754_rem_pio2  m_wm.l(rred.o)
    0x08009a00   0x08009a00   0x00000170   Code   RO        10386    i.__kernel_cos      m_wm.l(cos_i.o)
    0x08009b70   0x08009b70   0x000000f8   Code   RO        10477    i.__kernel_poly     m_wm.l(poly.o)
    0x08009c68   0x08009c68   0x00000130   Code   RO        10427    i.__kernel_sin      m_wm.l(sin_i.o)
    0x08009d98   0x08009d98   0x00000014   Code   RO        10390    i.__mathlib_dbl_infnan  m_wm.l(dunder.o)
    0x08009dac   0x08009dac   0x00000004   PAD
    0x08009db0   0x08009db0   0x00000020   Code   RO        10392    i.__mathlib_dbl_invalid  m_wm.l(dunder.o)
    0x08009dd0   0x08009dd0   0x00000020   Code   RO        10395    i.__mathlib_dbl_underflow  m_wm.l(dunder.o)
    0x08009df0   0x08009df0   0x00000006   Code   RO        10406    i.__mathlib_flt_infnan  m_wm.l(funder.o)
    0x08009df6   0x08009df6   0x00000006   Code   RO        10407    i.__mathlib_flt_infnan2  m_wm.l(funder.o)
    0x08009dfc   0x08009dfc   0x00000010   Code   RO        10408    i.__mathlib_flt_invalid  m_wm.l(funder.o)
    0x08009e0c   0x08009e0c   0x00000010   Code   RO        10411    i.__mathlib_flt_underflow  m_wm.l(funder.o)
    0x08009e1c   0x08009e1c   0x000001d0   Code   RO        10050    i.accel_comple_filter  AHRS.lib(ahrs.o)
    0x08009fec   0x08009fec   0x0000018c   Code   RO        10051    i.accel_update_kp_ki  AHRS.lib(ahrs.o)
    0x0800a178   0x0800a178   0x0000016c   Code   RO        10052    i.angle_to_quat     AHRS.lib(ahrs.o)
    0x0800a2e4   0x0800a2e4   0x00000128   Code   RO         6728    i.bmi088_accel_init  bmi088driver.o
    0x0800a40c   0x0800a40c   0x000002bc   Code   RO         6729    i.bmi088_accel_self_test  bmi088driver.o
    0x0800a6c8   0x0800a6c8   0x000000dc   Code   RO         6730    i.bmi088_gyro_init  bmi088driver.o
    0x0800a7a4   0x0800a7a4   0x000000c8   Code   RO         6731    i.bmi088_gyro_self_test  bmi088driver.o
    0x0800a86c   0x0800a86c   0x00000010   Code   RO         8090    i.buzzer_drv_off    bsp_buzzer_driver.o
    0x0800a87c   0x0800a87c   0x00000010   Code   RO         8091    i.buzzer_drv_on     bsp_buzzer_driver.o
    0x0800a88c   0x0800a88c   0x000003a8   Code   RO         8178    i.buzzer_effects_task  sound_effects_task.o
    0x0800ac34   0x0800ac34   0x00000084   Code   RO         7724    i.calc_motor_rpm_from_speed  math_lib.o
    0x0800acb8   0x0800acb8   0x00000058   Code   RO         6338    i.can_filter_init   bsp_can.o
    0x0800ad10   0x0800ad10   0x00000028   Code   RO         7023    i.delay_init        bsp_delay.o
    0x0800ad38   0x0800ad38   0x00000034   Code   RO         7025    i.delay_us          bsp_delay.o
    0x0800ad6c   0x0800ad6c   0x00000018   Code   RO        10287    i.fabs              m_wm.l(fabs.o)
    0x0800ad84   0x0800ad84   0x00000008   Code   RO         6420    i.get_SBUS_Data_point  bsp_sbus.o
    0x0800ad8c   0x0800ad8c   0x000000e8   Code   RO        10053    i.get_angle         AHRS.lib(ahrs.o)
    0x0800ae74   0x0800ae74   0x00000008   Code   RO         8179    i.get_buzzer_effect_point  sound_effects_task.o
    0x0800ae7c   0x0800ae7c   0x000000ec   Code   RO         7215    i.imu_cali_slove    ins_task.o
    0x0800af68   0x0800af68   0x000000f8   Code   RO         7216    i.imu_cmd_spi_dma   ins_task.o
    0x0800b060   0x0800b060   0x0000000c   Code   RO         7061    i.imu_pwm_set       bsp_imu_pwm.o
    0x0800b06c   0x0800b06c   0x0000007c   Code   RO         7217    i.imu_temp_control  ins_task.o
    0x0800b0e8   0x0800b0e8   0x00000002   Code   RO         7382    i.ist8310_GPIO_init  ist8310driver_middleware.o
    0x0800b0ea   0x0800b0ea   0x00000002   PAD
    0x0800b0ec   0x0800b0ec   0x00000024   Code   RO         7384    i.ist8310_IIC_read_single_reg  ist8310driver_middleware.o
    0x0800b110   0x0800b110   0x00000020   Code   RO         7386    i.ist8310_IIC_write_single_reg  ist8310driver_middleware.o
    0x0800b130   0x0800b130   0x00000010   Code   RO         7387    i.ist8310_RST_H     ist8310driver_middleware.o
    0x0800b140   0x0800b140   0x00000010   Code   RO         7388    i.ist8310_RST_L     ist8310driver_middleware.o
    0x0800b150   0x0800b150   0x00000002   Code   RO         7389    i.ist8310_com_init  ist8310driver_middleware.o
    0x0800b152   0x0800b152   0x00000004   Code   RO         7390    i.ist8310_delay_ms  ist8310driver_middleware.o
    0x0800b156   0x0800b156   0x00000002   PAD
    0x0800b158   0x0800b158   0x0000007c   Code   RO         7350    i.ist8310_init      ist8310driver.o
    0x0800b1d4   0x0800b1d4   0x00000046   Code   RO           16    i.main              main.o
    0x0800b21a   0x0800b21a   0x0000001a   Code   RO         5688    i.osDelay           cmsis_os2.o
    0x0800b234   0x0800b234   0x00000024   Code   RO         5702    i.osKernelInitialize  cmsis_os2.o
    0x0800b258   0x0800b258   0x00000038   Code   RO         5705    i.osKernelStart     cmsis_os2.o
    0x0800b290   0x0800b290   0x00000088   Code   RO         5747    i.osThreadNew       cmsis_os2.o
    0x0800b318   0x0800b318   0x00000020   Code   RO         5123    i.pcTaskGetName     tasks.o
    0x0800b338   0x0800b338   0x00000064   Code   RO         5124    i.prvAddCurrentTaskToDelayedList  tasks.o
    0x0800b39c   0x0800b39c   0x000000d0   Code   RO         5125    i.prvAddNewTaskToReadyList  tasks.o
    0x0800b46c   0x0800b46c   0x00000058   Code   RO         5512    i.prvCheckForValidListAndQueue  timers.o
    0x0800b4c4   0x0800b4c4   0x00000026   Code   RO         4721    i.prvCopyDataFromQueue  queue.o
    0x0800b4ea   0x0800b4ea   0x0000006c   Code   RO         4722    i.prvCopyDataToQueue  queue.o
    0x0800b556   0x0800b556   0x00000034   Code   RO         5126    i.prvDeleteTCB      tasks.o
    0x0800b58a   0x0800b58a   0x00000002   PAD
    0x0800b58c   0x0800b58c   0x0000004c   Code   RO         6199    i.prvHeapInit       heap_4.o
    0x0800b5d8   0x0800b5d8   0x0000005c   Code   RO         5127    i.prvIdleTask       tasks.o
    0x0800b634   0x0800b634   0x00000020   Code   RO         4724    i.prvInitialiseNewQueue  queue.o
    0x0800b654   0x0800b654   0x000000ae   Code   RO         5128    i.prvInitialiseNewTask  tasks.o
    0x0800b702   0x0800b702   0x00000002   PAD
    0x0800b704   0x0800b704   0x0000004c   Code   RO         6200    i.prvInsertBlockIntoFreeList  heap_4.o
    0x0800b750   0x0800b750   0x00000038   Code   RO         5514    i.prvInsertTimerInActiveList  timers.o
    0x0800b788   0x0800b788   0x0000001a   Code   RO         4725    i.prvIsQueueEmpty   queue.o
    0x0800b7a2   0x0800b7a2   0x00000002   PAD
    0x0800b7a4   0x0800b7a4   0x000000fc   Code   RO         5515    i.prvProcessReceivedCommands  timers.o
    0x0800b8a0   0x0800b8a0   0x000000c0   Code   RO         5516    i.prvProcessTimerOrBlockTask  timers.o
    0x0800b960   0x0800b960   0x00000020   Code   RO         5130    i.prvResetNextTaskUnblockTime  tasks.o
    0x0800b980   0x0800b980   0x00000028   Code   RO         5517    i.prvSampleTimeNow  timers.o
    0x0800b9a8   0x0800b9a8   0x00000062   Code   RO         5131    i.prvSearchForNameWithinSingleList  tasks.o
    0x0800ba0a   0x0800ba0a   0x00000002   PAD
    0x0800ba0c   0x0800ba0c   0x0000006c   Code   RO         5518    i.prvSwitchTimerLists  timers.o
    0x0800ba78   0x0800ba78   0x00000014   Code   RO         5132    i.prvTaskCheckFreeStackSpace  tasks.o
    0x0800ba8c   0x0800ba8c   0x00000028   Code   RO         6255    i.prvTaskExitError  port.o
    0x0800bab4   0x0800bab4   0x00000028   Code   RO         5519    i.prvTimerTask      timers.o
    0x0800badc   0x0800badc   0x0000006a   Code   RO         4726    i.prvUnlockQueue    queue.o
    0x0800bb46   0x0800bb46   0x00000002   PAD
    0x0800bb48   0x0800bb48   0x000000dc   Code   RO         6201    i.pvPortMalloc      heap_4.o
    0x0800bc24   0x0800bc24   0x0000002c   Code   RO         6256    i.pxPortInitialiseStack  port.o
    0x0800bc50   0x0800bc50   0x00000084   Code   RO        10058    i.quat_normalization  AHRS.lib(ahrs.o)
    0x0800bcd4   0x0800bcd4   0x00000010   Code   RO         7218    i.radian_to_degree  ins_task.o
    0x0800bce4   0x0800bce4   0x0000003e   Code   RO        10329    i.sqrtf             m_wm.l(sqrtf.o)
    0x0800bd22   0x0800bd22   0x00000002   PAD
    0x0800bd24   0x0800bd24   0x00000068   Code   RO         5135    i.ulTaskNotifyTake  tasks.o
    0x0800bd8c   0x0800bd8c   0x0000007a   Code   RO        10059    i.update_w          AHRS.lib(ahrs.o)
    0x0800be06   0x0800be06   0x00000026   Code   RO         4681    i.uxListRemove      list.o
    0x0800be2c   0x0800be2c   0x00000010   Code   RO         5138    i.uxTaskGetStackHighWaterMark  tasks.o
    0x0800be3c   0x0800be3c   0x00000014   Code   RO         5759    i.vApplicationGetIdleTaskMemory  cmsis_os2.o
    0x0800be50   0x0800be50   0x00000018   Code   RO         5760    i.vApplicationGetTimerTaskMemory  cmsis_os2.o
    0x0800be68   0x0800be68   0x00000016   Code   RO         4682    i.vListInitialise   list.o
    0x0800be7e   0x0800be7e   0x00000006   Code   RO         4683    i.vListInitialiseItem  list.o
    0x0800be84   0x0800be84   0x00000030   Code   RO         4684    i.vListInsert       list.o
    0x0800beb4   0x0800beb4   0x00000018   Code   RO         4685    i.vListInsertEnd    list.o
    0x0800becc   0x0800becc   0x00000040   Code   RO         6258    i.vPortEnterCritical  port.o
    0x0800bf0c   0x0800bf0c   0x00000028   Code   RO         6259    i.vPortExitCritical  port.o
    0x0800bf34   0x0800bf34   0x00000064   Code   RO         6202    i.vPortFree         heap_4.o
    0x0800bf98   0x0800bf98   0x00000024   Code   RO         6260    i.vPortSetupTimerInterrupt  port.o
    0x0800bfbc   0x0800bfbc   0x00000054   Code   RO         6261    i.vPortValidateInterruptPriority  port.o
    0x0800c010   0x0800c010   0x00000024   Code   RO         4732    i.vQueueAddToRegistry  queue.o
    0x0800c034   0x0800c034   0x00000044   Code   RO         4736    i.vQueueWaitForMessageRestricted  queue.o
    0x0800c078   0x0800c078   0x0000004c   Code   RO         5145    i.vTaskDelay        tasks.o
    0x0800c0c4   0x0800c0c4   0x00000010   Code   RO         5150    i.vTaskInternalSetTimeOutState  tasks.o
    0x0800c0d4   0x0800c0d4   0x0000000c   Code   RO         5151    i.vTaskMissedYield  tasks.o
    0x0800c0e0   0x0800c0e0   0x000000b0   Code   RO         5152    i.vTaskNotifyGiveFromISR  tasks.o
    0x0800c190   0x0800c190   0x00000030   Code   RO         5153    i.vTaskPlaceOnEventList  tasks.o
    0x0800c1c0   0x0800c1c0   0x00000038   Code   RO         5154    i.vTaskPlaceOnEventListRestricted  tasks.o
    0x0800c1f8   0x0800c1f8   0x00000084   Code   RO         5162    i.vTaskStartScheduler  tasks.o
    0x0800c27c   0x0800c27c   0x00000010   Code   RO         5164    i.vTaskSuspendAll   tasks.o
    0x0800c28c   0x0800c28c   0x00000064   Code   RO         5165    i.vTaskSwitchContext  tasks.o
    0x0800c2f0   0x0800c2f0   0x00000050   Code   RO         9091    i.verify_crc16_check_sum  vt03protocol.o
    0x0800c340   0x0800c340   0x000000f4   Code   RO         6262    i.xPortStartScheduler  port.o
    0x0800c434   0x0800c434   0x0000002c   Code   RO         6263    i.xPortSysTickHandler  port.o
    0x0800c460   0x0800c460   0x00000066   Code   RO         4742    i.xQueueGenericCreateStatic  queue.o
    0x0800c4c6   0x0800c4c6   0x00000002   PAD
    0x0800c4c8   0x0800c4c8   0x00000088   Code   RO         4743    i.xQueueGenericReset  queue.o
    0x0800c550   0x0800c550   0x00000164   Code   RO         4744    i.xQueueGenericSend  queue.o
    0x0800c6b4   0x0800c6b4   0x000000be   Code   RO         4745    i.xQueueGenericSendFromISR  queue.o
    0x0800c772   0x0800c772   0x00000002   PAD
    0x0800c774   0x0800c774   0x00000138   Code   RO         4754    i.xQueueReceive     queue.o
    0x0800c8ac   0x0800c8ac   0x00000088   Code   RO         5168    i.xTaskCheckForTimeOut  tasks.o
    0x0800c934   0x0800c934   0x0000005a   Code   RO         5169    i.xTaskCreate       tasks.o
    0x0800c98e   0x0800c98e   0x0000005a   Code   RO         5170    i.xTaskCreateStatic  tasks.o
    0x0800c9e8   0x0800c9e8   0x00000088   Code   RO         5174    i.xTaskGetHandle    tasks.o
    0x0800ca70   0x0800ca70   0x0000001c   Code   RO         5175    i.xTaskGetSchedulerState  tasks.o
    0x0800ca8c   0x0800ca8c   0x0000000c   Code   RO         5176    i.xTaskGetTickCount  tasks.o
    0x0800ca98   0x0800ca98   0x000000c8   Code   RO         5178    i.xTaskIncrementTick  tasks.o
    0x0800cb60   0x0800cb60   0x0000007c   Code   RO         5181    i.xTaskPriorityDisinherit  tasks.o
    0x0800cbdc   0x0800cbdc   0x00000070   Code   RO         5183    i.xTaskRemoveFromEventList  tasks.o
    0x0800cc4c   0x0800cc4c   0x000000c0   Code   RO         5184    i.xTaskResumeAll    tasks.o
    0x0800cd0c   0x0800cd0c   0x00000060   Code   RO         5528    i.xTimerCreateTimerTask  timers.o
    0x0800cd6c   0x0800cd6c   0x00000064   Code   RO         5529    i.xTimerGenericCommand  timers.o
    0x0800cdd0   0x0800cdd0   0x00000018   Code   RO        10369    x$fpl$basic         fz_wm.l(basic.o)
    0x0800cde8   0x0800cde8   0x00000062   Code   RO        10211    x$fpl$d2f           fz_wm.l(d2f.o)
    0x0800ce4a   0x0800ce4a   0x00000002   PAD
    0x0800ce4c   0x0800ce4c   0x00000150   Code   RO        10213    x$fpl$dadd          fz_wm.l(daddsub_clz.o)
    0x0800cf9c   0x0800cf9c   0x00000018   Code   RO        10371    x$fpl$dcmpinf       fz_wm.l(dcmpi.o)
    0x0800cfb4   0x0800cfb4   0x000002b0   Code   RO        10220    x$fpl$ddiv          fz_wm.l(ddiv.o)
    0x0800d264   0x0800d264   0x0000005e   Code   RO        10471    x$fpl$dfix          fz_wm.l(dfix.o)
    0x0800d2c2   0x0800d2c2   0x0000002e   Code   RO        10224    x$fpl$dflt          fz_wm.l(dflt_clz.o)
    0x0800d2f0   0x0800d2f0   0x00000026   Code   RO        10223    x$fpl$dfltu         fz_wm.l(dflt_clz.o)
    0x0800d316   0x0800d316   0x00000002   PAD
    0x0800d318   0x0800d318   0x00000078   Code   RO        10229    x$fpl$dleqf         fz_wm.l(dleqf.o)
    0x0800d390   0x0800d390   0x00000154   Code   RO        10231    x$fpl$dmul          fz_wm.l(dmul.o)
    0x0800d4e4   0x0800d4e4   0x0000009c   Code   RO        10373    x$fpl$dnaninf       fz_wm.l(dnaninf.o)
    0x0800d580   0x0800d580   0x00000150   Code   RO        10375    x$fpl$drem          fz_wm.l(drem_clz.o)
    0x0800d6d0   0x0800d6d0   0x0000000c   Code   RO        10377    x$fpl$dretinf       fz_wm.l(dretinf.o)
    0x0800d6dc   0x0800d6dc   0x0000006c   Code   RO        10233    x$fpl$drleqf        fz_wm.l(drleqf.o)
    0x0800d748   0x0800d748   0x00000016   Code   RO        10214    x$fpl$drsb          fz_wm.l(daddsub_clz.o)
    0x0800d75e   0x0800d75e   0x00000002   PAD
    0x0800d760   0x0800d760   0x000001d4   Code   RO        10215    x$fpl$dsub          fz_wm.l(daddsub_clz.o)
    0x0800d934   0x0800d934   0x00000056   Code   RO        10235    x$fpl$f2d           fz_wm.l(f2d.o)
    0x0800d98a   0x0800d98a   0x0000008c   Code   RO        10379    x$fpl$fnaninf       fz_wm.l(fnaninf.o)
    0x0800da16   0x0800da16   0x0000000a   Code   RO        10695    x$fpl$fpinit        fz_wm.l(fpinit.o)
    0x0800da20   0x0800da20   0x000000f4   Code   RO        10381    x$fpl$frem          fz_wm.l(frem_clz.o)
    0x0800db14   0x0800db14   0x0000000a   Code   RO        10383    x$fpl$fretinf       fz_wm.l(fretinf.o)
    0x0800db1e   0x0800db1e   0x00000000   Code   RO        10385    x$fpl$usenofp       fz_wm.l(usenofp.o)
    0x0800db1e   0x0800db1e   0x00000002   PAD
    0x0800db20   0x0800db20   0x00000264   Data   RO          393    .constdata          freertos.o
    0x0800dd84   0x0800dd84   0x00000008   Data   RO         2699    .constdata          stm32f4xx_hal_dma.o
    0x0800dd8c   0x0800dd8c   0x00000010   Data   RO         4517    .constdata          system_stm32f4xx.o
    0x0800dd9c   0x0800dd9c   0x00000008   Data   RO         4518    .constdata          system_stm32f4xx.o
    0x0800dda4   0x0800dda4   0x00000012   Data   RO         6736    .constdata          bmi088driver.o
    0x0800ddb6   0x0800ddb6   0x00000002   PAD
    0x0800ddb8   0x0800ddb8   0x0000000c   Data   RO         7222    .constdata          ins_task.o
    0x0800ddc4   0x0800ddc4   0x0000000c   Data   RO         7353    .constdata          ist8310driver.o
    0x0800ddd0   0x0800ddd0   0x00000010   Data   RO         9047    .constdata          vtcenter.o
    0x0800dde0   0x0800dde0   0x00000200   Data   RO         9092    .constdata          vt03protocol.o
    0x0800dfe0   0x0800dfe0   0x00000300   Data   RO         9375    .constdata          crc.o
    0x0800e2e0   0x0800e2e0   0x0000000c   Data   RO        10060    .constdata          AHRS.lib(ahrs.o)
    0x0800e2ec   0x0800e2ec   0x00000004   PAD
    0x0800e2f0   0x0800e2f0   0x00000030   Data   RO        10387    .constdata          m_wm.l(cos_i.o)
    0x0800e320   0x0800e320   0x000000c8   Data   RO        10421    .constdata          m_wm.l(rred.o)
    0x0800e3e8   0x0800e3e8   0x00000028   Data   RO        10428    .constdata          m_wm.l(sin_i.o)
    0x0800e410   0x0800e410   0x000000b0   Data   RO          394    .conststring        freertos.o
    0x0800e4c0   0x0800e4c0   0x00000020   Data   RO        10774    Region$$Table       anon$$obj.o


    Execution Region RW_IRAM1 (Exec base: 0x20000000, Load base: 0x0800e4e0, Size: 0x000088e0, Max: 0x0001c000, ABSOLUTE, COMPRESSED[0x00000070])

    Exec Addr    Load Addr    Size         Type   Attr      Idx    E Section Name        Object

    0x20000000   COMPRESSED   0x00000044   Data   RW          395    .data               freertos.o
    0x20000044   COMPRESSED   0x00000004   Data   RW          518    .data               can.o
    0x20000048   COMPRESSED   0x0000000c   Data   RW         3144    .data               stm32f4xx_hal.o
    0x20000054   COMPRESSED   0x00000004   Data   RW         4519    .data               system_stm32f4xx.o
    0x20000058   COMPRESSED   0x0000003c   Data   RW         5187    .data               tasks.o
    0x20000094   COMPRESSED   0x00000014   Data   RW         5537    .data               timers.o
    0x200000a8   COMPRESSED   0x00000004   Data   RW         5762    .data               cmsis_os2.o
    0x200000ac   COMPRESSED   0x00000020   Data   RW         6208    .data               heap_4.o
    0x200000cc   COMPRESSED   0x0000000c   Data   RW         6264    .data               port.o
    0x200000d8   COMPRESSED   0x0000000c   Data   RW         6422    .data               bsp_sbus.o
    0x200000e4   COMPRESSED   0x00000008   Data   RW         6496    .data               dual_board_transmit.o
    0x200000ec   COMPRESSED   0x00000008   Data   RW         6531    .data               dual_board_transmit_task.o
    0x200000f4   COMPRESSED   0x0000002c   Data   RW         6737    .data               bmi088driver.o
    0x20000120   COMPRESSED   0x00000008   Data   RW         7026    .data               bsp_delay.o
    0x20000128   COMPRESSED   0x000000a8   Data   RW         7224    .data               ins_task.o
    0x200001d0   COMPRESSED   0x00000004   Data   RW         7664    .data               cmdcenter.o
    0x200001d4   COMPRESSED   0x00000004   PAD
    0x200001d8   COMPRESSED   0x00000018   Data   RW         7726    .data               math_lib.o
    0x200001f0   COMPRESSED   0x00000004   Data   RW         7935    .data               remote_ctrl.o
    0x200001f4   COMPRESSED   0x00000001   Data   RW         7983    .data               user_callback.o
    0x200001f5   COMPRESSED   0x00000003   PAD
    0x200001f8   COMPRESSED   0x0000000c   Data   RW         8181    .data               sound_effects_task.o
    0x20000204   COMPRESSED   0x00000004   Data   RW         9002    .data               refereecenter.o
    0x20000208   COMPRESSED   0x00000004   Data   RW         9048    .data               vtcenter.o
    0x2000020c   COMPRESSED   0x00000008   Data   RW         9140    .data               vtcenter_instance.o
    0x20000214   COMPRESSED   0x00000008   Data   RW         9431    .data               autoaim.o
    0x2000021c   COMPRESSED   0x00000004   Data   RW         9515    .data               autoaim_task.o
    0x20000220   COMPRESSED   0x00000008   Data   RW         9594    .data               chassis_mecanu.o
    0x20000228   COMPRESSED   0x00000004   Data   RW         9675    .data               chassis_task.o
    0x2000022c   COMPRESSED   0x00000004   Data   RW         9746    .data               gimbal_task.o
    0x20000230   COMPRESSED   0x00000004   Data   RW         9841    .data               shooting_task.o
    0x20000234   COMPRESSED   0x0000001a   Data   RW         9913    .data               shooting_hero.o
    0x2000024e   COMPRESSED   0x00000002   PAD
    0x20000250   COMPRESSED   0x00000004   Data   RW         9987    .data               load_task.o
    0x20000254   COMPRESSED   0x00000010   Data   RW        10061    .data               AHRS.lib(ahrs.o)
    0x20000264        -       0x00000400   Zero   RW          365    .bss                freertos.o
    0x20000664        -       0x0000005c   Zero   RW          366    .bss                freertos.o
    0x200006c0        -       0x00000200   Zero   RW          367    .bss                freertos.o
    0x200008c0        -       0x0000005c   Zero   RW          368    .bss                freertos.o
    0x2000091c        -       0x00000200   Zero   RW          369    .bss                freertos.o
    0x20000b1c        -       0x0000005c   Zero   RW          370    .bss                freertos.o
    0x20000b78        -       0x00000200   Zero   RW          371    .bss                freertos.o
    0x20000d78        -       0x0000005c   Zero   RW          372    .bss                freertos.o
    0x20000dd4        -       0x00000200   Zero   RW          373    .bss                freertos.o
    0x20000fd4        -       0x0000005c   Zero   RW          374    .bss                freertos.o
    0x20001030        -       0x00000200   Zero   RW          375    .bss                freertos.o
    0x20001230        -       0x0000005c   Zero   RW          376    .bss                freertos.o
    0x2000128c        -       0x00000200   Zero   RW          377    .bss                freertos.o
    0x2000148c        -       0x0000005c   Zero   RW          378    .bss                freertos.o
    0x200014e8        -       0x00000200   Zero   RW          379    .bss                freertos.o
    0x200016e8        -       0x0000005c   Zero   RW          380    .bss                freertos.o
    0x20001744        -       0x00000200   Zero   RW          381    .bss                freertos.o
    0x20001944        -       0x0000005c   Zero   RW          382    .bss                freertos.o
    0x200019a0        -       0x00000200   Zero   RW          383    .bss                freertos.o
    0x20001ba0        -       0x0000005c   Zero   RW          384    .bss                freertos.o
    0x20001bfc        -       0x00000200   Zero   RW          385    .bss                freertos.o
    0x20001dfc        -       0x0000005c   Zero   RW          386    .bss                freertos.o
    0x20001e58        -       0x00000200   Zero   RW          387    .bss                freertos.o
    0x20002058        -       0x0000005c   Zero   RW          388    .bss                freertos.o
    0x200020b4        -       0x00000200   Zero   RW          389    .bss                freertos.o
    0x200022b4        -       0x0000005c   Zero   RW          390    .bss                freertos.o
    0x20002310        -       0x00000200   Zero   RW          391    .bss                freertos.o
    0x20002510        -       0x0000005c   Zero   RW          392    .bss                freertos.o
    0x2000256c        -       0x00000050   Zero   RW          517    .bss                can.o
    0x200025bc        -       0x00000054   Zero   RW          589    .bss                i2c.o
    0x20002610        -       0x00000118   Zero   RW          631    .bss                spi.o
    0x20002728        -       0x00000048   Zero   RW          674    .bss                tim.o
    0x20002770        -       0x000002b8   Zero   RW          723    .bss                usart.o
    0x20002a28        -       0x00000048   Zero   RW          982    .bss                stm32f4xx_hal_timebase_tim.o
    0x20002a70        -       0x00000040   Zero   RW         4758    .bss                queue.o
    0x20002ab0        -       0x000004c4   Zero   RW         5186    .bss                tasks.o
    0x20002f74        -       0x00000118   Zero   RW         5536    .bss                timers.o
    0x2000308c        -       0x000006b8   Zero   RW         5761    .bss                cmsis_os2.o
    0x20003744        -       0x00003c00   Zero   RW         6207    .bss                heap_4.o
    0x20007344        -       0x0000006c   Zero   RW         6421    .bss                bsp_sbus.o
    0x200073b0        -       0x00000100   Zero   RW         6495    .bss                dual_board_transmit.o
    0x200074b0        -       0x00000128   Zero   RW         7219    .bss                ins_task.o
    0x200075d8        -       0x00000026   Zero   RW         7663    .bss                cmdcenter.o
    0x200075fe   COMPRESSED   0x00000002   PAD
    0x20007600        -       0x00000140   Zero   RW         7821    .bss                motorctrl_dji.o
    0x20007740        -       0x00000022   Zero   RW         7934    .bss                remote_ctrl.o
    0x20007762   COMPRESSED   0x00000002   PAD
    0x20007764        -       0x00000048   Zero   RW         8129    .bss                buzzer_tim_init.o
    0x200077ac        -       0x0000022e   Zero   RW         8938    .bss                refereeprotocol.o
    0x200079da        -       0x0000038a   Zero   RW         9001    .bss                refereecenter.o
    0x20007d64        -       0x00000094   Zero   RW         9046    .bss                vtcenter.o
    0x20007df8        -       0x00000090   Zero   RW         9430    .bss                autoaim.o
    0x20007e88        -       0x000002c4   Zero   RW         9593    .bss                chassis_mecanu.o
    0x2000814c        -       0x00000130   Zero   RW         9912    .bss                shooting_hero.o
    0x2000827c        -       0x00000060   Zero   RW        10485    .bss                c_w.l(libspace.o)
    0x200082dc   COMPRESSED   0x00000004   PAD
    0x200082e0        -       0x00000200   Zero   RW            2    HEAP                startup_stm32f407xx.o
    0x200084e0        -       0x00000400   Zero   RW            1    STACK               startup_stm32f407xx.o


    Execution Region RW_IRAM2 (Exec base: 0x2001c000, Load base: 0x0800e550, Size: 0x00000000, Max: 0x00004000, ABSOLUTE)

    **** No section assigned to this execution region ****


==============================================================================

Image component sizes


      Code (inc. data)   RO Data    RW Data    ZI Data      Debug   Object Name

       126          6          0          0          0       5204   ahrs_middleware.o
       240         42          0          8        144       4021   autoaim.o
        40          6          0          4          0        794   autoaim_task.o
      2152         32         18         44          0     591831   bmi088driver.o
       108         28          0          0          0      10132   bmi088middleware.o
        32         10          0          0          0       1081   bsp_buzzer_driver.o
       138          8          0          0          0       1765   bsp_can.o
        92         18          0          8          0       1424   bsp_delay.o
        12          4          0          0          0        530   bsp_imu_pwm.o
        20          4          0          0          0        503   bsp_init.o
       824         58          0         12        108       6416   bsp_sbus.o
      4980         76          0          0          0       2498   bsp_spi.o
       322         38          0          0         72       3353   buzzer_tim_init.o
       416         42          0          4         80       2602   can.o
      2348        148          0          8        708       7517   chassis_mecanu.o
        56          4          0          4          0        822   chassis_task.o
        52         12          0          4         38       4031   cmdcenter.o
       324         22          0          4       1720      65479   cmsis_os2.o
       162         12        768          0          0       3652   crc.o
       156          4          0          0          0        902   dma.o
       324          8          0          8        256       3215   dual_board_transmit.o
        56         16          0          8          0       1409   dual_board_transmit_task.o
         0          0          0          0          0      19460   event_groups.o
       356         86        788         68       8968       6792   freertos.o
        66          6          0          4          0       4303   gimbal_task.o
       424         24          0          0          0       1215   gpio.o
       472         24          0         32      15360       5087   heap_4.o
       204         32          0          0         84       1805   i2c.o
       388          8          0          0          0       2570   imu_pid.o
      2104        154         12        168        296      12269   ins_task.o
       124          4         12          0          0       1535   ist8310driver.o
       108         22          0          0          0       4003   ist8310driver_middleware.o
       138          0          0          0          0       3690   list.o
        64          6          0          4          0       3783   load_task.o
       236          8          0          0          0     745310   main.o
       726        118          0         24          0       6236   math_lib.o
       326         20          0          0        320       6860   motorctrl_dji.o
        28          8          0          0          0        544   motorctrl_dji_check_task.o
       532         28          0          0          0       5920   pid_lib.o
       786         80          0         12          0      11749   port.o
      1510         18          0          0         64      17768   queue.o
       260         30          0          4        906      10916   refereecenter.o
      1228         22          0          0        558      12030   refereeprotocol.o
       344         12          0          4         34       3303   remote_ctrl.o
       756        122          0         26        304       7597   shooting_hero.o
        52          6          0          4          0        823   shooting_task.o
       944         22          0         12          0       3567   sound_effects_task.o
       328         32          0          0        280       1991   spi.o
        64         26        392          0       1536        864   startup_stm32f407xx.o
        80         14          0         12          0       8210   stm32f4xx_hal.o
      1680          6          0          0          0      15821   stm32f4xx_hal_can.o
       158         14          0          0          0      33118   stm32f4xx_hal_cortex.o
      1088         16          8          0          0       8169   stm32f4xx_hal_dma.o
       498         52          0          0          0       2999   stm32f4xx_hal_gpio.o
      2288         52          0          0          0      13486   stm32f4xx_hal_i2c.o
        56          4          0          0          0        910   stm32f4xx_hal_msp.o
      1392         86          0          0          0       6201   stm32f4xx_hal_rcc.o
       970         16          0          0          0       4993   stm32f4xx_hal_spi.o
      2102        168          0          0          0      18891   stm32f4xx_hal_tim.o
       148         28          0          0          0       2653   stm32f4xx_hal_tim_ex.o
       152         18          0          0         72       1543   stm32f4xx_hal_timebase_tim.o
      2124         42          0          0          0      17364   stm32f4xx_hal_uart.o
       208         74          0          0          0      12067   stm32f4xx_it.o
         0          0          0          0          0        428   stream_buffer.o
        16          4         24          4          0       1187   system_stm32f4xx.o
      2680        204          0         60       1220      33911   tasks.o
       224         32          0          0         72       2378   tim.o
       972         82          0         20        280      32411   timers.o
       788         80          0          0        696       3851   usart.o
       180         24          0          1          0       1320   user_callback.o
       284          6        512          0          0       2502   vt03protocol.o
        76         22         16          4        148       3620   vtcenter.o
       546          4          0          8          0       4380   vtcenter_instance.o

    ----------------------------------------------------------------------
     44340       2564       2584        596      34328    1853584   Object Totals
         0          0         32          0          0          0   (incl. Generated)
        82          0          2          9          4          0   (incl. Padding)

    ----------------------------------------------------------------------

      Code (inc. data)   RO Data    RW Data    ZI Data      Debug   Library Member Name

      2718         84         12         16          0       9922   ahrs.o
        90          0          0          0          0          0   __dczerorl2.o
         8          0          0          0          0         68   __main.o
         0          0          0          0          0          0   __rtentry.o
        12          0          0          0          0          0   __rtentry2.o
         6          0          0          0          0          0   __rtentry4.o
        52          8          0          0          0          0   __scatter.o
        28          0          0          0          0          0   __scatter_zi.o
        22          0          0          0          0        100   _rserrno.o
        16          0          0          0          0         68   aeabi_memset.o
        18          0          0          0          0         80   exit.o
         6          0          0          0          0        152   heapauxi.o
         0          0          0          0          0          0   indicate_semi.o
         2          0          0          0          0          0   libinit.o
         6          0          0          0          0          0   libinit2.o
         2          0          0          0          0          0   libshutdown.o
         2          0          0          0          0          0   libshutdown2.o
         8          4          0          0         96         68   libspace.o
        38          0          0          0          0         68   llshl.o
       238          0          0          0          0        100   lludivv7m.o
         8          4          0          0          0         68   rt_errno_addr_intlibspace.o
        68          0          0          0          0         68   rt_memclr.o
        78          0          0          0          0         80   rt_memclr_w.o
       138          0          0          0          0         68   rt_memcpy_v6.o
       100          0          0          0          0         80   rt_memcpy_w.o
         2          0          0          0          0          0   rtexit.o
        10          0          0          0          0          0   rtexit2.o
        62          0          0          0          0         76   strlen.o
        12          4          0          0          0         68   sys_exit.o
        74          0          0          0          0         80   sys_stackheap_outer.o
         2          0          0          0          0         68   use_no_semi.o
        24          0          0          0          0        164   basic.o
        98          4          0          0          0        140   d2f.o
       826         16          0          0          0        492   daddsub_clz.o
        24          0          0          0          0        116   dcmpi.o
       688        140          0          0          0        256   ddiv.o
        94          4          0          0          0        140   dfix.o
        84          0          0          0          0        232   dflt_clz.o
       120          4          0          0          0        140   dleqf.o
       340         12          0          0          0        152   dmul.o
       156          4          0          0          0        140   dnaninf.o
       336         12          0          0          0        136   drem_clz.o
        12          0          0          0          0        116   dretinf.o
       108          0          0          0          0        128   drleqf.o
        86          4          0          0          0        132   f2d.o
       140          4          0          0          0        132   fnaninf.o
        10          0          0          0          0        116   fpinit.o
       244          8          0          0          0        132   frem_clz.o
        10          0          0          0          0        116   fretinf.o
         0          0          0          0          0          0   usenofp.o
       300         42          0          0          0        176   asinf.o
       592         90          0          0          0        184   atan2f.o
       200         20          0          0          0        164   cos.o
       368         46         48          0          0        200   cos_i.o
        84         16          0          0          0        372   dunder.o
        44          0          0          0          0        248   fabs.o
       260          6          0          0          0        144   fmod.o
       176          0          0          0          0        168   fmodf.o
        48          0          0          0          0        124   fpclassify.o
        38          0          0          0          0        116   fpclassifyf.o
        44         12          0          0          0        464   funder.o
       248          0          0          0          0        152   poly.o
      1080        142        200          0          0        188   rred.o
       200         20          0          0          0        164   sin.o
       304         24         40          0          0        208   sin_i.o
       120          0          0          0          0        272   sqrtf.o

    ----------------------------------------------------------------------
     11364        734        304         16        100      17606   Library Totals
        32          0          4          0          4          0   (incl. Padding)

    ----------------------------------------------------------------------

      Code (inc. data)   RO Data    RW Data    ZI Data      Debug   Library Name

      2718         84         12         16          0       9922   AHRS.lib
      1108         20          0          0         96       1360   c_w.l
      3400        212          0          0          0       2980   fz_wm.l
      4106        418        288          0          0       3344   m_wm.l

    ----------------------------------------------------------------------
     11364        734        304         16        100      17606   Library Totals

    ----------------------------------------------------------------------

==============================================================================


      Code (inc. data)   RO Data    RW Data    ZI Data      Debug   

     55704       3298       2888        612      34428    1827614   Grand Totals
     55704       3298       2888        112      34428    1827614   ELF Image Totals (compressed)
     55704       3298       2888        112          0          0   ROM Totals

==============================================================================

    Total RO  Size (Code + RO Data)                58592 (  57.22kB)
    Total RW  Size (RW Data + ZI Data)             35040 (  34.22kB)
    Total ROM Size (Code + RO Data + RW Data)      58704 (  57.33kB)

==============================================================================

