Component: ARM Compiler 5.06 update 5 (build 528) Tool: armlink [4d35e2]

==============================================================================

Section Cross References

    startup_stm32f407xx.o(STACK) refers (Special) to heapauxi.o(.text) for __use_two_region_memory
    startup_stm32f407xx.o(HEAP) refers (Special) to heapauxi.o(.text) for __use_two_region_memory
    startup_stm32f407xx.o(RESET) refers (Special) to heapauxi.o(.text) for __use_two_region_memory
    startup_stm32f407xx.o(RESET) refers to startup_stm32f407xx.o(STACK) for __initial_sp
    startup_stm32f407xx.o(RESET) refers to startup_stm32f407xx.o(.text) for Reset_Handler
    startup_stm32f407xx.o(RESET) refers to stm32f4xx_it.o(i.NMI_Handler) for NMI_Handler
    startup_stm32f407xx.o(RESET) refers to stm32f4xx_it.o(i.HardFault_Handler) for HardFault_Handler
    startup_stm32f407xx.o(RESET) refers to stm32f4xx_it.o(i.MemManage_Handler) for MemManage_Handler
    startup_stm32f407xx.o(RESET) refers to stm32f4xx_it.o(i.BusFault_Handler) for BusFault_Handler
    startup_stm32f407xx.o(RESET) refers to stm32f4xx_it.o(i.UsageFault_Handler) for UsageFault_Handler
    startup_stm32f407xx.o(RESET) refers to port.o(.emb_text) for SVC_Handler
    startup_stm32f407xx.o(RESET) refers to stm32f4xx_it.o(i.DebugMon_Handler) for DebugMon_Handler
    startup_stm32f407xx.o(RESET) refers to cmsis_os2.o(i.SysTick_Handler) for SysTick_Handler
    startup_stm32f407xx.o(RESET) refers to stm32f4xx_it.o(i.EXTI0_IRQHandler) for EXTI0_IRQHandler
    startup_stm32f407xx.o(RESET) refers to stm32f4xx_it.o(i.EXTI3_IRQHandler) for EXTI3_IRQHandler
    startup_stm32f407xx.o(RESET) refers to stm32f4xx_it.o(i.EXTI4_IRQHandler) for EXTI4_IRQHandler
    startup_stm32f407xx.o(RESET) refers to stm32f4xx_it.o(i.DMA1_Stream1_IRQHandler) for DMA1_Stream1_IRQHandler
    startup_stm32f407xx.o(RESET) refers to stm32f4xx_it.o(i.CAN1_RX0_IRQHandler) for CAN1_RX0_IRQHandler
    startup_stm32f407xx.o(RESET) refers to stm32f4xx_it.o(i.CAN1_RX1_IRQHandler) for CAN1_RX1_IRQHandler
    startup_stm32f407xx.o(RESET) refers to stm32f4xx_it.o(i.EXTI9_5_IRQHandler) for EXTI9_5_IRQHandler
    startup_stm32f407xx.o(RESET) refers to stm32f4xx_it.o(i.TIM2_IRQHandler) for TIM2_IRQHandler
    startup_stm32f407xx.o(RESET) refers to stm32f4xx_it.o(i.USART1_IRQHandler) for USART1_IRQHandler
    startup_stm32f407xx.o(RESET) refers to stm32f4xx_it.o(i.USART3_IRQHandler) for USART3_IRQHandler
    startup_stm32f407xx.o(RESET) refers to stm32f4xx_it.o(i.DMA2_Stream1_IRQHandler) for DMA2_Stream1_IRQHandler
    startup_stm32f407xx.o(RESET) refers to ins_task.o(i.DMA2_Stream2_IRQHandler) for DMA2_Stream2_IRQHandler
    startup_stm32f407xx.o(RESET) refers to stm32f4xx_it.o(i.CAN2_RX0_IRQHandler) for CAN2_RX0_IRQHandler
    startup_stm32f407xx.o(RESET) refers to stm32f4xx_it.o(i.CAN2_RX1_IRQHandler) for CAN2_RX1_IRQHandler
    startup_stm32f407xx.o(RESET) refers to stm32f4xx_it.o(i.DMA2_Stream5_IRQHandler) for DMA2_Stream5_IRQHandler
    startup_stm32f407xx.o(RESET) refers to stm32f4xx_it.o(i.DMA2_Stream6_IRQHandler) for DMA2_Stream6_IRQHandler
    startup_stm32f407xx.o(RESET) refers to stm32f4xx_it.o(i.DMA2_Stream7_IRQHandler) for DMA2_Stream7_IRQHandler
    startup_stm32f407xx.o(RESET) refers to stm32f4xx_it.o(i.USART6_IRQHandler) for USART6_IRQHandler
    startup_stm32f407xx.o(.text) refers (Special) to heapauxi.o(.text) for __use_two_region_memory
    startup_stm32f407xx.o(.text) refers to system_stm32f4xx.o(i.SystemInit) for SystemInit
    startup_stm32f407xx.o(.text) refers to __main.o(!!!main) for __main
    startup_stm32f407xx.o(.text) refers to startup_stm32f407xx.o(HEAP) for Heap_Mem
    startup_stm32f407xx.o(.text) refers to startup_stm32f407xx.o(STACK) for Stack_Mem
    main.o(i.HAL_TIM_PeriodElapsedCallback) refers to stm32f4xx_hal.o(i.HAL_IncTick) for HAL_IncTick
    main.o(i.SystemClock_Config) refers to rt_memclr_w.o(.text) for __aeabi_memclr4
    main.o(i.SystemClock_Config) refers to stm32f4xx_hal_rcc.o(i.HAL_RCC_OscConfig) for HAL_RCC_OscConfig
    main.o(i.SystemClock_Config) refers to stm32f4xx_hal_rcc.o(i.HAL_RCC_ClockConfig) for HAL_RCC_ClockConfig
    main.o(i.main) refers to stm32f4xx_hal.o(i.HAL_Init) for HAL_Init
    main.o(i.main) refers to main.o(i.SystemClock_Config) for SystemClock_Config
    main.o(i.main) refers to gpio.o(i.MX_GPIO_Init) for MX_GPIO_Init
    main.o(i.main) refers to dma.o(i.MX_DMA_Init) for MX_DMA_Init
    main.o(i.main) refers to can.o(i.MX_CAN1_Init) for MX_CAN1_Init
    main.o(i.main) refers to can.o(i.MX_CAN2_Init) for MX_CAN2_Init
    main.o(i.main) refers to spi.o(i.MX_SPI1_Init) for MX_SPI1_Init
    main.o(i.main) refers to i2c.o(i.MX_I2C3_Init) for MX_I2C3_Init
    main.o(i.main) refers to tim.o(i.MX_TIM10_Init) for MX_TIM10_Init
    main.o(i.main) refers to usart.o(i.MX_USART3_UART_Init) for MX_USART3_UART_Init
    main.o(i.main) refers to usart.o(i.MX_USART6_UART_Init) for MX_USART6_UART_Init
[...]
    detect1                                  0x2000022c   Data           4  gimbal_hero.o(.data)
    detect2                                  0x20000230   Data           4  gimbal_hero.o(.data)
    I_avg                                    0x2000023e   Data           2  shooting_hero.o(.data)
    MaxI_avg                                 0x20000240   Data           2  shooting_hero.o(.data)
    sum                                      0x20000244   Data           4  shooting_hero.o(.data)
    Maxsum                                   0x20000248   Data           4  shooting_hero.o(.data)
    Shooting_State_Machine                   0x2000025c   Data           6  shooting_hero.o(.data)
    Dual_Board_TranBuffer                    0x20000278   Data        1024  freertos.o(.bss)
    Dual_Board_TranControlBlock              0x20000678   Data          92  freertos.o(.bss)
    ChassisBuffer                            0x200006d4   Data         512  freertos.o(.bss)
    ChassisControlBlock                      0x200008d4   Data          92  freertos.o(.bss)
    GimbalBuffer                             0x20000930   Data         512  freertos.o(.bss)
    GimbalControlBlock                       0x20000b30   Data          92  freertos.o(.bss)
    ShootingBuffer                           0x20000b8c   Data         512  freertos.o(.bss)
    ShootingControlBlock                     0x20000d8c   Data          92  freertos.o(.bss)
    CMDUpdateBuffer                          0x20000de8   Data         512  freertos.o(.bss)
    CMDUpdateControlBlock                    0x20000fe8   Data          92  freertos.o(.bss)
    SBUSBuffer                               0x20001044   Data         512  freertos.o(.bss)
    SBUSControlBlock                         0x20001244   Data          92  freertos.o(.bss)
    RCUpdateBuffer                           0x200012a0   Data         512  freertos.o(.bss)
    RCUpdateControlBlock                     0x200014a0   Data          92  freertos.o(.bss)
    DJIMotorCheckBuffer                      0x200014fc   Data         512  freertos.o(.bss)
    DJIMotorCheckControlBlock                0x200016fc   Data          92  freertos.o(.bss)
    PushRodBuffer                            0x20001758   Data         512  freertos.o(.bss)
    PushRodControlBlock                      0x20001958   Data          92  freertos.o(.bss)
    ShootingLoadBuffer                       0x200019b4   Data         512  freertos.o(.bss)
    ShootingLoadControlBlock                 0x20001bb4   Data          92  freertos.o(.bss)
    AutoBuffer                               0x20001c10   Data         512  freertos.o(.bss)
    AutoControlBlock                         0x20001e10   Data          92  freertos.o(.bss)
    RefereeBuffer                            0x20001e6c   Data         512  freertos.o(.bss)
    RefereeControlBlock                      0x2000206c   Data          92  freertos.o(.bss)
    VTBuffer                                 0x200020c8   Data         512  freertos.o(.bss)
    VTControlBlock                           0x200022c8   Data          92  freertos.o(.bss)
    PlyerUIBuffer                            0x20002324   Data         512  freertos.o(.bss)
    PlyerUIControlBlock                      0x20002524   Data          92  freertos.o(.bss)
    PrintfBuffer                             0x20002580   Data        4096  freertos.o(.bss)
    PrintfControlBlock                       0x20003580   Data          92  freertos.o(.bss)
    hcan1                                    0x200035dc   Data          40  can.o(.bss)
    hcan2                                    0x20003604   Data          40  can.o(.bss)
    hi2c3                                    0x2000362c   Data          84  i2c.o(.bss)
    hspi1                                    0x20003680   Data          88  spi.o(.bss)
    hdma_spi1_rx                             0x200036d8   Data          96  spi.o(.bss)
    hdma_spi1_tx                             0x20003738   Data          96  spi.o(.bss)
    htim10                                   0x20003798   Data          72  tim.o(.bss)
    huart1                                   0x200037e0   Data          72  usart.o(.bss)
    huart3                                   0x20003828   Data          72  usart.o(.bss)
    huart6                                   0x20003870   Data          72  usart.o(.bss)
    hdma_usart1_rx                           0x200038b8   Data          96  usart.o(.bss)
    hdma_usart1_tx                           0x20003918   Data          96  usart.o(.bss)
    hdma_usart3_rx                           0x20003978   Data          96  usart.o(.bss)
    hdma_usart6_rx                           0x200039d8   Data          96  usart.o(.bss)
    hdma_usart6_tx                           0x20003a38   Data          96  usart.o(.bss)
    htim2                                    0x20003a98   Data          72  stm32f4xx_hal_timebase_tim.o(.bss)
    xQueueRegistry                           0x20003ae0   Data          64  queue.o(.bss)
    Tx                                       0x20008520   Data          22  dual_board_transmit_task.o(.bss)
    INS_angle                                0x20008590   Data          12  ins_task.o(.bss)
    accel_dma_rx_buf                         0x2000859c   Data           9  ins_task.o(.bss)
    bmi088_real_data                         0x200085a8   Data          36  ins_task.o(.bss)
    gyro_offset                              0x200085cc   Data          12  ins_task.o(.bss)
    gyro_cali_offset                         0x200085d8   Data          12  ins_task.o(.bss)
    accel_offset                             0x200085e4   Data          12  ins_task.o(.bss)
    ist8310_real_data                        0x200085f0   Data          16  ins_task.o(.bss)
    mag_offset                               0x20008600   Data          12  ins_task.o(.bss)
    imu_temp_pid                             0x2000860c   Data          72  ins_task.o(.bss)
    IMU_DegAngle                             0x20008654   Data          12  ins_task.o(.bss)
    DJI_MFeedback_CAN1                       0x200086ec   Data         160  motorctrl_dji.o(.bss)
    DJI_MFeedback_CAN2                       0x2000878c   Data         160  motorctrl_dji.o(.bss)
    re_htim4                                 0x20008850   Data          72  buzzer_tim_init.o(.bss)
    MMCL_cmd                                 0x20008898   Data        1024  zdt_x_v2.o(.bss)
    CAN1_Instance                            0x200093d8   Data         120  zdt_can_bsp.o(.bss)
    ZDT_FeedBack                             0x20009478   Data          48  zdt_can_bsp.o(.bss)
    Gimbal_Instance                          0x200095d4   Data         112  gimbal_hero.o(.bss)
    Gimbal_Motor_STOP                        0x20009644   Data          52  gimbal_hero.o(.bss)
    Gimbal_Yaw_FF                            0x20009678   Data          68  gimbal_hero.o(.bss)
    Gimbal_Yaw_In                            0x200096bc   Data          52  gimbal_hero.o(.bss)
    Gimbal_Yaw_Ex                            0x200096f0   Data          52  gimbal_hero.o(.bss)
    Gimbal_Pitch_FF                          0x20009724   Data          68  gimbal_hero.o(.bss)
    Gimbal_Pitch_In                          0x20009768   Data          52  gimbal_hero.o(.bss)
    Gimbal_Pitch_Ex                          0x2000979c   Data          52  gimbal_hero.o(.bss)
    PID_SFri_STOP                            0x20009864   Data          52  shooting_hero.o(.bss)
    PID_SFri_UL_In                           0x20009898   Data          52  shooting_hero.o(.bss)
    PID_SFri_UL_Ex                           0x200098cc   Data          52  shooting_hero.o(.bss)
    PID_SFri_UR_In                           0x20009900   Data          52  shooting_hero.o(.bss)
    PID_SFri_UR_Ex                           0x20009934   Data          52  shooting_hero.o(.bss)
    PID_SFri_DM_In                           0x20009968   Data          52  shooting_hero.o(.bss)
    PID_SFri_DM_Ex                           0x2000999c   Data          52  shooting_hero.o(.bss)
    __libspace_start                         0x200099d0   Data          96  libspace.o(.bss)
    __temporary_stack_top$libspace           0x20009a30   Data           0  libspace.o(.bss)



==============================================================================

Memory Map of the image

  Image Entry point : 0x08000189

  Load Region LR_IROM1 (Base: 0x08000000, Size: 0x0000e950, Max: 0x00100000, ABSOLUTE, COMPRESSED[0x0000e74c])

    Execution Region ER_IROM1 (Exec base: 0x08000000, Load base: 0x08000000, Size: 0x0000e6d8, Max: 0x00100000, ABSOLUTE)

    Exec Addr    Load Addr    Size         Type   Attr      Idx    E Section Name        Object

    0x08000000   0x08000000   0x00000188   Data   RO            3    RESET               startup_stm32f407xx.o
    0x08000188   0x08000188   0x00000008   Code   RO        10697  * !!!main             c_w.l(__main.o)
    0x08000190   0x08000190   0x00000034   Code   RO        11387    !!!scatter          c_w.l(__scatter.o)
    0x080001c4   0x080001c4   0x0000005a   Code   RO        11385    !!dczerorl2         c_w.l(__dczerorl2.o)
    0x0800021e   0x0800021e   0x00000002   PAD
    0x08000220   0x08000220   0x0000001c   Code   RO        11389    !!handler_zi        c_w.l(__scatter_zi.o)
    0x0800023c   0x0800023c   0x00000002   Code   RO        11179    .ARM.Collect$$libinit$$00000000  c_w.l(libinit.o)
    0x0800023e   0x0800023e   0x00000004   Code   RO        11180    .ARM.Collect$$libinit$$00000001  c_w.l(libinit2.o)
    0x08000242   0x08000242   0x00000000   Code   RO        11183    .ARM.Collect$$libinit$$00000004  c_w.l(libinit2.o)
    0x08000242   0x08000242   0x00000000   Code   RO        11186    .ARM.Collect$$libinit$$0000000A  c_w.l(libinit2.o)
    0x08000242   0x08000242   0x00000000   Code   RO        11188    .ARM.Collect$$libinit$$0000000C  c_w.l(libinit2.o)
    0x08000242   0x08000242   0x00000000   Code   RO        11190    .ARM.Collect$$libinit$$0000000E  c_w.l(libinit2.o)
    0x08000242   0x08000242   0x00000000   Code   RO        11193    .ARM.Collect$$libinit$$00000011  c_w.l(libinit2.o)
    0x08000242   0x08000242   0x00000000   Code   RO        11195    .ARM.Collect$$libinit$$00000013  c_w.l(libinit2.o)
    0x08000242   0x08000242   0x00000000   Code   RO        11197    .ARM.Collect$$libinit$$00000015  c_w.l(libinit2.o)
    0x08000242   0x08000242   0x00000000   Code   RO        11199    .ARM.Collect$$libinit$$00000017  c_w.l(libinit2.o)
    0x08000242   0x08000242   0x00000000   Code   RO        11201    .ARM.Collect$$libinit$$00000019  c_w.l(libinit2.o)
    0x08000242   0x08000242   0x00000000   Code   RO        11203    .ARM.Collect$$libinit$$0000001B  c_w.l(libinit2.o)
    0x08000242   0x08000242   0x00000000   Code   RO        11205    .ARM.Collect$$libinit$$0000001D  c_w.l(libinit2.o)
    0x08000242   0x08000242   0x00000000   Code   RO        11207    .ARM.Collect$$libinit$$0000001F  c_w.l(libinit2.o)
    0x08000242   0x08000242   0x00000000   Code   RO        11209    .ARM.Collect$$libinit$$00000021  c_w.l(libinit2.o)
    0x08000242   0x08000242   0x00000000   Code   RO        11211    .ARM.Collect$$libinit$$00000023  c_w.l(libinit2.o)
    0x08000242   0x08000242   0x00000000   Code   RO        11213    .ARM.Collect$$libinit$$00000025  c_w.l(libinit2.o)
    0x08000242   0x08000242   0x00000000   Code   RO        11217    .ARM.Collect$$libinit$$0000002C  c_w.l(libinit2.o)
    0x08000242   0x08000242   0x00000000   Code   RO        11219    .ARM.Collect$$libinit$$0000002E  c_w.l(libinit2.o)
    0x08000242   0x08000242   0x00000000   Code   RO        11221    .ARM.Collect$$libinit$$00000030  c_w.l(libinit2.o)
    0x08000242   0x08000242   0x00000000   Code   RO        11223    .ARM.Collect$$libinit$$00000032  c_w.l(libinit2.o)
    0x08000242   0x08000242   0x00000002   Code   RO        11224    .ARM.Collect$$libinit$$00000033  c_w.l(libinit2.o)
    0x08000244   0x08000244   0x00000002   Code   RO        11366    .ARM.Collect$$libshutdown$$00000000  c_w.l(libshutdown.o)
    0x08000246   0x08000246   0x00000000   Code   RO        11226    .ARM.Collect$$libshutdown$$00000002  c_w.l(libshutdown2.o)
    0x08000246   0x08000246   0x00000000   Code   RO        11228    .ARM.Collect$$libshutdown$$00000004  c_w.l(libshutdown2.o)
    0x08000246   0x08000246   0x00000000   Code   RO        11231    .ARM.Collect$$libshutdown$$00000007  c_w.l(libshutdown2.o)
    0x08000246   0x08000246   0x00000000   Code   RO        11234    .ARM.Collect$$libshutdown$$0000000A  c_w.l(libshutdown2.o)
    0x08000246   0x08000246   0x00000000   Code   RO        11236    .ARM.Collect$$libshutdown$$0000000C  c_w.l(libshutdown2.o)
    0x08000246   0x08000246   0x00000000   Code   RO        11239    .ARM.Collect$$libshutdown$$0000000F  c_w.l(libshutdown2.o)
    0x08000246   0x08000246   0x00000002   Code   RO        11240    .ARM.Collect$$libshutdown$$00000010  c_w.l(libshutdown2.o)
    0x08000248   0x08000248   0x00000000   Code   RO        10847    .ARM.Collect$$rtentry$$00000000  c_w.l(__rtentry.o)
    0x08000248   0x08000248   0x00000000   Code   RO        10982    .ARM.Collect$$rtentry$$00000002  c_w.l(__rtentry2.o)
    0x08000248   0x08000248   0x00000006   Code   RO        10994    .ARM.Collect$$rtentry$$00000004  c_w.l(__rtentry4.o)
    0x0800024e   0x0800024e   0x00000000   Code   RO        10984    .ARM.Collect$$rtentry$$00000009  c_w.l(__rtentry2.o)
    0x0800024e   0x0800024e   0x00000004   Code   RO        10985    .ARM.Collect$$rtentry$$0000000A  c_w.l(__rtentry2.o)
    0x08000252   0x08000252   0x00000000   Code   RO        10987    .ARM.Collect$$rtentry$$0000000C  c_w.l(__rtentry2.o)
    0x08000252   0x08000252   0x00000008   Code   RO        10988    .ARM.Collect$$rtentry$$0000000D  c_w.l(__rtentry2.o)
    0x0800025a   0x0800025a   0x00000002   Code   RO        11248    .ARM.Collect$$rtexit$$00000000  c_w.l(rtexit.o)
    0x0800025c   0x0800025c   0x00000000   Code   RO        11309    .ARM.Collect$$rtexit$$00000002  c_w.l(rtexit2.o)
    0x0800025c   0x0800025c   0x00000004   Code   RO        11310    .ARM.Collect$$rtexit$$00000003  c_w.l(rtexit2.o)
    0x08000260   0x08000260   0x00000006   Code   RO        11311    .ARM.Collect$$rtexit$$00000004  c_w.l(rtexit2.o)
    0x08000266   0x08000266   0x00000002   PAD
    0x08000268   0x08000268   0x000000be   Code   RO         6271    .emb_text           port.o
    0x08000326   0x08000326   0x00000002   PAD
    0x08000328   0x08000328   0x00000040   Code   RO            4    .text               startup_stm32f407xx.o
    0x08000368   0x08000368   0x000000ee   Code   RO        10620    .text               c_w.l(lludivv7m.o)
    0x08000456   0x08000456   0x00000026   Code   RO        10622    .text               c_w.l(llshl.o)
    0x0800047c   0x0800047c   0x0000003e   Code   RO        10681    .text               c_w.l(strlen.o)
    0x080004ba   0x080004ba   0x0000008a   Code   RO        10683    .text               c_w.l(rt_memcpy_v6.o)
    0x08000544   0x08000544   0x00000064   Code   RO        10685    .text               c_w.l(rt_memcpy_w.o)
    0x080005a8   0x080005a8   0x00000010   Code   RO        10689    .text               c_w.l(aeabi_memset.o)
    0x080005b8   0x080005b8   0x00000044   Code   RO        10691    .text               c_w.l(rt_memclr.o)
    0x080005fc   0x080005fc   0x0000004e   Code   RO        10693    .text               c_w.l(rt_memclr_w.o)
    0x0800064a   0x0800064a   0x00000006   Code   RO        10695    .text               c_w.l(heapauxi.o)
    0x08000650   0x08000650   0x00000016   Code   RO        10852    .text               c_w.l(_rserrno.o)
    0x08000666   0x08000666   0x00000002   PAD
    0x08000668   0x08000668   0x00000008   Code   RO        11001    .text               c_w.l(rt_errno_addr_intlibspace.o)
    0x08000670   0x08000670   0x00000008   Code   RO        11051    .text               c_w.l(libspace.o)
    0x08000678   0x08000678   0x0000004a   Code   RO        11056    .text               c_w.l(sys_stackheap_outer.o)
    0x080006c2   0x080006c2   0x00000012   Code   RO        11164    .text               c_w.l(exit.o)
    0x080006d4   0x080006d4   0x00000002   Code   RO        11245    .text               c_w.l(use_no_semi.o)
    0x080006d6   0x080006d6   0x00000000   Code   RO        11247    .text               c_w.l(indicate_semi.o)
    0x080006d6   0x080006d6   0x00000002   PAD
    0x080006d8   0x080006d8   0x0000000c   Code   RO        11306    .text               c_w.l(sys_exit.o)
    0x080006e4   0x080006e4   0x00000004   Code   RO         6590    i.AHRS_asinf        ahrs_middleware.o
    0x080006e8   0x080006e8   0x00000004   Code   RO         6591    i.AHRS_atan2f       ahrs_middleware.o
    0x080006ec   0x080006ec   0x00000020   Code   RO         6592    i.AHRS_cosf         ahrs_middleware.o
    0x0800070c   0x0800070c   0x0000001a   Code   RO        10531    i.AHRS_fabs         AHRS.lib(ahrs.o)
    0x08000726   0x08000726   0x00000002   PAD
    0x08000728   0x08000728   0x00000014   Code   RO         6593    i.AHRS_get_height   ahrs_middleware.o
    0x0800073c   0x0800073c   0x0000000e   Code   RO         6594    i.AHRS_get_latitude  ahrs_middleware.o
    0x0800074a   0x0800074a   0x00000002   PAD
    0x0800074c   0x0800074c   0x0000029c   Code   RO        10532    i.AHRS_init         AHRS.lib(ahrs.o)
    0x080009e8   0x080009e8   0x00000014   Code   RO         6595    i.AHRS_invSqrt      ahrs_middleware.o
    0x080009fc   0x080009fc   0x00000020   Code   RO         6596    i.AHRS_sinf         ahrs_middleware.o
    0x08000a1c   0x08000a1c   0x0000013a   Code   RO        10533    i.AHRS_update       AHRS.lib(ahrs.o)
    0x08000b56   0x08000b56   0x00000002   PAD
    0x08000b58   0x08000b58   0x00000028   Code   RO         9954    i.AutoAimTask       autoaim_task.o
    0x08000b80   0x08000b80   0x00000008   Code   RO         9871    i.AutoAim_Ctrl_Get_point  autoaim.o
    0x08000b88   0x08000b88   0x0000003c   Code   RO         9872    i.AutoAim_Init      autoaim.o
    0x08000bc4   0x08000bc4   0x00000034   Code   RO         9873    i.AutoAim_ReceiveProcess  autoaim.o
    0x08000bf8   0x08000bf8   0x00000014   Code   RO         9874    i.AutoAim_SendData  autoaim.o
    0x08000c0c   0x08000c0c   0x00000060   Code   RO         9875    i.AutoAim_UART_IRQHandler  autoaim.o
    0x08000c6c   0x08000c6c   0x0000005c   Code   RO         9876    i.AutoAim_UpdateRx  autoaim.o
    0x08000cc8   0x08000cc8   0x00000020   Code   RO         9877    i.AutoAim_UpdateTx  autoaim.o
    0x08000ce8   0x08000ce8   0x00000040   Code   RO         9878    i.AutoAim_WeightFusion_Float  autoaim.o
    0x08000d28   0x08000d28   0x00000010   Code   RO         6947    i.BMI088_ACCEL_NS_H  bmi088middleware.o
    0x08000d38   0x08000d38   0x00000010   Code   RO         6948    i.BMI088_ACCEL_NS_L  bmi088middleware.o
    0x08000d48   0x08000d48   0x00000002   Code   RO         6949    i.BMI088_GPIO_init  bmi088middleware.o
    0x08000d4a   0x08000d4a   0x00000002   PAD
    0x08000d4c   0x08000d4c   0x00000010   Code   RO         6950    i.BMI088_GYRO_NS_H  bmi088middleware.o
    0x08000d5c   0x08000d5c   0x00000010   Code   RO         6951    i.BMI088_GYRO_NS_L  bmi088middleware.o
    0x08000d6c   0x08000d6c   0x00000080   Code   RO         6739    i.BMI088_accel_read_over  bmi088driver.o
    0x08000dec   0x08000dec   0x00000002   Code   RO         6952    i.BMI088_com_init   bmi088middleware.o
    0x08000dee   0x08000dee   0x00000004   Code   RO         6953    i.BMI088_delay_ms   bmi088middleware.o
    0x08000df2   0x08000df2   0x00000004   Code   RO         6954    i.BMI088_delay_us   bmi088middleware.o
    0x08000df6   0x08000df6   0x00000002   PAD
    0x08000df8   0x08000df8   0x00000060   Code   RO         6740    i.BMI088_gyro_read_over  bmi088driver.o
    0x08000e58   0x08000e58   0x0000002e   Code   RO         6741    i.BMI088_init       bmi088driver.o
    0x08000e86   0x08000e86   0x00000002   PAD
    0x08000e88   0x08000e88   0x00000158   Code   RO         6742    i.BMI088_read       bmi088driver.o
    0x08000fe0   0x08000fe0   0x00000024   Code   RO         6745    i.BMI088_read_muli_reg  bmi088driver.o
    0x08001004   0x08001004   0x00000016   Code   RO         6746    i.BMI088_read_single_reg  bmi088driver.o
    0x0800101a   0x0800101a   0x00000002   PAD
    0x0800101c   0x0800101c   0x00000020   Code   RO         6955    i.BMI088_read_write_byte  bmi088middleware.o
    0x0800103c   0x0800103c   0x0000002e   Code   RO         6747    i.BMI088_temperature_read_over  bmi088driver.o
    0x0800106a   0x0800106a   0x00000012   Code   RO         6748    i.BMI088_write_single_reg  bmi088driver.o
    0x0800107c   0x0800107c   0x00000014   Code   RO         6401    i.BSP_Init          bsp_init.o
    0x08001090   0x08001090   0x00000002   Code   RO          793    i.BusFault_Handler  stm32f4xx_it.o
    0x08001092   0x08001092   0x00000002   PAD
    0x08001094   0x08001094   0x0000000c   Code   RO          794    i.CAN1_RX0_IRQHandler  stm32f4xx_it.o
    0x080010a0   0x080010a0   0x0000000c   Code   RO          795    i.CAN1_RX1_IRQHandler  stm32f4xx_it.o
    0x080010ac   0x080010ac   0x0000000c   Code   RO          796    i.CAN2_RX0_IRQHandler  stm32f4xx_it.o
    0x080010b8   0x080010b8   0x0000000c   Code   RO          797    i.CAN2_RX1_IRQHandler  stm32f4xx_it.o
    0x080010c4   0x080010c4   0x00000026   Code   RO         7840    i.CAN_DJI_Motor_CheckOnline  motorctrl_dji.o
    0x080010ea   0x080010ea   0x00000002   PAD
    0x080010ec   0x080010ec   0x0000005c   Code   RO         7841    i.CAN_DJI_Motor_Feedback  motorctrl_dji.o
    0x08001148   0x08001148   0x00000032   Code   RO         6353    i.CAN_Send_STD      bsp_can.o
    0x0800117a   0x0800117a   0x00000028   Code   RO         8916    i.CAN_ZDT_Motor_FeedBack  zdt_can_bsp.o
    0x080011a2   0x080011a2   0x00000002   PAD
    0x080011a4   0x080011a4   0x000004a8   Code   RO         7678    i.CMDUpdateTask     cmdcenter.o
    0x0800164c   0x0800164c   0x00000050   Code   RO         7679    i.CMD_Center_Init   cmdcenter.o
    0x0800169c   0x0800169c   0x00000008   Code   RO         7680    i.CMD_Get_point     cmdcenter.o
    0x080016a4   0x080016a4   0x00000038   Code   RO        10055    i.ChassisTask       chassis_task.o
    0x080016dc   0x080016dc   0x00000002   Code   RO        10056    i.Chassis_CtrlCalc  chassis_task.o
    0x080016de   0x080016de   0x00000002   Code   RO        10057    i.Chassis_HandleError  chassis_task.o
    0x080016e0   0x080016e0   0x00000002   Code   RO        10058    i.Chassis_Init      chassis_task.o
    0x080016e2   0x080016e2   0x00000002   Code   RO        10059    i.Chassis_RefreshTarget  chassis_task.o
    0x080016e4   0x080016e4   0x00000002   Code   RO        10060    i.Chassis_SendCmd   chassis_task.o
    0x080016e6   0x080016e6   0x00000002   Code   RO        10061    i.Chassis_SetMode   chassis_task.o
    0x080016e8   0x080016e8   0x00000002   Code   RO        10062    i.Chassis_Update    chassis_task.o
    0x080016ea   0x080016ea   0x00000002   PAD
    0x080016ec   0x080016ec   0x0000001c   Code   RO         8090    i.DJIMotorCheckTask  motorctrl_dji_check_task.o
    0x08001708   0x08001708   0x0000000c   Code   RO          798    i.DMA1_Stream1_IRQHandler  stm32f4xx_it.o
    0x08001714   0x08001714   0x0000000c   Code   RO          799    i.DMA2_Stream1_IRQHandler  stm32f4xx_it.o
    0x08001720   0x08001720   0x000002ac   Code   RO         7223    i.DMA2_Stream2_IRQHandler  ins_task.o
    0x080019cc   0x080019cc   0x0000000c   Code   RO          800    i.DMA2_Stream5_IRQHandler  stm32f4xx_it.o
    0x080019d8   0x080019d8   0x0000000c   Code   RO          801    i.DMA2_Stream6_IRQHandler  stm32f4xx_it.o
    0x080019e4   0x080019e4   0x0000000c   Code   RO          802    i.DMA2_Stream7_IRQHandler  stm32f4xx_it.o
    0x080019f0   0x080019f0   0x00000028   Code   RO         2701    i.DMA_CalcBaseAndBitshift  stm32f4xx_hal_dma.o
    0x08001a18   0x08001a18   0x00000054   Code   RO         2702    i.DMA_CheckFifoParam  stm32f4xx_hal_dma.o
    0x08001a6c   0x08001a6c   0x00000028   Code   RO         2703    i.DMA_SetConfig     stm32f4xx_hal_dma.o
    0x08001a94   0x08001a94   0x00000002   Code   RO          803    i.DebugMon_Handler  stm32f4xx_it.o
    0x08001a96   0x08001a96   0x00000002   PAD
    0x08001a98   0x08001a98   0x00000070   Code   RO        10370    i.Detect_Fied       shooting_hero.o
    0x08001b08   0x08001b08   0x0000003c   Code   RO         6546    i.DualBoardTask     dual_board_transmit_task.o
    0x08001b44   0x08001b44   0x000000ac   Code   RO         6510    i.DualBoard_ParseStruct  dual_board_transmit.o
    0x08001bf0   0x08001bf0   0x00000098   Code   RO         6511    i.DualBoard_SendStruct  dual_board_transmit.o
    0x08001c88   0x08001c88   0x0000000c   Code   RO         6547    i.Dual_Board_TX_Set_LoadStartFlag  dual_board_transmit_task.o
    0x08001c94   0x08001c94   0x00000038   Code   RO         7844    i.ESC_Control_Raw_Group  motorctrl_dji.o
    0x08001ccc   0x08001ccc   0x00000040   Code   RO         7845    i.ESC_Control_Raw_Single  motorctrl_dji.o
    0x08001d0c   0x08001d0c   0x00000006   Code   RO          804    i.EXTI0_IRQHandler  stm32f4xx_it.o
    0x08001d12   0x08001d12   0x00000006   Code   RO          805    i.EXTI3_IRQHandler  stm32f4xx_it.o
    0x08001d18   0x08001d18   0x00000006   Code   RO          806    i.EXTI4_IRQHandler  stm32f4xx_it.o
    0x08001d1e   0x08001d1e   0x00000006   Code   RO          807    i.EXTI9_5_IRQHandler  stm32f4xx_it.o
    0x08001d24   0x08001d24   0x00000004   Code   RO           13    i.Error_Handler     main.o
    0x08001d28   0x08001d28   0x00000150   Code   RO        10371    i.Fire_Run          shooting_hero.o
    0x08001e78   0x08001e78   0x00000080   Code   RO        10372    i.Friction_Update_Target  shooting_hero.o
    0x08001ef8   0x08001ef8   0x00000050   Code   RO         7224    i.GetIMU_Value      ins_task.o
    0x08001f48   0x08001f48   0x00000018   Code   RO         7846    i.Get_CAN_ID        motorctrl_dji.o
    0x08001f60   0x08001f60   0x00000034   Code   RO        10156    i.GimbalTask        gimbal_task.o
    0x08001f94   0x08001f94   0x00000058   Code   RO        10227    i.Gimbal_CtrlCalc   gimbal_hero.o
    0x08001fec   0x08001fec   0x00000002   Code   RO        10228    i.Gimbal_HandleError  gimbal_hero.o
    0x08001fee   0x08001fee   0x00000002   PAD
    0x08001ff0   0x08001ff0   0x00000184   Code   RO        10229    i.Gimbal_Init       gimbal_hero.o
    0x08002174   0x08002174   0x00000020   Code   RO        10230    i.Gimbal_RefreshTarget  gimbal_hero.o
    0x08002194   0x08002194   0x000000d8   Code   RO        10231    i.Gimbal_SendCmd    gimbal_hero.o
    0x0800226c   0x0800226c   0x00000002   Code   RO        10232    i.Gimbal_SetMode    gimbal_hero.o
    0x0800226e   0x0800226e   0x00000002   PAD
    0x08002270   0x08002270   0x0000009c   Code   RO        10233    i.Gimbal_Update     gimbal_hero.o
    0x0800230c   0x0800230c   0x00000140   Code   RO        10234    i.Gimbal_Update_Target  gimbal_hero.o
    0x0800244c   0x0800244c   0x00000024   Code   RO         2009    i.HAL_CAN_ActivateNotification  stm32f4xx_hal_can.o
    0x08002470   0x08002470   0x000000bc   Code   RO         2010    i.HAL_CAN_AddTxMessage  stm32f4xx_hal_can.o
    0x0800252c   0x0800252c   0x0000010c   Code   RO         2011    i.HAL_CAN_ConfigFilter  stm32f4xx_hal_can.o
    0x08002638   0x08002638   0x00000002   Code   RO         2014    i.HAL_CAN_ErrorCallback  stm32f4xx_hal_can.o
    0x0800263a   0x0800263a   0x000000f4   Code   RO         2017    i.HAL_CAN_GetRxMessage  stm32f4xx_hal_can.o
    0x0800272e   0x0800272e   0x0000002c   Code   RO         2019    i.HAL_CAN_GetTxMailboxesFreeLevel  stm32f4xx_hal_can.o
    0x0800275a   0x0800275a   0x000001fc   Code   RO         2021    i.HAL_CAN_IRQHandler  stm32f4xx_hal_can.o
    0x08002956   0x08002956   0x0000011a   Code   RO         2022    i.HAL_CAN_Init      stm32f4xx_hal_can.o
    0x08002a70   0x08002a70   0x00000118   Code   RO          532    i.HAL_CAN_MspInit   can.o
    0x08002b88   0x08002b88   0x00000002   Code   RO         2029    i.HAL_CAN_RxFifo0FullCallback  stm32f4xx_hal_can.o
    0x08002b8a   0x08002b8a   0x00000002   PAD
    0x08002b8c   0x08002b8c   0x000000bc   Code   RO         8009    i.HAL_CAN_RxFifo0MsgPendingCallback  user_callback.o
    0x08002c48   0x08002c48   0x00000002   Code   RO         2031    i.HAL_CAN_RxFifo1FullCallback  stm32f4xx_hal_can.o
    0x08002c4a   0x08002c4a   0x00000002   Code   RO         2032    i.HAL_CAN_RxFifo1MsgPendingCallback  stm32f4xx_hal_can.o
    0x08002c4c   0x08002c4c   0x00000002   Code   RO         2033    i.HAL_CAN_SleepCallback  stm32f4xx_hal_can.o
    0x08002c4e   0x08002c4e   0x00000056   Code   RO         2034    i.HAL_CAN_Start     stm32f4xx_hal_can.o
    0x08002ca4   0x08002ca4   0x00000002   Code   RO         2036    i.HAL_CAN_TxMailbox0AbortCallback  stm32f4xx_hal_can.o
    0x08002ca6   0x08002ca6   0x00000002   Code   RO         2037    i.HAL_CAN_TxMailbox0CompleteCallback  stm32f4xx_hal_can.o
    0x08002ca8   0x08002ca8   0x00000002   Code   RO         2038    i.HAL_CAN_TxMailbox1AbortCallback  stm32f4xx_hal_can.o
    0x08002caa   0x08002caa   0x00000002   Code   RO         2039    i.HAL_CAN_TxMailbox1CompleteCallback  stm32f4xx_hal_can.o
    0x08002cac   0x08002cac   0x00000002   Code   RO         2040    i.HAL_CAN_TxMailbox2AbortCallback  stm32f4xx_hal_can.o
    0x08002cae   0x08002cae   0x00000002   Code   RO         2041    i.HAL_CAN_TxMailbox2CompleteCallback  stm32f4xx_hal_can.o
    0x08002cb0   0x08002cb0   0x00000002   Code   RO         2043    i.HAL_CAN_WakeUpFromRxMsgCallback  stm32f4xx_hal_can.o
    0x08002cb2   0x08002cb2   0x00000092   Code   RO         2704    i.HAL_DMA_Abort     stm32f4xx_hal_dma.o
    0x08002d44   0x08002d44   0x00000024   Code   RO         2705    i.HAL_DMA_Abort_IT  stm32f4xx_hal_dma.o
    0x08002d68   0x08002d68   0x00000004   Code   RO         2707    i.HAL_DMA_GetError  stm32f4xx_hal_dma.o
    0x08002d6c   0x08002d6c   0x000001a0   Code   RO         2709    i.HAL_DMA_IRQHandler  stm32f4xx_hal_dma.o
    0x08002f0c   0x08002f0c   0x000000d4   Code   RO         2710    i.HAL_DMA_Init      stm32f4xx_hal_dma.o
    0x08002fe0   0x08002fe0   0x0000006e   Code   RO         2714    i.HAL_DMA_Start_IT  stm32f4xx_hal_dma.o
    0x0800304e   0x0800304e   0x00000002   PAD
    0x08003050   0x08003050   0x00000078   Code   RO         7225    i.HAL_GPIO_EXTI_Callback  ins_task.o
    0x080030c8   0x080030c8   0x00000018   Code   RO         2596    i.HAL_GPIO_EXTI_IRQHandler  stm32f4xx_hal_gpio.o
    0x080030e0   0x080030e0   0x000001d0   Code   RO         2597    i.HAL_GPIO_Init     stm32f4xx_hal_gpio.o
    0x080032b0   0x080032b0   0x0000000a   Code   RO         2601    i.HAL_GPIO_WritePin  stm32f4xx_hal_gpio.o
    0x080032ba   0x080032ba   0x00000002   PAD
    0x080032bc   0x080032bc   0x0000000c   Code   RO         3147    i.HAL_GetTick       stm32f4xx_hal.o
    0x080032c8   0x080032c8   0x00000188   Code   RO         3403    i.HAL_I2C_Init      stm32f4xx_hal_i2c.o
    0x08003450   0x08003450   0x00000204   Code   RO         3421    i.HAL_I2C_Mem_Read  stm32f4xx_hal_i2c.o
    0x08003654   0x08003654   0x00000130   Code   RO         3424    i.HAL_I2C_Mem_Write  stm32f4xx_hal_i2c.o
    0x08003784   0x08003784   0x0000008c   Code   RO          605    i.HAL_I2C_MspInit   i2c.o
    0x08003810   0x08003810   0x00000010   Code   RO         3153    i.HAL_IncTick       stm32f4xx_hal.o
    0x08003820   0x08003820   0x00000034   Code   RO         3154    i.HAL_Init          stm32f4xx_hal.o
    0x08003854   0x08003854   0x00000098   Code   RO          996    i.HAL_InitTick      stm32f4xx_hal_timebase_tim.o
    0x080038ec   0x080038ec   0x00000038   Code   RO          972    i.HAL_MspInit       stm32f4xx_hal_msp.o
    0x08003924   0x08003924   0x0000001a   Code   RO         2989    i.HAL_NVIC_EnableIRQ  stm32f4xx_hal_cortex.o
    0x0800393e   0x0800393e   0x00000002   PAD
    0x08003940   0x08003940   0x00000040   Code   RO         2995    i.HAL_NVIC_SetPriority  stm32f4xx_hal_cortex.o
    0x08003980   0x08003980   0x00000024   Code   RO         2996    i.HAL_NVIC_SetPriorityGrouping  stm32f4xx_hal_cortex.o
    0x080039a4   0x080039a4   0x00000134   Code   RO         2243    i.HAL_RCC_ClockConfig  stm32f4xx_hal_rcc.o
    0x08003ad8   0x08003ad8   0x00000040   Code   RO         2247    i.HAL_RCC_GetClockConfig  stm32f4xx_hal_rcc.o
    0x08003b18   0x08003b18   0x00000020   Code   RO         2250    i.HAL_RCC_GetPCLK1Freq  stm32f4xx_hal_rcc.o
    0x08003b38   0x08003b38   0x00000020   Code   RO         2251    i.HAL_RCC_GetPCLK2Freq  stm32f4xx_hal_rcc.o
    0x08003b58   0x08003b58   0x00000064   Code   RO         2252    i.HAL_RCC_GetSysClockFreq  stm32f4xx_hal_rcc.o
    0x08003bbc   0x08003bbc   0x00000358   Code   RO         2255    i.HAL_RCC_OscConfig  stm32f4xx_hal_rcc.o
    0x08003f14   0x08003f14   0x000000bc   Code   RO         3858    i.HAL_SPI_Init      stm32f4xx_hal_spi.o
    0x08003fd0   0x08003fd0   0x00000100   Code   RO          647    i.HAL_SPI_MspInit   spi.o
    0x080040d0   0x080040d0   0x000001e6   Code   RO         3867    i.HAL_SPI_TransmitReceive  stm32f4xx_hal_spi.o
    0x080042b6   0x080042b6   0x00000002   Code   RO         1741    i.HAL_TIMEx_BreakCallback  stm32f4xx_hal_tim_ex.o
    0x080042b8   0x080042b8   0x00000002   Code   RO         1742    i.HAL_TIMEx_CommutCallback  stm32f4xx_hal_tim_ex.o
    0x080042ba   0x080042ba   0x00000002   PAD
    0x080042bc   0x080042bc   0x00000090   Code   RO         1760    i.HAL_TIMEx_MasterConfigSynchronization  stm32f4xx_hal_tim_ex.o
    0x0800434c   0x0800434c   0x0000005a   Code   RO         1037    i.HAL_TIM_Base_Init  stm32f4xx_hal_tim.o
    0x080043a6   0x080043a6   0x00000002   PAD
    0x080043a8   0x080043a8   0x00000028   Code   RO          689    i.HAL_TIM_Base_MspInit  tim.o
    0x080043d0   0x080043d0   0x00000078   Code   RO         1040    i.HAL_TIM_Base_Start  stm32f4xx_hal_tim.o
    0x08004448   0x08004448   0x00000080   Code   RO         1042    i.HAL_TIM_Base_Start_IT  stm32f4xx_hal_tim.o
    0x080044c8   0x080044c8   0x000000dc   Code   RO         1046    i.HAL_TIM_ConfigClockSource  stm32f4xx_hal_tim.o
    0x080045a4   0x080045a4   0x00000002   Code   RO         1071    i.HAL_TIM_IC_CaptureCallback  stm32f4xx_hal_tim.o
    0x080045a6   0x080045a6   0x00000130   Code   RO         1085    i.HAL_TIM_IRQHandler  stm32f4xx_hal_tim.o
    0x080046d6   0x080046d6   0x00000002   PAD
    0x080046d8   0x080046d8   0x00000054   Code   RO          690    i.HAL_TIM_MspPostInit  tim.o
    0x0800472c   0x0800472c   0x00000002   Code   RO         1088    i.HAL_TIM_OC_DelayElapsedCallback  stm32f4xx_hal_tim.o
    0x0800472e   0x0800472e   0x000000cc   Code   RO         1109    i.HAL_TIM_PWM_ConfigChannel  stm32f4xx_hal_tim.o
    0x080047fa   0x080047fa   0x0000005a   Code   RO         1112    i.HAL_TIM_PWM_Init  stm32f4xx_hal_tim.o
    0x08004854   0x08004854   0x00000002   Code   RO         1114    i.HAL_TIM_PWM_MspInit  stm32f4xx_hal_tim.o
    0x08004856   0x08004856   0x00000002   Code   RO         1115    i.HAL_TIM_PWM_PulseFinishedCallback  stm32f4xx_hal_tim.o
    0x08004858   0x08004858   0x000000d0   Code   RO         1117    i.HAL_TIM_PWM_Start  stm32f4xx_hal_tim.o
    0x08004928   0x08004928   0x0000000e   Code   RO           14    i.HAL_TIM_PeriodElapsedCallback  main.o
    0x08004936   0x08004936   0x00000002   Code   RO         1128    i.HAL_TIM_TriggerCallback  stm32f4xx_hal_tim.o
    0x08004938   0x08004938   0x00000002   Code   RO         4181    i.HAL_UARTEx_RxEventCallback  stm32f4xx_hal_uart.o
    0x0800493a   0x0800493a   0x00000094   Code   RO         4184    i.HAL_UART_AbortReceive  stm32f4xx_hal_uart.o
    0x080049ce   0x080049ce   0x00000002   Code   RO         4195    i.HAL_UART_ErrorCallback  stm32f4xx_hal_uart.o
    0x080049d0   0x080049d0   0x00000280   Code   RO         4198    i.HAL_UART_IRQHandler  stm32f4xx_hal_uart.o
    0x08004c50   0x08004c50   0x00000064   Code   RO         4199    i.HAL_UART_Init     stm32f4xx_hal_uart.o
    0x08004cb4   0x08004cb4   0x00000290   Code   RO          737    i.HAL_UART_MspInit  usart.o
    0x08004f44   0x08004f44   0x0000001c   Code   RO         4203    i.HAL_UART_Receive_DMA  stm32f4xx_hal_uart.o
    0x08004f60   0x08004f60   0x00000002   Code   RO         4205    i.HAL_UART_RxCpltCallback  stm32f4xx_hal_uart.o
    0x08004f62   0x08004f62   0x00000002   Code   RO         4206    i.HAL_UART_RxHalfCpltCallback  stm32f4xx_hal_uart.o
    0x08004f64   0x08004f64   0x00000088   Code   RO         4208    i.HAL_UART_Transmit_DMA  stm32f4xx_hal_uart.o
    0x08004fec   0x08004fec   0x0000001c   Code   RO         9797    i.HAL_UART_TxCpltCallback  printf.o
    0x08005008   0x08005008   0x00000002   Code   RO         4211    i.HAL_UART_TxHalfCpltCallback  stm32f4xx_hal_uart.o
    0x0800500a   0x0800500a   0x00000002   PAD
    0x0800500c   0x0800500c   0x0000014c   Code   RO         7955    i.HORRC_HT10A_GET_Ctl  remote_ctrl.o
    0x08005158   0x08005158   0x00000002   Code   RO          808    i.HardFault_Handler  stm32f4xx_it.o
    0x0800515a   0x0800515a   0x0000002e   Code   RO         3446    i.I2C_IsAcknowledgeFailed  stm32f4xx_hal_i2c.o
    0x08005188   0x08005188   0x000000fc   Code   RO         3456    i.I2C_RequestMemoryRead  stm32f4xx_hal_i2c.o
    0x08005284   0x08005284   0x000000a8   Code   RO         3457    i.I2C_RequestMemoryWrite  stm32f4xx_hal_i2c.o
    0x0800532c   0x0800532c   0x00000056   Code   RO         3461    i.I2C_WaitOnBTFFlagUntilTimeout  stm32f4xx_hal_i2c.o
    0x08005382   0x08005382   0x00000088   Code   RO         3462    i.I2C_WaitOnFlagUntilTimeout  stm32f4xx_hal_i2c.o
    0x0800540a   0x0800540a   0x000000ba   Code   RO         3463    i.I2C_WaitOnMasterAddressFlagUntilTimeout  stm32f4xx_hal_i2c.o
    0x080054c4   0x080054c4   0x00000074   Code   RO         3464    i.I2C_WaitOnRXNEFlagUntilTimeout  stm32f4xx_hal_i2c.o
    0x08005538   0x08005538   0x00000056   Code   RO         3465    i.I2C_WaitOnTXEFlagUntilTimeout  stm32f4xx_hal_i2c.o
    0x0800558e   0x0800558e   0x00000002   PAD
    0x08005590   0x08005590   0x00000008   Code   RO         7226    i.IMU_Get_point     ins_task.o
    0x08005598   0x08005598   0x0000024c   Code   RO         7229    i.INS_task          ins_task.o
    0x080057e4   0x080057e4   0x00000008   Code   RO         7847    i.Int16_To_BigEndian  motorctrl_dji.o
    0x080057ec   0x080057ec   0x00000024   Code   RO         9195    i.KeyDebounce_Process  advancedkeyoperation.o
    0x08005810   0x08005810   0x00000018   Code   RO         9196    i.KeyHandle_Init    advancedkeyoperation.o
    0x08005828   0x08005828   0x00000072   Code   RO         9197    i.KeyLongPress_Process  advancedkeyoperation.o
    0x0800589a   0x0800589a   0x00000032   Code   RO         9198    i.KeyToggle_Process  advancedkeyoperation.o
    0x080058cc   0x080058cc   0x0000003c   Code   RO         7956    i.Knob_Set          remote_ctrl.o
    0x08005908   0x08005908   0x00000034   Code   RO        10463    i.LoadTask          load_task.o
    0x0800593c   0x0800593c   0x00000002   Code   RO        10464    i.Load_CtrlCalc     load_task.o
    0x0800593e   0x0800593e   0x00000002   Code   RO        10465    i.Load_HandleError  load_task.o
    0x08005940   0x08005940   0x00000002   Code   RO        10467    i.Load_RefreshTarget  load_task.o
    0x08005942   0x08005942   0x00000002   PAD
    0x08005944   0x08005944   0x00000064   Code   RO        10373    i.Load_Run          shooting_hero.o
    0x080059a8   0x080059a8   0x00000002   Code   RO        10468    i.Load_SendCmd      load_task.o
    0x080059aa   0x080059aa   0x00000002   Code   RO        10469    i.Load_SetMode      load_task.o
    0x080059ac   0x080059ac   0x00000002   Code   RO        10470    i.Load_Update       load_task.o
    0x080059ae   0x080059ae   0x00000002   PAD
    0x080059b0   0x080059b0   0x0000007c   Code   RO         8151    i.MXY_TIM4_Init     buzzer_tim_init.o
    0x08005a2c   0x08005a2c   0x00000044   Code   RO          533    i.MX_CAN1_Init      can.o
    0x08005a70   0x08005a70   0x00000044   Code   RO          534    i.MX_CAN2_Init      can.o
    0x08005ab4   0x08005ab4   0x0000009c   Code   RO          580    i.MX_DMA_Init       dma.o
    0x08005b50   0x08005b50   0x00000154   Code   RO          365    i.MX_FREERTOS_Init  freertos.o
    0x08005ca4   0x08005ca4   0x000001a8   Code   RO          335    i.MX_GPIO_Init      gpio.o
    0x08005e4c   0x08005e4c   0x00000040   Code   RO          606    i.MX_I2C3_Init      i2c.o
    0x08005e8c   0x08005e8c   0x00000048   Code   RO          648    i.MX_SPI1_Init      spi.o
    0x08005ed4   0x08005ed4   0x00000064   Code   RO          691    i.MX_TIM10_Init     tim.o
    0x08005f38   0x08005f38   0x00000038   Code   RO          738    i.MX_USART1_UART_Init  usart.o
    0x08005f70   0x08005f70   0x00000044   Code   RO          739    i.MX_USART3_UART_Init  usart.o
    0x08005fb4   0x08005fb4   0x00000038   Code   RO          740    i.MX_USART6_UART_Init  usart.o
    0x08005fec   0x08005fec   0x00000002   Code   RO          809    i.MemManage_Handler  stm32f4xx_it.o
    0x08005fee   0x08005fee   0x00000002   PAD
    0x08005ff0   0x08005ff0   0x0000002c   Code   RO         7848    i.MotorCtrl_DJI_GetDJI_MFeedback  motorctrl_dji.o
    0x0800601c   0x0800601c   0x00000090   Code   RO         7740    i.MyMath_Limit_Float  math_lib.o
    0x080060ac   0x080060ac   0x00000032   Code   RO         7742    i.MyMath_Map_Range_Float  math_lib.o
    0x080060de   0x080060de   0x00000002   PAD
    0x080060e0   0x080060e0   0x0000003c   Code   RO         7743    i.MyMath_Map_Range_Int16  math_lib.o
    0x0800611c   0x0800611c   0x00000028   Code   RO         7744    i.MyMath_Radians_To_Degrees  math_lib.o
    0x08006144   0x08006144   0x00000044   Code   RO         7745    i.MyMath_Scale_Int16  math_lib.o
    0x08006188   0x08006188   0x00000002   Code   RO          810    i.NMI_Handler       stm32f4xx_it.o
    0x0800618a   0x0800618a   0x00000002   PAD
    0x0800618c   0x0800618c   0x00000034   Code   RO         7563    i.PID_AngleShortestError  pid_lib.o
    0x080061c0   0x080061c0   0x000000dc   Code   RO         7564    i.PID_CalcCore      pid_lib.o
    0x0800629c   0x0800629c   0x00000014   Code   RO         7565    i.PID_Calculate     pid_lib.o
    0x080062b0   0x080062b0   0x00000094   Code   RO         7566    i.PID_Calculate_CycleAngle  pid_lib.o
    0x08006344   0x08006344   0x00000064   Code   RO         7567    i.PID_Double_Calculate  pid_lib.o
    0x080063a8   0x080063a8   0x00000064   Code   RO         7568    i.PID_Double_CycleAngle  pid_lib.o
    0x0800640c   0x0800640c   0x000000ec   Code   RO         7569    i.PID_FF_CalcCore   pid_lib.o
    0x080064f8   0x080064f8   0x000000dc   Code   RO         7572    i.PID_FF_Calculate_CycleAngle  pid_lib.o
    0x080065d4   0x080065d4   0x00000026   Code   RO         7573    i.PID_FF_Init       pid_lib.o
    0x080065fa   0x080065fa   0x00000002   PAD
    0x080065fc   0x080065fc   0x00000030   Code   RO         7574    i.PID_FF_Reset      pid_lib.o
    0x0800662c   0x0800662c   0x0000002c   Code   RO         7575    i.PID_Init          pid_lib.o
    0x08006658   0x08006658   0x00000128   Code   RO         7184    i.PID_calc          imu_pid.o
    0x08006780   0x08006780   0x0000005c   Code   RO         7186    i.PID_init          imu_pid.o
    0x080067dc   0x080067dc   0x00000008   Code   RO          366    i.PlyerUITask       freertos.o
    0x080067e4   0x080067e4   0x0000001c   Code   RO         9842    i.PrintfTask        printf_task.o
    0x08006800   0x08006800   0x0000000c   Code   RO         9799    i.Printf_Init       printf.o
    0x0800680c   0x0800680c   0x0000001c   Code   RO         7957    i.RCUpdateTask      remote_ctrl.o
    0x08006828   0x08006828   0x00000030   Code   RO         7751    i.RPM_Protect       math_lib.o
    0x08006858   0x08006858   0x00000008   Code   RO          369    i.RefereeTask       freertos.o
    0x08006860   0x08006860   0x0000001c   Code   RO         6428    i.SBUSTask          bsp_sbus.o
    0x0800687c   0x0800687c   0x00000130   Code   RO         6429    i.SBUS_DecodeFrame  bsp_sbus.o
    0x080069ac   0x080069ac   0x00000078   Code   RO         6430    i.SBUS_HandleStateMachine  bsp_sbus.o
    0x08006a24   0x08006a24   0x0000005c   Code   RO         6431    i.SBUS_Init         bsp_sbus.o
    0x08006a80   0x08006a80   0x00000080   Code   RO         6434    i.SBUS_Process      bsp_sbus.o
    0x08006b00   0x08006b00   0x00000054   Code   RO         6435    i.SBUS_ResetReceiver  bsp_sbus.o
    0x08006b54   0x08006b54   0x0000003c   Code   RO         6436    i.SBUS_UART_IRQHandler  bsp_sbus.o
    0x08006b90   0x08006b90   0x00001274   Code   RO         7150    i.SPI1_DMA_enable   bsp_spi.o
    0x08007e04   0x08007e04   0x00000100   Code   RO         7151    i.SPI1_DMA_init     bsp_spi.o
    0x08007f04   0x08007f04   0x0000006c   Code   RO         3896    i.SPI_EndRxTxTransaction  stm32f4xx_hal_spi.o
    0x08007f70   0x08007f70   0x000000bc   Code   RO         3901    i.SPI_WaitFlagStateUntilTimeout  stm32f4xx_hal_spi.o
    0x0800802c   0x0800802c   0x00000008   Code   RO          371    i.ShootingLoadTask  freertos.o
    0x08008034   0x08008034   0x00000008   Code   RO          372    i.ShootingPushRodTask  freertos.o
    0x0800803c   0x0800803c   0x00000034   Code   RO        10299    i.ShootingTask      shooting_task.o
    0x08008070   0x08008070   0x000000c8   Code   RO        10374    i.Shooting_CtrlCalc  shooting_hero.o
    0x08008138   0x08008138   0x00000002   Code   RO        10375    i.Shooting_HandleError  shooting_hero.o
    0x0800813a   0x0800813a   0x00000002   PAD
    0x0800813c   0x0800813c   0x0000016c   Code   RO        10376    i.Shooting_Init     shooting_hero.o
    0x080082a8   0x080082a8   0x00000012   Code   RO        10377    i.Shooting_RefreshTarget  shooting_hero.o
    0x080082ba   0x080082ba   0x00000002   PAD
    0x080082bc   0x080082bc   0x00000170   Code   RO        10378    i.Shooting_SendCmd  shooting_hero.o
    0x0800842c   0x0800842c   0x00000002   Code   RO        10379    i.Shooting_SetMode  shooting_hero.o
    0x0800842e   0x0800842e   0x00000002   PAD
    0x08008430   0x08008430   0x0000007c   Code   RO        10380    i.Shooting_Update   shooting_hero.o
    0x080084ac   0x080084ac   0x00000008   Code   RO          374    i.StartDefaultTask  freertos.o
    0x080084b4   0x080084b4   0x00000044   Code   RO         7958    i.Switch_Set        remote_ctrl.o
    0x080084f8   0x080084f8   0x0000001a   Code   RO         5703    i.SysTick_Handler   cmsis_os2.o
    0x08008512   0x08008512   0x00000002   PAD
    0x08008514   0x08008514   0x00000094   Code   RO           15    i.SystemClock_Config  main.o
    0x080085a8   0x080085a8   0x00000010   Code   RO         4533    i.SystemInit        system_stm32f4xx.o
    0x080085b8   0x080085b8   0x0000000c   Code   RO          811    i.TIM2_IRQHandler   stm32f4xx_it.o
    0x080085c4   0x080085c4   0x00000036   Code   RO         8152    i.TIM_Base_Init_buzzer  buzzer_tim_init.o
    0x080085fa   0x080085fa   0x00000002   PAD
    0x080085fc   0x080085fc   0x00000028   Code   RO         8154    i.TIM_Base_MspInit_buzzer  buzzer_tim_init.o
    0x08008624   0x08008624   0x000000d0   Code   RO         1130    i.TIM_Base_SetConfig  stm32f4xx_hal_tim.o
    0x080086f4   0x080086f4   0x0000001a   Code   RO         1131    i.TIM_CCxChannelCmd  stm32f4xx_hal_tim.o
    0x0800870e   0x0800870e   0x00000014   Code   RO         1141    i.TIM_ETR_SetConfig  stm32f4xx_hal_tim.o
    0x08008722   0x08008722   0x00000010   Code   RO         1142    i.TIM_ITRx_SetConfig  stm32f4xx_hal_tim.o
    0x08008732   0x08008732   0x00000002   PAD
    0x08008734   0x08008734   0x00000068   Code   RO         8155    i.TIM_MspPostInit_buzzer  buzzer_tim_init.o
    0x0800879c   0x0800879c   0x00000060   Code   RO         1143    i.TIM_OC1_SetConfig  stm32f4xx_hal_tim.o
    0x080087fc   0x080087fc   0x0000006c   Code   RO         1144    i.TIM_OC2_SetConfig  stm32f4xx_hal_tim.o
    0x08008868   0x08008868   0x00000068   Code   RO         1145    i.TIM_OC3_SetConfig  stm32f4xx_hal_tim.o
    0x080088d0   0x080088d0   0x00000050   Code   RO         1146    i.TIM_OC4_SetConfig  stm32f4xx_hal_tim.o
    0x08008920   0x08008920   0x00000022   Code   RO         1148    i.TIM_TI1_ConfigInputStage  stm32f4xx_hal_tim.o
    0x08008942   0x08008942   0x00000024   Code   RO         1150    i.TIM_TI2_ConfigInputStage  stm32f4xx_hal_tim.o
    0x08008966   0x08008966   0x0000000e   Code   RO         4212    i.UART_DMAAbortOnError  stm32f4xx_hal_uart.o
    0x08008974   0x08008974   0x0000004a   Code   RO         4213    i.UART_DMAError     stm32f4xx_hal_uart.o
    0x080089be   0x080089be   0x00000086   Code   RO         4214    i.UART_DMAReceiveCplt  stm32f4xx_hal_uart.o
    0x08008a44   0x08008a44   0x0000001e   Code   RO         4216    i.UART_DMARxHalfCplt  stm32f4xx_hal_uart.o
    0x08008a62   0x08008a62   0x00000042   Code   RO         4218    i.UART_DMATransmitCplt  stm32f4xx_hal_uart.o
    0x08008aa4   0x08008aa4   0x0000000a   Code   RO         4220    i.UART_DMATxHalfCplt  stm32f4xx_hal_uart.o
    0x08008aae   0x08008aae   0x0000004e   Code   RO         4222    i.UART_EndRxTransfer  stm32f4xx_hal_uart.o
    0x08008afc   0x08008afc   0x0000001c   Code   RO         4223    i.UART_EndTxTransfer  stm32f4xx_hal_uart.o
    0x08008b18   0x08008b18   0x000000c2   Code   RO         4224    i.UART_Receive_IT   stm32f4xx_hal_uart.o
    0x08008bda   0x08008bda   0x00000002   PAD
    0x08008bdc   0x08008bdc   0x0000010c   Code   RO         4225    i.UART_SetConfig    stm32f4xx_hal_uart.o
    0x08008ce8   0x08008ce8   0x000000a4   Code   RO         4226    i.UART_Start_Receive_DMA  stm32f4xx_hal_uart.o
    0x08008d8c   0x08008d8c   0x00000014   Code   RO          812    i.USART1_IRQHandler  stm32f4xx_it.o
    0x08008da0   0x08008da0   0x00000014   Code   RO          813    i.USART3_IRQHandler  stm32f4xx_it.o
    0x08008db4   0x08008db4   0x0000001c   Code   RO          814    i.USART6_IRQHandler  stm32f4xx_it.o
    0x08008dd0   0x08008dd0   0x00000002   Code   RO          815    i.UsageFault_Handler  stm32f4xx_it.o
    0x08008dd2   0x08008dd2   0x00000050   Code   RO         9086    i.VT03_KeyTest      vt03protocol.o
    0x08008e22   0x08008e22   0x0000002a   Code   RO         9087    i.VT03_MouseTest    vt03protocol.o
    0x08008e4c   0x08008e4c   0x000000cc   Code   RO         9088    i.VT03_ParseCallback  vt03protocol.o
    0x08008f18   0x08008f18   0x00000060   Code   RO         9042    i.VTTask            vtcenter.o
    0x08008f78   0x08008f78   0x00000028   Code   RO         9130    i.VT_GetInstanceByUart  vtcenter_instance.o
    0x08008fa0   0x08008fa0   0x00000078   Code   RO         9131    i.VT_Init           vtcenter_instance.o
    0x08009018   0x08009018   0x00000142   Code   RO         9134    i.VT_Process        vtcenter_instance.o
    0x0800915a   0x0800915a   0x00000002   PAD
    0x0800915c   0x0800915c   0x00000020   Code   RO         9135    i.VT_RegisterInstance  vtcenter_instance.o
    0x0800917c   0x0800917c   0x00000048   Code   RO         9136    i.VT_ResetReceiver  vtcenter_instance.o
    0x080091c4   0x080091c4   0x00000030   Code   RO         9137    i.VT_UART_IRQHandler  vtcenter_instance.o
    0x080091f4   0x080091f4   0x00000020   Code   RO         8281    i.X_V2_En_Control   zdt_x_v2.o
    0x08009214   0x08009214   0x000000d4   Code   RO         8376    i.X_V2_Traj_Pos_LC_Control  zdt_x_v2.o
    0x080092e8   0x080092e8   0x00000030   Code   RO        11042    i.__ARM_fpclassify  m_wm.l(fpclassify.o)
    0x08009318   0x08009318   0x00000026   Code   RO        10951    i.__ARM_fpclassifyf  m_wm.l(fpclassifyf.o)
    0x0800933e   0x0800933e   0x00000020   Code   RO         3002    i.__NVIC_SetPriority  stm32f4xx_hal_cortex.o
    0x0800935e   0x0800935e   0x00000002   PAD
    0x08009360   0x08009360   0x0000012c   Code   RO        10739    i.__hardfp_asinf    m_wm.l(asinf.o)
    0x0800948c   0x0800948c   0x00000250   Code   RO        10751    i.__hardfp_atan2f   m_wm.l(atan2f.o)
    0x080096dc   0x080096dc   0x00000004   PAD
    0x080096e0   0x080096e0   0x000000c8   Code   RO        10763    i.__hardfp_cos      m_wm.l(cos.o)
    0x080097a8   0x080097a8   0x00000104   Code   RO        10787    i.__hardfp_fmod     m_wm.l(fmod.o)
    0x080098ac   0x080098ac   0x000000b0   Code   RO        10799    i.__hardfp_fmodf    m_wm.l(fmodf.o)
    0x0800995c   0x0800995c   0x00000004   PAD
    0x08009960   0x08009960   0x000000c8   Code   RO        10811    i.__hardfp_sin      m_wm.l(sin.o)
    0x08009a28   0x08009a28   0x0000003a   Code   RO        10823    i.__hardfp_sqrtf    m_wm.l(sqrtf.o)
    0x08009a62   0x08009a62   0x00000006   PAD
    0x08009a68   0x08009a68   0x00000438   Code   RO        10967    i.__ieee754_rem_pio2  m_wm.l(rred.o)
    0x08009ea0   0x08009ea0   0x00000170   Code   RO        10934    i.__kernel_cos      m_wm.l(cos_i.o)
    0x0800a010   0x0800a010   0x000000f8   Code   RO        11044    i.__kernel_poly     m_wm.l(poly.o)
    0x0800a108   0x0800a108   0x00000130   Code   RO        10975    i.__kernel_sin      m_wm.l(sin_i.o)
    0x0800a238   0x0800a238   0x00000014   Code   RO        10938    i.__mathlib_dbl_infnan  m_wm.l(dunder.o)
    0x0800a24c   0x0800a24c   0x00000004   PAD
    0x0800a250   0x0800a250   0x00000020   Code   RO        10940    i.__mathlib_dbl_invalid  m_wm.l(dunder.o)
    0x0800a270   0x0800a270   0x00000020   Code   RO        10943    i.__mathlib_dbl_underflow  m_wm.l(dunder.o)
    0x0800a290   0x0800a290   0x00000006   Code   RO        10954    i.__mathlib_flt_infnan  m_wm.l(funder.o)
    0x0800a296   0x0800a296   0x00000006   Code   RO        10955    i.__mathlib_flt_infnan2  m_wm.l(funder.o)
    0x0800a29c   0x0800a29c   0x00000010   Code   RO        10956    i.__mathlib_flt_invalid  m_wm.l(funder.o)
    0x0800a2ac   0x0800a2ac   0x00000010   Code   RO        10959    i.__mathlib_flt_underflow  m_wm.l(funder.o)
    0x0800a2bc   0x0800a2bc   0x000001d0   Code   RO        10534    i.accel_comple_filter  AHRS.lib(ahrs.o)
    0x0800a48c   0x0800a48c   0x0000018c   Code   RO        10535    i.accel_update_kp_ki  AHRS.lib(ahrs.o)
    0x0800a618   0x0800a618   0x0000016c   Code   RO        10536    i.angle_to_quat     AHRS.lib(ahrs.o)
    0x0800a784   0x0800a784   0x00000128   Code   RO         6749    i.bmi088_accel_init  bmi088driver.o
    0x0800a8ac   0x0800a8ac   0x000002bc   Code   RO         6750    i.bmi088_accel_self_test  bmi088driver.o
    0x0800ab68   0x0800ab68   0x000000dc   Code   RO         6751    i.bmi088_gyro_init  bmi088driver.o
    0x0800ac44   0x0800ac44   0x000000c8   Code   RO         6752    i.bmi088_gyro_self_test  bmi088driver.o
    0x0800ad0c   0x0800ad0c   0x00000010   Code   RO         8117    i.buzzer_drv_off    bsp_buzzer_driver.o
    0x0800ad1c   0x0800ad1c   0x00000010   Code   RO         8118    i.buzzer_drv_on     bsp_buzzer_driver.o
    0x0800ad2c   0x0800ad2c   0x000003a8   Code   RO         8205    i.buzzer_effects_task  sound_effects_task.o
    0x0800b0d4   0x0800b0d4   0x00000084   Code   RO         7752    i.calc_motor_rpm_from_speed  math_lib.o
    0x0800b158   0x0800b158   0x00000118   Code   RO         8917    i.can_SendCmd       zdt_can_bsp.o
    0x0800b270   0x0800b270   0x00000058   Code   RO         6355    i.can_filter_init   bsp_can.o
    0x0800b2c8   0x0800b2c8   0x00000028   Code   RO         7044    i.delay_init        bsp_delay.o
    0x0800b2f0   0x0800b2f0   0x00000034   Code   RO         7046    i.delay_us          bsp_delay.o
    0x0800b324   0x0800b324   0x00000018   Code   RO        11038    i.fabs              m_wm.l(fabs.o)
    0x0800b33c   0x0800b33c   0x00000008   Code   RO         7960    i.get_RC_Ctl_point  remote_ctrl.o
    0x0800b344   0x0800b344   0x00000008   Code   RO         6437    i.get_SBUS_Data_point  bsp_sbus.o
    0x0800b34c   0x0800b34c   0x00000008   Code   RO         9043    i.get_VT03_Ctl_point  vtcenter.o
    0x0800b354   0x0800b354   0x000000e8   Code   RO        10537    i.get_angle         AHRS.lib(ahrs.o)
    0x0800b43c   0x0800b43c   0x00000008   Code   RO         8206    i.get_buzzer_effect_point  sound_effects_task.o
    0x0800b444   0x0800b444   0x000000ec   Code   RO         7236    i.imu_cali_slove    ins_task.o
    0x0800b530   0x0800b530   0x000000f8   Code   RO         7237    i.imu_cmd_spi_dma   ins_task.o
    0x0800b628   0x0800b628   0x0000000c   Code   RO         7082    i.imu_pwm_set       bsp_imu_pwm.o
    0x0800b634   0x0800b634   0x0000007c   Code   RO         7238    i.imu_temp_control  ins_task.o
    0x0800b6b0   0x0800b6b0   0x00000002   Code   RO         7403    i.ist8310_GPIO_init  ist8310driver_middleware.o
    0x0800b6b2   0x0800b6b2   0x00000002   PAD
    0x0800b6b4   0x0800b6b4   0x00000024   Code   RO         7405    i.ist8310_IIC_read_single_reg  ist8310driver_middleware.o
    0x0800b6d8   0x0800b6d8   0x00000020   Code   RO         7407    i.ist8310_IIC_write_single_reg  ist8310driver_middleware.o
    0x0800b6f8   0x0800b6f8   0x00000010   Code   RO         7408    i.ist8310_RST_H     ist8310driver_middleware.o
    0x0800b708   0x0800b708   0x00000010   Code   RO         7409    i.ist8310_RST_L     ist8310driver_middleware.o
    0x0800b718   0x0800b718   0x00000002   Code   RO         7410    i.ist8310_com_init  ist8310driver_middleware.o
    0x0800b71a   0x0800b71a   0x00000004   Code   RO         7411    i.ist8310_delay_ms  ist8310driver_middleware.o
    0x0800b71e   0x0800b71e   0x00000002   PAD
    0x0800b720   0x0800b720   0x0000007c   Code   RO         7371    i.ist8310_init      ist8310driver.o
    0x0800b79c   0x0800b79c   0x00000046   Code   RO           16    i.main              main.o
    0x0800b7e2   0x0800b7e2   0x0000001a   Code   RO         5705    i.osDelay           cmsis_os2.o
    0x0800b7fc   0x0800b7fc   0x00000024   Code   RO         5719    i.osKernelInitialize  cmsis_os2.o
    0x0800b820   0x0800b820   0x00000038   Code   RO         5722    i.osKernelStart     cmsis_os2.o
    0x0800b858   0x0800b858   0x00000088   Code   RO         5764    i.osThreadNew       cmsis_os2.o
    0x0800b8e0   0x0800b8e0   0x00000020   Code   RO         5140    i.pcTaskGetName     tasks.o
    0x0800b900   0x0800b900   0x00000064   Code   RO         5141    i.prvAddCurrentTaskToDelayedList  tasks.o
    0x0800b964   0x0800b964   0x000000d0   Code   RO         5142    i.prvAddNewTaskToReadyList  tasks.o
    0x0800ba34   0x0800ba34   0x00000058   Code   RO         5529    i.prvCheckForValidListAndQueue  timers.o
    0x0800ba8c   0x0800ba8c   0x00000026   Code   RO         4738    i.prvCopyDataFromQueue  queue.o
    0x0800bab2   0x0800bab2   0x0000006c   Code   RO         4739    i.prvCopyDataToQueue  queue.o
    0x0800bb1e   0x0800bb1e   0x00000034   Code   RO         5143    i.prvDeleteTCB      tasks.o
    0x0800bb52   0x0800bb52   0x00000002   PAD
    0x0800bb54   0x0800bb54   0x0000004c   Code   RO         6216    i.prvHeapInit       heap_4.o
    0x0800bba0   0x0800bba0   0x0000005c   Code   RO         5144    i.prvIdleTask       tasks.o
    0x0800bbfc   0x0800bbfc   0x00000020   Code   RO         4741    i.prvInitialiseNewQueue  queue.o
    0x0800bc1c   0x0800bc1c   0x000000ae   Code   RO         5145    i.prvInitialiseNewTask  tasks.o
    0x0800bcca   0x0800bcca   0x00000002   PAD
    0x0800bccc   0x0800bccc   0x0000004c   Code   RO         6217    i.prvInsertBlockIntoFreeList  heap_4.o
    0x0800bd18   0x0800bd18   0x00000038   Code   RO         5531    i.prvInsertTimerInActiveList  timers.o
    0x0800bd50   0x0800bd50   0x0000001a   Code   RO         4742    i.prvIsQueueEmpty   queue.o
    0x0800bd6a   0x0800bd6a   0x00000002   PAD
    0x0800bd6c   0x0800bd6c   0x000000fc   Code   RO         5532    i.prvProcessReceivedCommands  timers.o
    0x0800be68   0x0800be68   0x000000c0   Code   RO         5533    i.prvProcessTimerOrBlockTask  timers.o
    0x0800bf28   0x0800bf28   0x00000020   Code   RO         5147    i.prvResetNextTaskUnblockTime  tasks.o
    0x0800bf48   0x0800bf48   0x00000028   Code   RO         5534    i.prvSampleTimeNow  timers.o
    0x0800bf70   0x0800bf70   0x00000062   Code   RO         5148    i.prvSearchForNameWithinSingleList  tasks.o
    0x0800bfd2   0x0800bfd2   0x00000002   PAD
    0x0800bfd4   0x0800bfd4   0x0000006c   Code   RO         5535    i.prvSwitchTimerLists  timers.o
    0x0800c040   0x0800c040   0x00000014   Code   RO         5149    i.prvTaskCheckFreeStackSpace  tasks.o
    0x0800c054   0x0800c054   0x00000028   Code   RO         6272    i.prvTaskExitError  port.o
    0x0800c07c   0x0800c07c   0x00000028   Code   RO         5536    i.prvTimerTask      timers.o
    0x0800c0a4   0x0800c0a4   0x0000006a   Code   RO         4743    i.prvUnlockQueue    queue.o
    0x0800c10e   0x0800c10e   0x00000002   PAD
    0x0800c110   0x0800c110   0x000000dc   Code   RO         6218    i.pvPortMalloc      heap_4.o
    0x0800c1ec   0x0800c1ec   0x0000002c   Code   RO         6273    i.pxPortInitialiseStack  port.o
    0x0800c218   0x0800c218   0x00000084   Code   RO        10542    i.quat_normalization  AHRS.lib(ahrs.o)
    0x0800c29c   0x0800c29c   0x00000010   Code   RO         7239    i.radian_to_degree  ins_task.o
    0x0800c2ac   0x0800c2ac   0x0000003e   Code   RO        10825    i.sqrtf             m_wm.l(sqrtf.o)
    0x0800c2ea   0x0800c2ea   0x00000002   PAD
    0x0800c2ec   0x0800c2ec   0x00000068   Code   RO         5152    i.ulTaskNotifyTake  tasks.o
    0x0800c354   0x0800c354   0x0000007a   Code   RO        10543    i.update_w          AHRS.lib(ahrs.o)
    0x0800c3ce   0x0800c3ce   0x00000026   Code   RO         4698    i.uxListRemove      list.o
    0x0800c3f4   0x0800c3f4   0x00000010   Code   RO         5155    i.uxTaskGetStackHighWaterMark  tasks.o
    0x0800c404   0x0800c404   0x00000014   Code   RO         5776    i.vApplicationGetIdleTaskMemory  cmsis_os2.o
    0x0800c418   0x0800c418   0x00000018   Code   RO         5777    i.vApplicationGetTimerTaskMemory  cmsis_os2.o
    0x0800c430   0x0800c430   0x00000016   Code   RO         4699    i.vListInitialise   list.o
    0x0800c446   0x0800c446   0x00000006   Code   RO         4700    i.vListInitialiseItem  list.o
    0x0800c44c   0x0800c44c   0x00000030   Code   RO         4701    i.vListInsert       list.o
    0x0800c47c   0x0800c47c   0x00000018   Code   RO         4702    i.vListInsertEnd    list.o
    0x0800c494   0x0800c494   0x00000040   Code   RO         6275    i.vPortEnterCritical  port.o
    0x0800c4d4   0x0800c4d4   0x00000028   Code   RO         6276    i.vPortExitCritical  port.o
    0x0800c4fc   0x0800c4fc   0x00000064   Code   RO         6219    i.vPortFree         heap_4.o
    0x0800c560   0x0800c560   0x00000024   Code   RO         6277    i.vPortSetupTimerInterrupt  port.o
    0x0800c584   0x0800c584   0x00000054   Code   RO         6278    i.vPortValidateInterruptPriority  port.o
    0x0800c5d8   0x0800c5d8   0x00000024   Code   RO         4749    i.vQueueAddToRegistry  queue.o
    0x0800c5fc   0x0800c5fc   0x00000044   Code   RO         4753    i.vQueueWaitForMessageRestricted  queue.o
    0x0800c640   0x0800c640   0x0000004c   Code   RO         5162    i.vTaskDelay        tasks.o
    0x0800c68c   0x0800c68c   0x00000010   Code   RO         5167    i.vTaskInternalSetTimeOutState  tasks.o
    0x0800c69c   0x0800c69c   0x0000000c   Code   RO         5168    i.vTaskMissedYield  tasks.o
    0x0800c6a8   0x0800c6a8   0x000000b0   Code   RO         5169    i.vTaskNotifyGiveFromISR  tasks.o
    0x0800c758   0x0800c758   0x00000030   Code   RO         5170    i.vTaskPlaceOnEventList  tasks.o
    0x0800c788   0x0800c788   0x00000038   Code   RO         5171    i.vTaskPlaceOnEventListRestricted  tasks.o
    0x0800c7c0   0x0800c7c0   0x00000084   Code   RO         5179    i.vTaskStartScheduler  tasks.o
    0x0800c844   0x0800c844   0x00000010   Code   RO         5181    i.vTaskSuspendAll   tasks.o
    0x0800c854   0x0800c854   0x00000064   Code   RO         5182    i.vTaskSwitchContext  tasks.o
    0x0800c8b8   0x0800c8b8   0x00000050   Code   RO         9089    i.verify_crc16_check_sum  vt03protocol.o
    0x0800c908   0x0800c908   0x000000f4   Code   RO         6279    i.xPortStartScheduler  port.o
    0x0800c9fc   0x0800c9fc   0x0000002c   Code   RO         6280    i.xPortSysTickHandler  port.o
    0x0800ca28   0x0800ca28   0x00000066   Code   RO         4759    i.xQueueGenericCreateStatic  queue.o
    0x0800ca8e   0x0800ca8e   0x00000002   PAD
    0x0800ca90   0x0800ca90   0x00000088   Code   RO         4760    i.xQueueGenericReset  queue.o
    0x0800cb18   0x0800cb18   0x00000164   Code   RO         4761    i.xQueueGenericSend  queue.o
    0x0800cc7c   0x0800cc7c   0x000000be   Code   RO         4762    i.xQueueGenericSendFromISR  queue.o
    0x0800cd3a   0x0800cd3a   0x00000002   PAD
    0x0800cd3c   0x0800cd3c   0x00000138   Code   RO         4771    i.xQueueReceive     queue.o
    0x0800ce74   0x0800ce74   0x00000088   Code   RO         5185    i.xTaskCheckForTimeOut  tasks.o
    0x0800cefc   0x0800cefc   0x0000005a   Code   RO         5186    i.xTaskCreate       tasks.o
    0x0800cf56   0x0800cf56   0x0000005a   Code   RO         5187    i.xTaskCreateStatic  tasks.o
    0x0800cfb0   0x0800cfb0   0x00000088   Code   RO         5191    i.xTaskGetHandle    tasks.o
    0x0800d038   0x0800d038   0x0000001c   Code   RO         5192    i.xTaskGetSchedulerState  tasks.o
    0x0800d054   0x0800d054   0x0000000c   Code   RO         5193    i.xTaskGetTickCount  tasks.o
    0x0800d060   0x0800d060   0x000000c8   Code   RO         5195    i.xTaskIncrementTick  tasks.o
    0x0800d128   0x0800d128   0x0000007c   Code   RO         5198    i.xTaskPriorityDisinherit  tasks.o
    0x0800d1a4   0x0800d1a4   0x00000070   Code   RO         5200    i.xTaskRemoveFromEventList  tasks.o
    0x0800d214   0x0800d214   0x000000c0   Code   RO         5201    i.xTaskResumeAll    tasks.o
    0x0800d2d4   0x0800d2d4   0x00000060   Code   RO         5545    i.xTimerCreateTimerTask  timers.o
    0x0800d334   0x0800d334   0x00000064   Code   RO         5546    i.xTimerGenericCommand  timers.o
    0x0800d398   0x0800d398   0x00000018   Code   RO        10699    x$fpl$basic         fz_wm.l(basic.o)
    0x0800d3b0   0x0800d3b0   0x00000062   Code   RO        10701    x$fpl$d2f           fz_wm.l(d2f.o)
    0x0800d412   0x0800d412   0x00000002   PAD
    0x0800d414   0x0800d414   0x00000150   Code   RO        10703    x$fpl$dadd          fz_wm.l(daddsub_clz.o)
    0x0800d564   0x0800d564   0x000002b0   Code   RO        10710    x$fpl$ddiv          fz_wm.l(ddiv.o)
    0x0800d814   0x0800d814   0x0000005e   Code   RO        11032    x$fpl$dfix          fz_wm.l(dfix.o)
    0x0800d872   0x0800d872   0x0000002e   Code   RO        10714    x$fpl$dflt          fz_wm.l(dflt_clz.o)
    0x0800d8a0   0x0800d8a0   0x00000026   Code   RO        10713    x$fpl$dfltu         fz_wm.l(dflt_clz.o)
    0x0800d8c6   0x0800d8c6   0x00000002   PAD
    0x0800d8c8   0x0800d8c8   0x00000154   Code   RO        10721    x$fpl$dmul          fz_wm.l(dmul.o)
    0x0800da1c   0x0800da1c   0x0000009c   Code   RO        10913    x$fpl$dnaninf       fz_wm.l(dnaninf.o)
    0x0800dab8   0x0800dab8   0x00000150   Code   RO        10915    x$fpl$drem          fz_wm.l(drem_clz.o)
    0x0800dc08   0x0800dc08   0x0000000c   Code   RO        10917    x$fpl$dretinf       fz_wm.l(dretinf.o)
    0x0800dc14   0x0800dc14   0x00000016   Code   RO        10704    x$fpl$drsb          fz_wm.l(daddsub_clz.o)
    0x0800dc2a   0x0800dc2a   0x00000002   PAD
    0x0800dc2c   0x0800dc2c   0x000001d4   Code   RO        10705    x$fpl$dsub          fz_wm.l(daddsub_clz.o)
    0x0800de00   0x0800de00   0x00000056   Code   RO        10725    x$fpl$f2d           fz_wm.l(f2d.o)
    0x0800de56   0x0800de56   0x0000008c   Code   RO        10919    x$fpl$fnaninf       fz_wm.l(fnaninf.o)
    0x0800dee2   0x0800dee2   0x0000000a   Code   RO        11304    x$fpl$fpinit        fz_wm.l(fpinit.o)
    0x0800deec   0x0800deec   0x000000f4   Code   RO        10921    x$fpl$frem          fz_wm.l(frem_clz.o)
    0x0800dfe0   0x0800dfe0   0x0000000a   Code   RO        10923    x$fpl$fretinf       fz_wm.l(fretinf.o)
    0x0800dfea   0x0800dfea   0x00000000   Code   RO        10933    x$fpl$usenofp       fz_wm.l(usenofp.o)
    0x0800dfea   0x0800dfea   0x00000002   PAD
    0x0800dfec   0x0800dfec   0x00000288   Data   RO          406    .constdata          freertos.o
    0x0800e274   0x0800e274   0x00000008   Data   RO         2716    .constdata          stm32f4xx_hal_dma.o
    0x0800e27c   0x0800e27c   0x00000010   Data   RO         4534    .constdata          system_stm32f4xx.o
    0x0800e28c   0x0800e28c   0x00000008   Data   RO         4535    .constdata          system_stm32f4xx.o
    0x0800e294   0x0800e294   0x00000012   Data   RO         6757    .constdata          bmi088driver.o
    0x0800e2a6   0x0800e2a6   0x00000002   PAD
    0x0800e2a8   0x0800e2a8   0x0000000c   Data   RO         7243    .constdata          ins_task.o
    0x0800e2b4   0x0800e2b4   0x0000000c   Data   RO         7374    .constdata          ist8310driver.o
    0x0800e2c0   0x0800e2c0   0x00000010   Data   RO         9045    .constdata          vtcenter.o
    0x0800e2d0   0x0800e2d0   0x00000200   Data   RO         9090    .constdata          vt03protocol.o
    0x0800e4d0   0x0800e4d0   0x0000000c   Data   RO        10544    .constdata          AHRS.lib(ahrs.o)
    0x0800e4dc   0x0800e4dc   0x00000004   PAD
    0x0800e4e0   0x0800e4e0   0x00000030   Data   RO        10935    .constdata          m_wm.l(cos_i.o)
    0x0800e510   0x0800e510   0x000000c8   Data   RO        10969    .constdata          m_wm.l(rred.o)
    0x0800e5d8   0x0800e5d8   0x00000028   Data   RO        10976    .constdata          m_wm.l(sin_i.o)
    0x0800e600   0x0800e600   0x000000b8   Data   RO          407    .conststring        freertos.o
    0x0800e6b8   0x0800e6b8   0x00000020   Data   RO        11383    Region$$Table       anon$$obj.o


    Execution Region RW_IRAM1 (Exec base: 0x20000000, Load base: 0x0800e6d8, Size: 0x0000a030, Max: 0x0001c000, ABSOLUTE, COMPRESSED[0x00000074])

    Exec Addr    Load Addr    Size         Type   Attr      Idx    E Section Name        Object

    0x20000000   COMPRESSED   0x00000048   Data   RW          408    .data               freertos.o
    0x20000048   COMPRESSED   0x00000004   Data   RW          536    .data               can.o
    0x2000004c   COMPRESSED   0x0000000c   Data   RW         3161    .data               stm32f4xx_hal.o
    0x20000058   COMPRESSED   0x00000004   Data   RW         4536    .data               system_stm32f4xx.o
    0x2000005c   COMPRESSED   0x0000003c   Data   RW         5204    .data               tasks.o
    0x20000098   COMPRESSED   0x00000014   Data   RW         5554    .data               timers.o
    0x200000ac   COMPRESSED   0x00000004   Data   RW         5779    .data               cmsis_os2.o
    0x200000b0   COMPRESSED   0x00000020   Data   RW         6225    .data               heap_4.o
    0x200000d0   COMPRESSED   0x0000000c   Data   RW         6281    .data               port.o
    0x200000dc   COMPRESSED   0x0000000c   Data   RW         6439    .data               bsp_sbus.o
    0x200000e8   COMPRESSED   0x00000008   Data   RW         6513    .data               dual_board_transmit.o
    0x200000f0   COMPRESSED   0x00000004   Data   RW         6549    .data               dual_board_transmit_task.o
    0x200000f4   COMPRESSED   0x0000002c   Data   RW         6758    .data               bmi088driver.o
    0x20000120   COMPRESSED   0x00000008   Data   RW         7047    .data               bsp_delay.o
    0x20000128   COMPRESSED   0x000000a8   Data   RW         7245    .data               ins_task.o
    0x200001d0   COMPRESSED   0x00000018   Data   RW         7682    .data               cmdcenter.o
    0x200001e8   COMPRESSED   0x00000008   Data   RW         7962    .data               remote_ctrl.o
    0x200001f0   COMPRESSED   0x00000002   Data   RW         8010    .data               user_callback.o
    0x200001f2   COMPRESSED   0x00000002   PAD
    0x200001f4   COMPRESSED   0x0000000c   Data   RW         8208    .data               sound_effects_task.o
    0x20000200   COMPRESSED   0x00000004   Data   RW         8920    .data               zdt_can_bsp.o
    0x20000204   COMPRESSED   0x00000004   Data   RW         9046    .data               vtcenter.o
    0x20000208   COMPRESSED   0x00000008   Data   RW         9138    .data               vtcenter_instance.o
    0x20000210   COMPRESSED   0x00000001   Data   RW         9801    .data               printf.o
    0x20000211   COMPRESSED   0x00000003   PAD
    0x20000214   COMPRESSED   0x00000004   Data   RW         9843    .data               printf_task.o
    0x20000218   COMPRESSED   0x00000004   Data   RW         9959    .data               autoaim_task.o
    0x2000021c   COMPRESSED   0x00000004   Data   RW        10063    .data               chassis_task.o
    0x20000220   COMPRESSED   0x00000004   Data   RW        10164    .data               gimbal_task.o
    0x20000224   COMPRESSED   0x00000010   Data   RW        10236    .data               gimbal_hero.o
    0x20000234   COMPRESSED   0x00000004   Data   RW        10307    .data               shooting_task.o
    0x20000238   COMPRESSED   0x0000002a   Data   RW        10382    .data               shooting_hero.o
    0x20000262   COMPRESSED   0x00000002   PAD
    0x20000264   COMPRESSED   0x00000004   Data   RW        10471    .data               load_task.o
    0x20000268   COMPRESSED   0x00000010   Data   RW        10545    .data               AHRS.lib(ahrs.o)
    0x20000278        -       0x00000400   Zero   RW          376    .bss                freertos.o
    0x20000678        -       0x0000005c   Zero   RW          377    .bss                freertos.o
    0x200006d4        -       0x00000200   Zero   RW          378    .bss                freertos.o
    0x200008d4        -       0x0000005c   Zero   RW          379    .bss                freertos.o
    0x20000930        -       0x00000200   Zero   RW          380    .bss                freertos.o
    0x20000b30        -       0x0000005c   Zero   RW          381    .bss                freertos.o
    0x20000b8c        -       0x00000200   Zero   RW          382    .bss                freertos.o
    0x20000d8c        -       0x0000005c   Zero   RW          383    .bss                freertos.o
    0x20000de8        -       0x00000200   Zero   RW          384    .bss                freertos.o
    0x20000fe8        -       0x0000005c   Zero   RW          385    .bss                freertos.o
    0x20001044        -       0x00000200   Zero   RW          386    .bss                freertos.o
    0x20001244        -       0x0000005c   Zero   RW          387    .bss                freertos.o
    0x200012a0        -       0x00000200   Zero   RW          388    .bss                freertos.o
    0x200014a0        -       0x0000005c   Zero   RW          389    .bss                freertos.o
    0x200014fc        -       0x00000200   Zero   RW          390    .bss                freertos.o
    0x200016fc        -       0x0000005c   Zero   RW          391    .bss                freertos.o
    0x20001758        -       0x00000200   Zero   RW          392    .bss                freertos.o
    0x20001958        -       0x0000005c   Zero   RW          393    .bss                freertos.o
    0x200019b4        -       0x00000200   Zero   RW          394    .bss                freertos.o
    0x20001bb4        -       0x0000005c   Zero   RW          395    .bss                freertos.o
    0x20001c10        -       0x00000200   Zero   RW          396    .bss                freertos.o
    0x20001e10        -       0x0000005c   Zero   RW          397    .bss                freertos.o
    0x20001e6c        -       0x00000200   Zero   RW          398    .bss                freertos.o
    0x2000206c        -       0x0000005c   Zero   RW          399    .bss                freertos.o
    0x200020c8        -       0x00000200   Zero   RW          400    .bss                freertos.o
    0x200022c8        -       0x0000005c   Zero   RW          401    .bss                freertos.o
    0x20002324        -       0x00000200   Zero   RW          402    .bss                freertos.o
    0x20002524        -       0x0000005c   Zero   RW          403    .bss                freertos.o
    0x20002580        -       0x00001000   Zero   RW          404    .bss                freertos.o
    0x20003580        -       0x0000005c   Zero   RW          405    .bss                freertos.o
    0x200035dc        -       0x00000050   Zero   RW          535    .bss                can.o
    0x2000362c        -       0x00000054   Zero   RW          607    .bss                i2c.o
    0x20003680        -       0x00000118   Zero   RW          649    .bss                spi.o
    0x20003798        -       0x00000048   Zero   RW          692    .bss                tim.o
    0x200037e0        -       0x000002b8   Zero   RW          741    .bss                usart.o
    0x20003a98        -       0x00000048   Zero   RW          999    .bss                stm32f4xx_hal_timebase_tim.o
    0x20003ae0        -       0x00000040   Zero   RW         4775    .bss                queue.o
    0x20003b20        -       0x000004c4   Zero   RW         5203    .bss                tasks.o
    0x20003fe4        -       0x00000118   Zero   RW         5553    .bss                timers.o
    0x200040fc        -       0x000006b8   Zero   RW         5778    .bss                cmsis_os2.o
    0x200047b4        -       0x00003c00   Zero   RW         6224    .bss                heap_4.o
    0x200083b4        -       0x0000006c   Zero   RW         6438    .bss                bsp_sbus.o
    0x20008420        -       0x00000100   Zero   RW         6512    .bss                dual_board_transmit.o
    0x20008520        -       0x00000016   Zero   RW         6548    .bss                dual_board_transmit_task.o
    0x20008536   COMPRESSED   0x00000002   PAD
    0x20008538        -       0x00000128   Zero   RW         7240    .bss                ins_task.o
    0x20008660        -       0x0000008c   Zero   RW         7681    .bss                cmdcenter.o
    0x200086ec        -       0x00000140   Zero   RW         7851    .bss                motorctrl_dji.o
    0x2000882c        -       0x00000022   Zero   RW         7961    .bss                remote_ctrl.o
    0x2000884e   COMPRESSED   0x00000002   PAD
    0x20008850        -       0x00000048   Zero   RW         8156    .bss                buzzer_tim_init.o
    0x20008898        -       0x00000b40   Zero   RW         8380    .bss                zdt_x_v2.o
    0x200093d8        -       0x000000a0   Zero   RW         8918    .bss                zdt_can_bsp.o
    0x20009478        -       0x00000030   Zero   RW         8919    .bss                zdt_can_bsp.o
    0x200094a8        -       0x00000094   Zero   RW         9044    .bss                vtcenter.o
    0x2000953c        -       0x00000098   Zero   RW         9880    .bss                autoaim.o
    0x200095d4        -       0x000001fc   Zero   RW        10235    .bss                gimbal_hero.o
    0x200097d0        -       0x00000200   Zero   RW        10381    .bss                shooting_hero.o
    0x200099d0        -       0x00000060   Zero   RW        11052    .bss                c_w.l(libspace.o)
    0x20009a30        -       0x00000200   Zero   RW            2    HEAP                startup_stm32f407xx.o
    0x20009c30        -       0x00000400   Zero   RW            1    STACK               startup_stm32f407xx.o


    Execution Region RW_IRAM2 (Exec base: 0x2001c000, Load base: 0x0800e74c, Size: 0x00000000, Max: 0x00004000, ABSOLUTE)

    **** No section assigned to this execution region ****


==============================================================================

Image component sizes


      Code (inc. data)   RO Data    RW Data    ZI Data      Debug   Object Name

       224          0          0          0          0       4274   advancedkeyoperation.o
       126          6          0          0          0       5204   ahrs_middleware.o
       424         64          0          0        152       6429   autoaim.o
        40          6          0          4          0        794   autoaim_task.o
      2152         32         18         44          0     591831   bmi088driver.o
       108         28          0          0          0      10132   bmi088middleware.o
        32         10          0          0          0       1081   bsp_buzzer_driver.o
       138          8          0          0          0       1765   bsp_can.o
        92         18          0          8          0       1424   bsp_delay.o
        12          4          0          0          0        530   bsp_imu_pwm.o
        20          4          0          0          0        503   bsp_init.o
       824         58          0         12        108       6416   bsp_sbus.o
      4980         76          0          0          0       2498   bsp_spi.o
       322         38          0          0         72       3353   buzzer_tim_init.o
       416         42          0          4         80       2602   can.o
        70          4          0          4          0       4371   chassis_task.o
      1280         26          0         24        140       9166   cmdcenter.o
       324         22          0          4       1720      65479   cmsis_os2.o
       156          4          0          0          0        902   dma.o
       324          8          0          8        256       3215   dual_board_transmit.o
        72         18          0          4         22       1423   dual_board_transmit_task.o
         0          0          0          0          0      19460   event_groups.o
       380         88        832         72      13156       7497   freertos.o
      1204        170          0         16        508       6940   gimbal_hero.o
        52          6          0          4          0        809   gimbal_task.o
       424         24          0          0          0       1215   gpio.o
       472         24          0         32      15360       5087   heap_4.o
       204         32          0          0         84       1805   i2c.o
       388          8          0          0          0       2570   imu_pid.o
      2104        154         12        168        296      12269   ins_task.o
       124          4         12          0          0       1535   ist8310driver.o
       108         22          0          0          0       4003   ist8310driver_middleware.o
       138          0          0          0          0       3690   list.o
        64          6          0          4          0       3783   load_task.o
       236          8          0          0          0     746682   main.o
       542         44          0          0          0       6026   math_lib.o
       326         20          0          0        320       6860   motorctrl_dji.o
        28          8          0          0          0        544   motorctrl_dji_check_task.o
      1226         76          0          0          0      11168   pid_lib.o
       786         80          0         12          0      11749   port.o
        40         14          0          1          0       1748   printf.o
        28          6          0          4          0        765   printf_task.o
      1510         18          0          0         64      17768   queue.o
       496         20          0          8         34       4330   remote_ctrl.o
      1754        146          0         42        512      10475   shooting_hero.o
        52          6          0          4          0        823   shooting_task.o
       944         22          0         12          0       3567   sound_effects_task.o
       328         32          0          0        280       1991   spi.o
        64         26        392          0       1536        864   startup_stm32f407xx.o
        80         14          0         12          0       8210   stm32f4xx_hal.o
      1680          6          0          0          0      15821   stm32f4xx_hal_can.o
       158         14          0          0          0      33118   stm32f4xx_hal_cortex.o
      1088         16          8          0          0       8169   stm32f4xx_hal_dma.o
       498         52          0          0          0       2999   stm32f4xx_hal_gpio.o
      2288         52          0          0          0      13486   stm32f4xx_hal_i2c.o
        56          4          0          0          0        910   stm32f4xx_hal_msp.o
      1392         86          0          0          0       6201   stm32f4xx_hal_rcc.o
       970         16          0          0          0       4993   stm32f4xx_hal_spi.o
      2102        168          0          0          0      18891   stm32f4xx_hal_tim.o
       148         28          0          0          0       2653   stm32f4xx_hal_tim_ex.o
       152         18          0          0         72       1543   stm32f4xx_hal_timebase_tim.o
      2122         42          0          0          0      16770   stm32f4xx_hal_uart.o
       224         72          0          0          0      13954   stm32f4xx_it.o
         0          0          0          0          0        428   stream_buffer.o
        16          4         24          4          0       1187   system_stm32f4xx.o
      2680        204          0         60       1220      33911   tasks.o
       224         32          0          0         72       2378   tim.o
       972         82          0         20        280      32411   timers.o
       836         80          0          0        696       3871   usart.o
       188         24          0          2          0       1819   user_callback.o
       406          6        512          0          0       3818   vt03protocol.o
       104         24         16          4        148       4157   vtcenter.o
       634         10          0          8          0       5712   vtcenter_instance.o
       320         14          0          4        208       4340   zdt_can_bsp.o
       244          4          0          0       2880      48150   zdt_x_v2.o

    ----------------------------------------------------------------------
     45832       2612       1860        616      40280    1909315   Object Totals
         0          0         32          0          0          0   (incl. Generated)
        92          0          2          7          4          0   (incl. Padding)

    ----------------------------------------------------------------------

      Code (inc. data)   RO Data    RW Data    ZI Data      Debug   Library Member Name

      2718         84         12         16          0       9922   ahrs.o
        90          0          0          0          0          0   __dczerorl2.o
         8          0          0          0          0         68   __main.o
         0          0          0          0          0          0   __rtentry.o
        12          0          0          0          0          0   __rtentry2.o
         6          0          0          0          0          0   __rtentry4.o
        52          8          0          0          0          0   __scatter.o
        28          0          0          0          0          0   __scatter_zi.o
        22          0          0          0          0        100   _rserrno.o
        16          0          0          0          0         68   aeabi_memset.o
        18          0          0          0          0         80   exit.o
         6          0          0          0          0        152   heapauxi.o
         0          0          0          0          0          0   indicate_semi.o
         2          0          0          0          0          0   libinit.o
         6          0          0          0          0          0   libinit2.o
         2          0          0          0          0          0   libshutdown.o
         2          0          0          0          0          0   libshutdown2.o
         8          4          0          0         96         68   libspace.o
        38          0          0          0          0         68   llshl.o
       238          0          0          0          0        100   lludivv7m.o
         8          4          0          0          0         68   rt_errno_addr_intlibspace.o
        68          0          0          0          0         68   rt_memclr.o
        78          0          0          0          0         80   rt_memclr_w.o
       138          0          0          0          0         68   rt_memcpy_v6.o
       100          0          0          0          0         80   rt_memcpy_w.o
         2          0          0          0          0          0   rtexit.o
        10          0          0          0          0          0   rtexit2.o
        62          0          0          0          0         76   strlen.o
        12          4          0          0          0         68   sys_exit.o
        74          0          0          0          0         80   sys_stackheap_outer.o
         2          0          0          0          0         68   use_no_semi.o
        24          0          0          0          0        164   basic.o
        98          4          0          0          0        140   d2f.o
       826         16          0          0          0        492   daddsub_clz.o
       688        140          0          0          0        256   ddiv.o
        94          4          0          0          0        140   dfix.o
        84          0          0          0          0        232   dflt_clz.o
       340         12          0          0          0        152   dmul.o
       156          4          0          0          0        140   dnaninf.o
       336         12          0          0          0        136   drem_clz.o
        12          0          0          0          0        116   dretinf.o
        86          4          0          0          0        132   f2d.o
       140          4          0          0          0        132   fnaninf.o
        10          0          0          0          0        116   fpinit.o
       244          8          0          0          0        132   frem_clz.o
        10          0          0          0          0        116   fretinf.o
         0          0          0          0          0          0   usenofp.o
       300         42          0          0          0        176   asinf.o
       592         90          0          0          0        184   atan2f.o
       200         20          0          0          0        164   cos.o
       368         46         48          0          0        200   cos_i.o
        84         16          0          0          0        372   dunder.o
        24          0          0          0          0        124   fabs.o
       260          6          0          0          0        144   fmod.o
       176          0          0          0          0        168   fmodf.o
        48          0          0          0          0        124   fpclassify.o
        38          0          0          0          0        116   fpclassifyf.o
        44         12          0          0          0        464   funder.o
       248          0          0          0          0        152   poly.o
      1080        142        200          0          0        188   rred.o
       200         20          0          0          0        164   sin.o
       304         24         40          0          0        208   sin_i.o
       120          0          0          0          0        272   sqrtf.o

    ----------------------------------------------------------------------
     11100        734        304         16         96      17098   Library Totals
        40          4          4          0          0          0   (incl. Padding)

    ----------------------------------------------------------------------

      Code (inc. data)   RO Data    RW Data    ZI Data      Debug   Library Name

      2718         84         12         16          0       9922   AHRS.lib
      1108         20          0          0         96       1360   c_w.l
      3148        208          0          0          0       2596   fz_wm.l
      4086        418        288          0          0       3220   m_wm.l

    ----------------------------------------------------------------------
     11100        734        304         16         96      17098   Library Totals

    ----------------------------------------------------------------------

==============================================================================


      Code (inc. data)   RO Data    RW Data    ZI Data      Debug   

     56932       3346       2164        632      40376    1881637   Grand Totals
     56932       3346       2164        116      40376    1881637   ELF Image Totals (compressed)
     56932       3346       2164        116          0          0   ROM Totals

==============================================================================

    Total RO  Size (Code + RO Data)                59096 (  57.71kB)
    Total RW  Size (RW Data + ZI Data)             41008 (  40.05kB)
    Total ROM Size (Code + RO Data + RW Data)      59212 (  57.82kB)

==============================================================================

