<html>
<body>
<pre>
<h1>µVision Build Log</h1>
<h2>Tool Versions:</h2>
IDE-Version: ¦ÌVision V5.24.2.0
Copyright (C) 2017 ARM Ltd and ARM Germany GmbH. All rights reserved.
License Information: s 3363997071@qq.com, s, LIC=X96CK-Z8LZA-IIG5V-P44X0-UAXNF-QQDIA
 
Tool Versions:
Toolchain:       MDK-ARM Plus  Version: 5.24.1
Toolchain Path:  D:\A_Study & Work\STM32\Keil5\ARM\ARMCC\Bin
C Compiler:      Armcc.exe V5.06 update 5 (build 528)
Assembler:       Armasm.exe V5.06 update 5 (build 528)
Linker/Locator:  ArmLink.exe V5.06 update 5 (build 528)
Library Manager: ArmAr.exe V5.06 update 5 (build 528)
Hex Converter:   FromElf.exe V5.06 update 5 (build 528)
CPU DLL:         SARMCM3.DLL V5.24.1
Dialog DLL:      DCM.DLL V1.16.0.0
Target DLL:      CMSIS_AGDI.dll V1.28.3.0
Dialog DLL:      TCM.DLL V1.32.0.0
 
<h2>Project:</h2>
D:\A_Code_GitHub\RoboMaster-FrameWork\DT46_FrameWork_DJIC\MDK-ARM\BaseMood.uvprojx
Project File Date:  07/01/2026

<h2>Output:</h2>
*** Using Compiler 'V5.06 update 5 (build 528)', folder: 'D:\A_Study & Work\STM32\Keil5\ARM\ARMCC\Bin'
Build target 'BaseMood'
compiling VTCenter.c...
ABModule\VT\VT03Protocol.h(125): warning:  #1295-D: Deprecated declaration get_VideoTx_Ctl_point - give arg types
  const VideoTx_Ctrl_t* get_VideoTx_Ctl_point();
ABModule\VT\VTCenter.h(10): warning:  #1-D: last line of file ends without a newline
  #endif // VTCENTER_H_
ABModule\VT\VTCenter.c(45): warning:  #177-D: variable "temp_raw"  was declared but never referenced
      uint8_t temp_raw[RC_FRAME_SIZE];
ABModule\VT\VTCenter.c(55): warning:  #1-D: last line of file ends without a newline
  #endif /* BOARD_ID == GIMBAL_BOARD */
ABModule\VT\VTCenter.c(40): warning:  #550-D: variable "remain_VTTask"  was set but never used
  static UBaseType_t remain_VTTask;
ABModule\VT\VTCenter.c: 5 warnings, 0 errors
compiling usart.c...
linking...
Program Size: Code=54376 RO-data=2056 RW-data=576 ZI-data=35384  
FromELF: creating hex file...
"BaseMood\BaseMood.axf" - 0 Error(s), 5 Warning(s).

<h2>Software Packages used:</h2>

Package Vendor: ARM
                http://www.keil.com/pack/ARM.CMSIS.5.9.0.pack
                ARM.CMSIS.5.9.0
                CMSIS (Common Microcontroller Software Interface Standard)
   * Component: CORE Version: 5.6.0

Package Vendor: Keil
                http://www.keil.com/pack/Keil.STM32F4xx_DFP.2.15.0.pack
                Keil.STM32F4xx_DFP.2.15.0
                STMicroelectronics STM32F4 Series Device Support, Drivers and Examples

<h2>Collection of Component include folders:</h2>
  .\RTE\_BaseMood
  D:\A_Study & Work\STM32\Keil5\ARM\PACK\ARM\CMSIS\5.9.0\CMSIS\Core\Include
  D:\A_Study & Work\STM32\Keil5\ARM\PACK\Keil\STM32F4xx_DFP\2.15.0\Drivers\CMSIS\Device\ST\STM32F4xx\Include

<h2>Collection of Component Files used:</h2>

   * Component: ARM::CMSIS:CORE:5.6.0
      Include file:  CMSIS\Core\Include\tz_context.h
Build Time Elapsed:  00:00:04
</pre>
</body>
</html>
